I/APP     (  469): I 06/10/2012 23:53:38:065 000001e2              RhoRuby| require_compiled: rho/rhofsconnector
I/APP     (  469): I 06/10/2012 23:53:38:109 000001e2              RhoRuby| require_compiled: rhom/rhom_object_factory
I/APP     (  469): I 06/10/2012 23:53:38:602 000001e2              RhoRuby| require_compiled: rhom/rhom
I/APP     (  469): I 06/10/2012 23:53:38:687 000001e2              RhoRuby| require_compiled: rhom/rhom_model
I/APP     (  469): I 06/10/2012 23:53:38:753 000001e2              RhoRuby| require_compiled: rhom
I/APP     (  469): I 06/10/2012 23:53:38:760 000001e2              RhoRuby| require_compiled: rho/rhoapplication
I/APP     (  469): I 06/10/2012 23:53:38:851 000001e2              RhoRuby| require_compiled: rholang/localization_simplified
I/APP     (  469): I 06/10/2012 23:53:38:933 000001e2              RhoRuby| require_compiled: rho/rhomsg
I/APP     (  469): I 06/10/2012 23:53:38:952 000001e2              RhoRuby| require_compiled: rho/rhotabbar
I/APP     (  469): I 06/10/2012 23:53:38:986 000001e2              RhoRuby| require_compiled: rho/rhotoolbar
I/APP     (  469): I 06/10/2012 23:53:38:995 000001e2                  APP| Current locale: ; Country code: 
I/APP     (  469): I 06/10/2012 23:53:39:002 000001e2                  APP| Locilized file: /data/data/com.rhomobile.placardejiujitsu/rhodata/lib/rholang/lang_
I/APP     (  469): I 06/10/2012 23:53:39:018 000001e2              RhoRuby| require_compiled: /data/data/com.rhomobile.placardejiujitsu/rhodata/lib/rholang/lang_en
I/APP     (  469): I 06/10/2012 23:53:39:046 000001e2                  APP| Locilized file: /data/data/com.rhomobile.placardejiujitsu/rhodata/apps/app/lang/lang_
I/APP     (  469): I 06/10/2012 23:53:39:050 000001e2                  APP| Locilized file: /data/data/com.rhomobile.placardejiujitsu/rhodata/lib/rholang/rhoerror_
I/APP     (  469): I 06/10/2012 23:53:39:063 000001e2              RhoRuby| require_compiled: /data/data/com.rhomobile.placardejiujitsu/rhodata/lib/rholang/rhoerror_en
I/APP     (  469): I 06/10/2012 23:53:39:087 000001e2                  APP| Locilized file: /data/data/com.rhomobile.placardejiujitsu/rhodata/lib/rholang/rhomsg_
I/APP     (  469): I 06/10/2012 23:53:39:092 000001e2              RhoRuby| require_compiled: /data/data/com.rhomobile.placardejiujitsu/rhodata/lib/rholang/rhomsg_en
I/APP     (  469): I 06/10/2012 23:53:39:138 000001e2              RhoRuby| require_compiled: indifferent_access
I/APP     (  469): I 06/10/2012 23:53:39:193 000001e2              RhoRuby| require_compiled: rho/rhosupport
I/APP     (  469): I 06/10/2012 23:53:39:356 000001e2              RhoRuby| require_compiled: rho/rhocontroller
I/APP     (  469): I 06/10/2012 23:53:39:455 000001e2              RhoRuby| require_compiled: rho/render
I/APP     (  469): I 06/10/2012 23:53:39:544 000001e2              RhoRuby| require_compiled: rho/rho
E/webcoreglue(  469): The real object has been deleted
D/webviewglue(  469): nativeDestroy view: 0x45c898
D/dalvikvm(  469): GC freed 2742 objects / 412016 bytes in 82ms
I/APP     (  264): I 06/10/2012 23:53:39:819 00000114           HttpServer| Process URI: '/system/deactivateapp'
I/APP     (  469): I 06/10/2012 23:53:39:855 000001e2              RhoRuby| require_compiled: rho/rhoerror
I/APP     (  469): I 06/10/2012 23:53:39:875 000001e2              RhoRuby| require_compiled: rhom/rhom_source
I/APP     (  469): I 06/10/2012 23:53:39:909 000001e2              RhoRuby| require_compiled: rho/rhoviewhelpers
I/APP     (  469): I 06/10/2012 23:53:39:939 000001e2              RhoRuby| require_compiled: rho
I/APP     (  469): I 06/10/2012 23:53:39:971 000001e2                  APP| RHO loaded
I/APP     (  469): I 06/10/2012 23:53:39:973 000001e2                  APP| Calling RHO.initialize
I/APP     (  469): I 06/10/2012 23:53:39:980 000001e2                   DB| Open DB: /data/data/com.rhomobile.placardejiujitsu/rhodata/db/syncdbuser.sqlite
I/APP     (  469): I 06/10/2012 23:53:39:994 000001e2          GeoLocation| Creating singleton instance.
I/APP     (  469): I 06/10/2012 23:53:39:996 000001e2            RhodesApp| Starting sync engine...
I/APP     (  469): I 06/10/2012 23:53:39:998 000001e2                 Sync| sync_poll_interval: 0
I/APP     (  469): I 06/10/2012 23:53:39:999 000001e2                 Sync| syncserver: 
I/APP     (  469): I 06/10/2012 23:53:40:000 000001e2                 Sync| bulksync_state: 0
I/APP     (  469): I 06/10/2012 23:53:40:004 000001e2            RhodesApp| RhoRubyInitApp...
I/APP     (  469): I 06/10/2012 23:53:40:005 000001e2                  APP| init_app
I/APP     (  469): I 06/10/2012 23:53:40:010 000001e2              RhoRuby| require_compiled: application
I/APP     (  469): I 06/10/2012 23:53:40:060 000001e2                  APP| on_reinstall_config_update: {"LogToOutput"=>["0", "1"]}
I/APP     (  469): I 06/10/2012 23:53:40:067 000001e2           HttpServer| Start HTTP server
I/APP     (  469): I 06/10/2012 23:53:40:070 000001e2           HttpServer| Listen for connections on port 47443
I/APP     (  469): I 06/10/2012 23:53:40:072 000001e2         AppCallbacks| addCommand: LOCAL-SERVER-STARTED
I/APP     (  469): I 06/10/2012 23:53:40:073 000001e1         AppCallbacks| process command: LOCAL-SERVER-STARTED
I/APP     (  469): I 06/10/2012 23:53:40:081 000001e1           AppStarted| Handlers have completed.
I/APP     (  469): I 06/10/2012 23:53:40:085 000001e1         AppActivated| Handlers have completed.
I/APP     (  469): I 06/10/2012 23:53:40:087 000001e1    RhodesApplication| New AppState: AppActivated
I/APP     (  469): I 06/10/2012 23:53:40:089 000001e1         AppCallbacks| process command: UI-CREATED
I/APP     (  469): I 06/10/2012 23:53:40:111 000001e2           HttpServer| Process URI: '/system/uicreated'
I/APP     (  469): I 06/10/2012 23:53:40:115 000001e2                  APP| on_ui_created.navigate to start url: '/app'
I/APP     (  469): I 06/10/2012 23:53:40:120 000001d5         SplashScreen| navigate: url=http://localhost:47443/app
D/dalvikvm(  469): +++ not scanning '/system/lib/libwebcore.so' for 'howLongWaitMs' (wrong CL)
D/dalvikvm(  469): +++ not scanning '/system/lib/libmedia_jni.so' for 'howLongWaitMs' (wrong CL)
D/dalvikvm(  469): +++ not scanning '/system/lib/libexif.so' for 'howLongWaitMs' (wrong CL)
D/dalvikvm(  469): +++ not scanning '/system/lib/libsrec_jni.so' for 'howLongWaitMs' (wrong CL)
I/APP     (  469): I 06/10/2012 23:53:40:121 000001d5         SplashScreen| DELAY for SplashScreen = 0
V/SimpleMainView(  469): ms[1339372420134] processForNativeView : [http://localhost:47443/app]
D/dalvikvm(  469): +++ not scanning '/system/lib/libwebcore.so' for 'getFactoryHandleByViewType' (wrong CL)
D/dalvikvm(  469): +++ not scanning '/system/lib/libmedia_jni.so' for 'getFactoryHandleByViewType' (wrong CL)
D/dalvikvm(  469): +++ not scanning '/system/lib/libexif.so' for 'getFactoryHandleByViewType' (wrong CL)
D/dalvikvm(  469): +++ not scanning '/system/lib/libsrec_jni.so' for 'getFactoryHandleByViewType' (wrong CL)
I/APP     (  469): I 06/10/2012 23:53:40:147 000001d5       SimpleMainView| Cleared URL: http://localhost:47443/app
V/SimpleMainView.View(  469): ms[1339372420168]  Main Window :: onSizeChanged() old [ 480 x 762 ]  new [ 0 x 0 ]
I/APP     (  469): I 06/10/2012 23:53:40:185 000001e1         AppCallbacks| process command: APP-ACTIVATED
I/APP     (  469): I 06/10/2012 23:53:40:209 000001e2           HttpServer| Process URI: '/system/activateapp'
I/APP     (  469): I 06/10/2012 23:53:40:236 000001e1         AppCallbacks| ThreadQueue blocked for 4294967295 seconds...
I/APP     (  469): I 06/10/2012 23:53:40:390 000001e2           HttpServer| Process URI: '/app'
I/APP     (  469): I 06/10/2012 23:53:40:514 000001d5     RhoWebViewClient| Loading URL: http://localhost:47443/app/index_erb.iseq
I/APP     (  469): I 06/10/2012 23:53:40:534 000001e2           HttpServer| Process URI: '/app/index_erb.iseq'
I/APP     (  469): I 06/10/2012 23:53:40:540 000001e2                  APP| RHO serve_index: /app/index_erb.iseq
I/APP     (  469): I 06/10/2012 23:53:40:556 000001e2 RHO Rho::RhoController| inst_render_index
I/APP     (  469): I 06/10/2012 23:53:40:611 000001e2 RHO Rho::RhoController| index layout
I/APP     (  469): I 06/10/2012 23:53:40:728 000001e2           HttpServer| Process URI: '/public/jquery/jquery-1.6.4.min.js'
I/APP     (  469): I 06/10/2012 23:53:40:839 000001e2           HttpServer| Process URI: '/public/jquery/jquery.json-2.3.min.js'
I/APP     (  469): I 06/10/2012 23:53:40:901 000001e2           HttpServer| Process URI: '/public/jqmobile/jquery.mobile-1.0.1.min.css'
D/dalvikvm(  469): GC freed 1932 objects / 411704 bytes in 88ms
I/APP     (  469): I 06/10/2012 23:53:41:107 000001e2           HttpServer| Process URI: '/public/css/jqmobile-patch.css'
I/APP     (  469): I 06/10/2012 23:53:41:183 000001e2           HttpServer| Process URI: '/public/js/scoreboard.js'
I/APP     (  469): I 06/10/2012 23:53:41:242 000001e2           HttpServer| Process URI: '/public/jqmobile/jquery.mobile-1.0.1.min.js'
I/APP     (  469): I 06/10/2012 23:53:41:400 000001e2           HttpServer| Process URI: '/public/js/jqmobile-patch.js'
I/APP     (  469): I 06/10/2012 23:53:41:520 000001e2           HttpServer| Process URI: '/public/css/android.css'
I/APP     (  469): I 06/10/2012 23:53:41:615 000001e2           HttpServer| Process URI: '/public/css/layout.css'
I/APP     (  264): I 06/10/2012 23:53:42:002 00000108       RhodesActivity| onStop
W/InputManagerService(   53): Starting input on non-focused client com.android.internal.view.IInputMethodClient$Stub$Proxy@44d4fcf0 (uid=10028 pid=264)
I/APP     (  469): I 06/10/2012 23:53:47:817 000001e2           HttpServer| Process URI: '/public/jqmobile/images/icons-18-white.png'
I/APP     (  469): I 06/10/2012 23:53:47:857 000001e2           HttpServer| Process URI: '/public/jqmobile/images/icons-36-white.png'
D/dalvikvm(  264): GC freed 11135 objects / 274000 bytes in 3777ms
D/dalvikvm(  210): GC freed 43 objects / 2112 bytes in 2336ms
D/dalvikvm(   93): GC freed 13300 objects / 596640 bytes in 186ms
D/dalvikvm(  469): GC freed 12020 objects / 1228144 bytes in 149ms
D/dalvikvm(  264): GC freed 29372 objects / 706440 bytes in 213ms
W/ResourceType(   53): Resources don't contain package for resource number 0x7f060001
D/dalvikvm(   53): GC freed 11569 objects / 667064 bytes in 831ms
W/ResourceType(   53): Resources don't contain package for resource number 0x7f0700e5
W/ResourceType(   53): Resources don't contain package for resource number 0x7f020031
W/ResourceType(   53): Resources don't contain package for resource number 0x7f020030
W/ResourceType(   53): Resources don't contain package for resource number 0x7f050000
W/ResourceType(   53): Resources don't contain package for resource number 0x7f060000
W/ResourceType(   53): Resources don't contain package for resource number 0x7f060001
D/dalvikvm(   53): GC freed 2532 objects / 174552 bytes in 204ms
D/AndroidRuntime(  422): 
D/AndroidRuntime(  422): >>>>>>>>>>>>>> AndroidRuntime START <<<<<<<<<<<<<<
D/AndroidRuntime(  422): CheckJNI is ON
D/AndroidRuntime(  422): --- registering native functions ---
D/dalvikvm(   97): GC freed 2294 objects / 134552 bytes in 2243ms
I/ActivityManager(   53): Starting activity: Intent { act=android.intent.action.MAIN flg=0x10000000 cmp=com.rhomobile.placardejiujitsu/com.rhomobile.rhodes.RhodesActivity }
D/PhoneWindow(  264): couldn't save which view has focus because the focused view android.webkit.WebView@44eedb78 has no id.
I/APP     (  264): I 06/10/2012 23:34:47:612 00000108       RhodesActivity| onPause
D/AndroidRuntime(  422): Shutting down VM
D/dalvikvm(  422): DestroyJavaVM waiting for non-daemon threads to exit
D/dalvikvm(  422): DestroyJavaVM shutting VM down
D/dalvikvm(  422): HeapWorker thread shutting down
D/dalvikvm(  422): HeapWorker thread has shut down
D/jdwp    (  422): JDWP shutting down net...
I/jdwp    (  422): adbd disconnected
D/dalvikvm(  422): VM cleaning up
D/dalvikvm(  422): LinearAlloc 0x0 used 637292 of 5242880 (12%)
E/AndroidRuntime(  422): ERROR: thread attach failed
I/APP     (  264): I 06/10/2012 23:34:47:726 00000114           HttpServer| Process URI: '/system/uidestroyed'
I/APP     (  264): I 06/10/2012 23:34:47:805 00000108         AppActivated| Handlers have completed.
I/APP     (  264): I 06/10/2012 23:34:47:853 00000108    RhodesApplication| New UiState: MainActivityPaused
I/ActivityManager(   53): Start proc com.rhomobile.placardejiujitsu for activity com.rhomobile.placardejiujitsu/com.rhomobile.rhodes.RhodesActivity: pid=429 uid=10029 gids={3003}
I/APP     (  264): I 06/10/2012 23:34:48:334 00000108       AppDeactivated| Handlers have completed.
D/dalvikvm(  429): Trying to load lib /data/data/com.rhomobile.placardejiujitsu/lib/librhodes.so 0x44e8c9e0
D/dalvikvm(  429): Added shared lib /data/data/com.rhomobile.placardejiujitsu/lib/librhodes.so 0x44e8c9e0
I/ActivityThread(  429): Publishing provider com.rhomobile.placardejiujitsu: com.rhomobile.rhodes.LocalFileProvider
I/RhodesApplication(  429): Initializing...
D/dalvikvm(  429): +++ not scanning '/system/lib/libwebcore.so' for 'T' (wrong CL)
D/dalvikvm(  429): +++ not scanning '/system/lib/libmedia_jni.so' for 'T' (wrong CL)
D/dalvikvm(  429): +++ not scanning '/system/lib/libexif.so' for 'T' (wrong CL)
D/dalvikvm(  429): +++ not scanning '/system/lib/libsrec_jni.so' for 'T' (wrong CL)
D/dalvikvm(  429): +++ not scanning '/system/lib/libwebcore.so' for 'initClassLoader' (wrong CL)
D/dalvikvm(  429): +++ not scanning '/system/lib/libmedia_jni.so' for 'initClassLoader' (wrong CL)
D/dalvikvm(  429): +++ not scanning '/system/lib/libexif.so' for 'initClassLoader' (wrong CL)
D/dalvikvm(  429): +++ not scanning '/system/lib/libsrec_jni.so' for 'initClassLoader' (wrong CL)
D/RhoFileApi(  429): App root path: /data/data/com.rhomobile.placardejiujitsu/rhodata/
D/RhoFileApi(  429): Sqlite journals path: /data/data/com.rhomobile.placardejiujitsu/sqlite_stmt_journals/
D/dalvikvm(  429): +++ not scanning '/system/lib/libwebcore.so' for 'nativeInitPath' (wrong CL)
D/dalvikvm(  429): +++ not scanning '/system/lib/libmedia_jni.so' for 'nativeInitPath' (wrong CL)
D/dalvikvm(  429): +++ not scanning '/system/lib/libexif.so' for 'nativeInitPath' (wrong CL)
D/dalvikvm(  429): +++ not scanning '/system/lib/libsrec_jni.so' for 'nativeInitPath' (wrong CL)
D/RhodesApplication(  429): Root path: /data/data/com.rhomobile.placardejiujitsu/rhodata/
D/dalvikvm(  429): +++ not scanning '/system/lib/libwebcore.so' for 'nativeInit' (wrong CL)
D/dalvikvm(  429): +++ not scanning '/system/lib/libmedia_jni.so' for 'nativeInit' (wrong CL)
D/dalvikvm(  429): +++ not scanning '/system/lib/libexif.so' for 'nativeInit' (wrong CL)
D/dalvikvm(  429): +++ not scanning '/system/lib/libsrec_jni.so' for 'nativeInit' (wrong CL)
I/global  (  429): Default buffer size used in BufferedReader constructor. It would be better to be explicit if an 8k-char buffer is required.
D/dalvikvm(  429): +++ not scanning '/system/lib/libwebcore.so' for 'updateStatTable' (wrong CL)
D/dalvikvm(  429): +++ not scanning '/system/lib/libmedia_jni.so' for 'updateStatTable' (wrong CL)
D/dalvikvm(  429): +++ not scanning '/system/lib/libexif.so' for 'updateStatTable' (wrong CL)
D/dalvikvm(  429): +++ not scanning '/system/lib/libsrec_jni.so' for 'updateStatTable' (wrong CL)
I/RhodesApplication(  429): Application hash was changed
D/RhoFileApi(  429): App root path: /data/data/com.rhomobile.placardejiujitsu/rhodata/
D/RhoFileApi(  429): Sqlite journals path: /data/data/com.rhomobile.placardejiujitsu/sqlite_stmt_journals/
D/RhodesApplication(  429): Root path: /data/data/com.rhomobile.placardejiujitsu/rhodata/
I/global  (  429): Default buffer size used in BufferedReader constructor. It would be better to be explicit if an 8k-char buffer is required.
I/APP     (  264): I 06/10/2012 23:34:48:738 00000108    RhodesApplication| New AppState: AppDeactivated
D/RhoFileApi(  429): Copy hash to FS
D/RhoFileApi(  429): File hash copied
I/APP     (  264): I 06/10/2012 23:34:48:772 00000108        RhodesService| activityStopped() temporary release wakeLock object
D/dalvikvm(  429): +++ not scanning '/system/lib/libwebcore.so' for 'setupRhodesApp' (wrong CL)
D/dalvikvm(  429): +++ not scanning '/system/lib/libmedia_jni.so' for 'setupRhodesApp' (wrong CL)
D/dalvikvm(  429): +++ not scanning '/system/lib/libexif.so' for 'setupRhodesApp' (wrong CL)
D/dalvikvm(  429): +++ not scanning '/system/lib/libsrec_jni.so' for 'setupRhodesApp' (wrong CL)
I/APP     (  264): I 06/10/2012 23:34:48:834 00000108            RhodesApp| callAppActiveCallback
I/APP     (  264): I 06/10/2012 23:34:48:836 00000108         AppCallbacks| addCommand: APP-DEACTIVATED
I/RhodesApplication(  429): Initialized
D/dalvikvm(  429): +++ not scanning '/system/lib/libwebcore.so' for 'D' (wrong CL)
D/dalvikvm(  429): +++ not scanning '/system/lib/libmedia_jni.so' for 'D' (wrong CL)
D/dalvikvm(  429): +++ not scanning '/system/lib/libexif.so' for 'D' (wrong CL)
D/dalvikvm(  429): +++ not scanning '/system/lib/libsrec_jni.so' for 'D' (wrong CL)
I/APP     (  429): I 06/10/2012 23:34:48:901 000001ad         BaseActivity| Resources orientation: 1
I/APP     (  429): I 06/10/2012 23:34:48:909 000001ad         BaseActivity| New screen properties - width: 480, height: 800, orientation: 1
D/dalvikvm(  429): +++ not scanning '/system/lib/libwebcore.so' for 'I' (wrong CL)
D/dalvikvm(  429): +++ not scanning '/system/lib/libmedia_jni.so' for 'I' (wrong CL)
D/dalvikvm(  429): +++ not scanning '/system/lib/libexif.so' for 'I' (wrong CL)
D/dalvikvm(  429): +++ not scanning '/system/lib/libsrec_jni.so' for 'I' (wrong CL)
I/APP     (  429): I 06/10/2012 23:34:48:913 000001ad               Camera| Camera capability is not enabled !
I/APP     (  429): I 06/10/2012 23:34:48:914 000001ad               Camera| Camera capability is not enabled !
D/dalvikvm(  429): +++ not scanning '/system/lib/libwebcore.so' for 'isTitleEnabled' (wrong CL)
D/dalvikvm(  429): +++ not scanning '/system/lib/libmedia_jni.so' for 'isTitleEnabled' (wrong CL)
D/dalvikvm(  429): +++ not scanning '/system/lib/libexif.so' for 'isTitleEnabled' (wrong CL)
D/dalvikvm(  429): +++ not scanning '/system/lib/libsrec_jni.so' for 'isTitleEnabled' (wrong CL)
I/APP     (  264): I 06/10/2012 23:34:48:943 00000113         AppCallbacks| process command: APP-DEACTIVATED
I/APP     (  264): I 06/10/2012 23:34:48:963 00000113         AppCallbacks| ThreadQueue blocked for 4294967295 seconds...
D/dalvikvm(  429): GC freed 5094 objects / 341864 bytes in 132ms
D/dalvikvm(  429): +++ not scanning '/system/lib/libwebcore.so' for 'getBool' (wrong CL)
D/dalvikvm(  429): +++ not scanning '/system/lib/libmedia_jni.so' for 'getBool' (wrong CL)
D/dalvikvm(  429): +++ not scanning '/system/lib/libexif.so' for 'getBool' (wrong CL)
D/dalvikvm(  429): +++ not scanning '/system/lib/libsrec_jni.so' for 'getBool' (wrong CL)
I/APP     (  429): I 06/10/2012 23:34:49:533 000001ad            Undefined| Handlers have completed.
I/APP     (  429): I 06/10/2012 23:34:49:555 000001ad    RhodesApplication| New UiState: MainActivityCreated
I/APP     (  429): I 06/10/2012 23:34:49:557 000001ad       RhodesActivity| onStart
I/APP     (  429): I 06/10/2012 23:34:49:560 000001ad            Undefined| Handlers have completed.
I/APP     (  429): I 06/10/2012 23:34:49:561 000001ad    RhodesApplication| New UiState: MainActivityStarted
I/APP     (  429): I 06/10/2012 23:34:49:565 000001ad       RhodesActivity| onResume
I/APP     (  429): I 06/10/2012 23:34:49:606 000001ad        RhodesService| onCreate
I/APP     (  429): I 06/10/2012 23:34:49:637 000001ad    LocalFileProvider| Revoke URI permissions: content:///com.rhomobile.placardejiujitsu
W/ActivityManager(   53): No content provider found for: 
I/APP     (  429): I 06/10/2012 23:34:49:643 000001ad               Rhodes| Loading...
D/dalvikvm(  429): +++ not scanning '/system/lib/libwebcore.so' for 'createRhodesApp' (wrong CL)
D/dalvikvm(  429): +++ not scanning '/system/lib/libmedia_jni.so' for 'createRhodesApp' (wrong CL)
D/dalvikvm(  429): +++ not scanning '/system/lib/libexif.so' for 'createRhodesApp' (wrong CL)
D/dalvikvm(  429): +++ not scanning '/system/lib/libsrec_jni.so' for 'createRhodesApp' (wrong CL)
I/APP     (  429): I 06/10/2012 23:34:49:654 000001ad            RhodesApp| Trying to get free listening port.
I/APP     (  429): I 06/10/2012 23:34:49:663 000001ad            RhodesApp| Trying to bind of 0 port...
I/APP     (  429): I 06/10/2012 23:34:49:671 000001ad            RhodesApp| Got port to bind on: 46840
I/APP     (  429): I 06/10/2012 23:34:49:673 000001b8         AppCallbacks| Starting main routine...
I/APP     (  429): I 06/10/2012 23:34:49:674 000001ad            RhodesApp| Free listening port: 46840
D/dalvikvm(  429): +++ not scanning '/system/lib/libwebcore.so' for 'nativeStart' (wrong CL)
I/APP     (  429): I 06/10/2012 23:34:49:677 000001b8         AppCallbacks| ThreadQueue blocked for 4294967295 seconds...
D/dalvikvm(  429): +++ not scanning '/system/lib/libmedia_jni.so' for 'nativeStart' (wrong CL)
D/dalvikvm(  429): +++ not scanning '/system/lib/libexif.so' for 'nativeStart' (wrong CL)
D/dalvikvm(  429): +++ not scanning '/system/lib/libsrec_jni.so' for 'nativeStart' (wrong CL)
D/dalvikvm(  429): +++ not scanning '/system/lib/libwebcore.so' for 'isExist' (wrong CL)
D/dalvikvm(  429): +++ not scanning '/system/lib/libmedia_jni.so' for 'isExist' (wrong CL)
D/dalvikvm(  429): +++ not scanning '/system/lib/libexif.so' for 'isExist' (wrong CL)
D/dalvikvm(  429): +++ not scanning '/system/lib/libsrec_jni.so' for 'isExist' (wrong CL)
I/APP     (  429): I 06/10/2012 23:34:49:947 000001ad        RhodesService| Push is disabled
D/dalvikvm(  429): +++ not scanning '/system/lib/libwebcore.so' for 'startRhodesApp' (wrong CL)
D/dalvikvm(  429): +++ not scanning '/system/lib/libmedia_jni.so' for 'startRhodesApp' (wrong CL)
D/dalvikvm(  429): +++ not scanning '/system/lib/libexif.so' for 'startRhodesApp' (wrong CL)
D/dalvikvm(  429): +++ not scanning '/system/lib/libsrec_jni.so' for 'startRhodesApp' (wrong CL)
D/dalvikvm(  429): +++ not scanning '/system/lib/libwebcore.so' for 'callActivationCallback' (wrong CL)
D/dalvikvm(  429): +++ not scanning '/system/lib/libmedia_jni.so' for 'callActivationCallback' (wrong CL)
D/dalvikvm(  429): +++ not scanning '/system/lib/libexif.so' for 'callActivationCallback' (wrong CL)
D/dalvikvm(  429): +++ not scanning '/system/lib/libsrec_jni.so' for 'callActivationCallback' (wrong CL)
I/APP     (  429): I 06/10/2012 23:34:49:965 000001ad            RhodesApp| callAppActiveCallback
I/APP     (  429): I 06/10/2012 23:34:49:967 000001ad         AppCallbacks| addCommand: APP-ACTIVATED
I/APP     (  429): I 06/10/2012 23:34:49:968 000001b8         AppCallbacks| Received command APP-ACTIVATED which is greater than expected (LOCAL-SERVER-STARTED) - postpone it
I/APP     (  429): I 06/10/2012 23:34:49:969 000001b8         AppCallbacks| ThreadQueue blocked for 4294967295 seconds...
I/APP     (  429): I 06/10/2012 23:34:49:972 000001ad         AppActivated| Cannot commit now, application will be activated when started.
I/APP     (  429): I 06/10/2012 23:34:49:973 000001ad            Undefined| Handlers have completed.
I/APP     (  429): I 06/10/2012 23:34:49:979 000001b9            RhodesApp| Starting RhodesApp main routine...
I/APP     (  429): I 06/10/2012 23:34:49:985 000001ad    RhodesApplication| New AppState: Undefined
D/RhodesService(  429): +++ onStartCommand
I/RhodesService(  429): handleCommand: startId=1, source=com.rhomobile.rhodes.BaseActivity
D/RhodesService(  429): New activity was created
W/webcore (  429): Can't get the viewWidth after the first layout
I/APP     (  429): I 06/10/2012 23:34:50:003 000001ad        RhodesService| onBind
D/dalvikvm(  429): +++ not scanning '/system/lib/libwebcore.so' for 'callUiCreatedCallback' (wrong CL)
D/dalvikvm(  429): +++ not scanning '/system/lib/libmedia_jni.so' for 'callUiCreatedCallback' (wrong CL)
D/dalvikvm(  429): +++ not scanning '/system/lib/libexif.so' for 'callUiCreatedCallback' (wrong CL)
D/dalvikvm(  429): +++ not scanning '/system/lib/libsrec_jni.so' for 'callUiCreatedCallback' (wrong CL)
I/APP     (  429): I 06/10/2012 23:34:50:055 000001ad         AppCallbacks| addCommand: UI-CREATED
I/APP     (  429): I 06/10/2012 23:34:50:059 000001b8         AppCallbacks| Received command UI-CREATED which is greater than expected (LOCAL-SERVER-STARTED) - postpone it
I/APP     (  429): I 06/10/2012 23:34:50:060 000001b8         AppCallbacks| ThreadQueue blocked for 4294967295 seconds...
I/APP     (  429): I 06/10/2012 23:34:50:223 000001ad       RhodesActivity| onServiceConnected: {com.rhomobile.placardejiujitsu/com.rhomobile.rhodes.RhodesService}
I/APP     (  429): I 06/10/2012 23:34:50:225 000001ad       RhodesActivity| New start parameters: 
D/dalvikvm(  429): +++ not scanning '/system/lib/libwebcore.so' for 'canStartApp' (wrong CL)
D/dalvikvm(  429): +++ not scanning '/system/lib/libmedia_jni.so' for 'canStartApp' (wrong CL)
D/dalvikvm(  429): +++ not scanning '/system/lib/libexif.so' for 'canStartApp' (wrong CL)
D/dalvikvm(  429): +++ not scanning '/system/lib/libsrec_jni.so' for 'canStartApp' (wrong CL)
I/APP     (  429): I 06/10/2012 23:34:50:232 000001ad            RhodesApp| New start params: 
I/APP     (  264): I 06/10/2012 23:34:50:425 00000114           HttpServer| Process URI: '/system/deactivateapp'
I/APP     (  429): I 06/10/2012 23:34:50:632 000001b9              RhoRuby| Init_RhoBlobs: /data/data/com.rhomobile.placardejiujitsu/rhodata/db/db-files
I/APP     (  429): I 06/10/2012 23:34:50:687 000001b9              RhoRuby| require_compiled: rhoframework
I/APP     (  429): I 06/10/2012 23:34:50:798 000001b9              RhoRuby| require_compiled: rational
I/APP     (  429): I 06/10/2012 23:34:50:819 000001b9              RhoRuby| require_compiled: rhom/rhom_db_adapter
I/APP     (  429): I 06/10/2012 23:34:50:935 000001b9              RhoRuby| require_compiled: rhodes
I/APP     (  429): I 06/10/2012 23:34:50:947 000001b9              RhoRuby| require_compiled: rhom/rhom_object
I/APP     (  429): I 06/10/2012 23:34:50:987 000001b9              RhoRuby| require_compiled: rhofsconnector
I/APP     (  429): I 06/10/2012 23:34:50:993 000001b9              RhoRuby| require_compiled: rho/rhofsconnector
I/APP     (  429): I 06/10/2012 23:34:51:028 000001b9              RhoRuby| require_compiled: rhom/rhom_object_factory
I/ActivityManager(   53): Displayed activity com.rhomobile.placardejiujitsu/com.rhomobile.rhodes.RhodesActivity: 3191 ms (total 3191 ms)
I/APP     (  429): I 06/10/2012 23:34:51:771 000001b9              RhoRuby| require_compiled: rhom/rhom
I/APP     (  429): I 06/10/2012 23:34:51:814 000001b9              RhoRuby| require_compiled: rhom/rhom_model
I/APP     (  429): I 06/10/2012 23:34:51:862 000001b9              RhoRuby| require_compiled: rhom
I/APP     (  429): I 06/10/2012 23:34:51:874 000001b9              RhoRuby| require_compiled: rho/rhoapplication
I/APP     (  264): I 06/10/2012 23:34:51:947 00000108       RhodesActivity| onStop
I/APP     (  429): I 06/10/2012 23:34:51:972 000001b9              RhoRuby| require_compiled: rholang/localization_simplified
I/APP     (  429): I 06/10/2012 23:34:52:097 000001b9              RhoRuby| require_compiled: rho/rhomsg
I/APP     (  429): I 06/10/2012 23:34:52:105 000001b9              RhoRuby| require_compiled: rho/rhotabbar
I/APP     (  429): I 06/10/2012 23:34:52:143 000001b9              RhoRuby| require_compiled: rho/rhotoolbar
I/APP     (  429): I 06/10/2012 23:34:52:172 000001b9                  APP| Current locale: ; Country code: 
I/APP     (  429): I 06/10/2012 23:34:52:193 000001b9                  APP| Locilized file: /data/data/com.rhomobile.placardejiujitsu/rhodata/lib/rholang/lang_
I/APP     (  429): I 06/10/2012 23:34:52:203 000001b9              RhoRuby| require_compiled: /data/data/com.rhomobile.placardejiujitsu/rhodata/lib/rholang/lang_en
I/APP     (  429): I 06/10/2012 23:34:52:260 000001b9                  APP| Locilized file: /data/data/com.rhomobile.placardejiujitsu/rhodata/apps/app/lang/lang_
I/APP     (  429): I 06/10/2012 23:34:52:269 000001b9                  APP| Locilized file: /data/data/com.rhomobile.placardejiujitsu/rhodata/lib/rholang/rhoerror_
I/APP     (  429): I 06/10/2012 23:34:52:272 000001b9              RhoRuby| require_compiled: /data/data/com.rhomobile.placardejiujitsu/rhodata/lib/rholang/rhoerror_en
I/APP     (  429): I 06/10/2012 23:34:52:287 000001b9                  APP| Locilized file: /data/data/com.rhomobile.placardejiujitsu/rhodata/lib/rholang/rhomsg_
I/APP     (  429): I 06/10/2012 23:34:52:291 000001b9              RhoRuby| require_compiled: /data/data/com.rhomobile.placardejiujitsu/rhodata/lib/rholang/rhomsg_en
I/APP     (  429): I 06/10/2012 23:34:52:304 000001b9              RhoRuby| require_compiled: indifferent_access
I/APP     (  429): I 06/10/2012 23:34:52:349 000001b9              RhoRuby| require_compiled: rho/rhosupport
I/APP     (  429): I 06/10/2012 23:34:52:396 000001b9              RhoRuby| require_compiled: rho/rhocontroller
I/APP     (  429): I 06/10/2012 23:34:52:426 000001b9              RhoRuby| require_compiled: rho/render
I/APP     (  429): I 06/10/2012 23:34:52:496 000001b9              RhoRuby| require_compiled: rho/rho
E/webcoreglue(  429): The real object has been deleted
D/webviewglue(  429): nativeDestroy view: 0x45a2d0
D/dalvikvm(  429): GC freed 2537 objects / 406576 bytes in 77ms
W/InputManagerService(   53): Starting input on non-focused client com.android.internal.view.IInputMethodClient$Stub$Proxy@44d4fcf0 (uid=10028 pid=264)
I/APP     (  429): I 06/10/2012 23:34:52:813 000001b9              RhoRuby| require_compiled: rho/rhoerror
I/APP     (  429): I 06/10/2012 23:34:52:825 000001b9              RhoRuby| require_compiled: rhom/rhom_source
I/APP     (  429): I 06/10/2012 23:34:52:862 000001b9              RhoRuby| require_compiled: rho/rhoviewhelpers
I/APP     (  429): I 06/10/2012 23:34:52:892 000001b9              RhoRuby| require_compiled: rho
I/APP     (  429): I 06/10/2012 23:34:52:898 000001b9                  APP| RHO loaded
I/APP     (  429): I 06/10/2012 23:34:52:900 000001b9                  APP| Calling RHO.initialize
I/APP     (  429): I 06/10/2012 23:34:52:907 000001b9                   DB| Open DB: /data/data/com.rhomobile.placardejiujitsu/rhodata/db/syncdbuser.sqlite
I/APP     (  429): I 06/10/2012 23:34:52:921 000001b9          GeoLocation| Creating singleton instance.
I/APP     (  429): I 06/10/2012 23:34:52:924 000001b9            RhodesApp| Starting sync engine...
I/APP     (  429): I 06/10/2012 23:34:52:926 000001b9                 Sync| sync_poll_interval: 0
I/APP     (  429): I 06/10/2012 23:34:52:928 000001b9                 Sync| syncserver: 
I/APP     (  429): I 06/10/2012 23:34:52:929 000001b9                 Sync| bulksync_state: 0
I/APP     (  429): I 06/10/2012 23:34:52:931 000001b9            RhodesApp| RhoRubyInitApp...
I/APP     (  429): I 06/10/2012 23:34:52:934 000001b9                  APP| init_app
I/APP     (  429): I 06/10/2012 23:34:52:939 000001b9              RhoRuby| require_compiled: application
I/APP     (  429): I 06/10/2012 23:34:52:992 000001b9                  APP| on_reinstall_config_update: {"LogToOutput"=>["0", "1"]}
I/APP     (  429): I 06/10/2012 23:34:52:998 000001b9           HttpServer| Start HTTP server
I/APP     (  429): I 06/10/2012 23:34:53:002 000001b9           HttpServer| Listen for connections on port 46840
I/APP     (  429): I 06/10/2012 23:34:53:004 000001b9         AppCallbacks| addCommand: LOCAL-SERVER-STARTED
I/APP     (  429): I 06/10/2012 23:34:53:005 000001b8         AppCallbacks| process command: LOCAL-SERVER-STARTED
I/APP     (  429): I 06/10/2012 23:34:53:011 000001b8           AppStarted| Handlers have completed.
I/APP     (  429): I 06/10/2012 23:34:53:014 000001b8         AppActivated| Handlers have completed.
I/APP     (  429): I 06/10/2012 23:34:53:015 000001b8    RhodesApplication| New AppState: AppActivated
I/APP     (  429): I 06/10/2012 23:34:53:018 000001b8         AppCallbacks| process command: UI-CREATED
I/APP     (  429): I 06/10/2012 23:34:53:040 000001b9           HttpServer| Process URI: '/system/uicreated'
I/APP     (  429): I 06/10/2012 23:34:53:044 000001b9                  APP| on_ui_created.navigate to start url: '/app'
I/APP     (  429): I 06/10/2012 23:34:53:048 000001ad         SplashScreen| navigate: url=http://localhost:46840/app
D/dalvikvm(  429): +++ not scanning '/system/lib/libwebcore.so' for 'howLongWaitMs' (wrong CL)
D/dalvikvm(  429): +++ not scanning '/system/lib/libmedia_jni.so' for 'howLongWaitMs' (wrong CL)
D/dalvikvm(  429): +++ not scanning '/system/lib/libexif.so' for 'howLongWaitMs' (wrong CL)
D/dalvikvm(  429): +++ not scanning '/system/lib/libsrec_jni.so' for 'howLongWaitMs' (wrong CL)
I/APP     (  429): I 06/10/2012 23:34:53:049 000001ad         SplashScreen| DELAY for SplashScreen = 0
V/SimpleMainView(  429): ms[1339371293062] processForNativeView : [http://localhost:46840/app]
D/dalvikvm(  429): +++ not scanning '/system/lib/libwebcore.so' for 'getFactoryHandleByViewType' (wrong CL)
D/dalvikvm(  429): +++ not scanning '/system/lib/libmedia_jni.so' for 'getFactoryHandleByViewType' (wrong CL)
D/dalvikvm(  429): +++ not scanning '/system/lib/libexif.so' for 'getFactoryHandleByViewType' (wrong CL)
D/dalvikvm(  429): +++ not scanning '/system/lib/libsrec_jni.so' for 'getFactoryHandleByViewType' (wrong CL)
I/APP     (  429): I 06/10/2012 23:34:53:086 000001ad       SimpleMainView| Cleared URL: http://localhost:46840/app
V/SimpleMainView.View(  429): ms[1339371293094]  Main Window :: onSizeChanged() old [ 480 x 762 ]  new [ 0 x 0 ]
I/APP     (  429): I 06/10/2012 23:34:53:116 000001b8         AppCallbacks| process command: APP-ACTIVATED
I/APP     (  429): I 06/10/2012 23:34:53:125 000001b9           HttpServer| Process URI: '/system/activateapp'
I/APP     (  429): I 06/10/2012 23:34:53:144 000001b8         AppCallbacks| ThreadQueue blocked for 4294967295 seconds...
I/APP     (  429): I 06/10/2012 23:34:53:272 000001b9           HttpServer| Process URI: '/app'
I/APP     (  429): I 06/10/2012 23:34:53:345 000001ad     RhoWebViewClient| Loading URL: http://localhost:46840/app/index_erb.iseq
I/APP     (  429): I 06/10/2012 23:34:53:366 000001b9           HttpServer| Process URI: '/app/index_erb.iseq'
I/APP     (  429): I 06/10/2012 23:34:53:381 000001b9                  APP| RHO serve_index: /app/index_erb.iseq
I/APP     (  429): I 06/10/2012 23:34:53:390 000001b9 RHO Rho::RhoController| inst_render_index
I/APP     (  429): I 06/10/2012 23:34:53:439 000001b9 RHO Rho::RhoController| index layout
I/APP     (  429): I 06/10/2012 23:34:53:562 000001b9           HttpServer| Process URI: '/public/jquery/jquery-1.6.4.min.js'
I/APP     (  429): I 06/10/2012 23:34:53:709 000001b9           HttpServer| Process URI: '/public/jquery/jquery.json-2.3.min.js'
I/APP     (  429): I 06/10/2012 23:34:53:773 000001b9           HttpServer| Process URI: '/public/jqmobile/jquery.mobile-1.0.1.min.css'
D/dalvikvm(  429): GC freed 1905 objects / 410512 bytes in 83ms
I/APP     (  429): I 06/10/2012 23:34:53:979 000001b9           HttpServer| Process URI: '/public/css/jqmobile-patch.css'
I/APP     (  429): I 06/10/2012 23:34:54:035 000001b9           HttpServer| Process URI: '/public/js/scoreboard.js'
I/APP     (  429): I 06/10/2012 23:34:54:091 000001b9           HttpServer| Process URI: '/public/jqmobile/jquery.mobile-1.0.1.min.js'
I/APP     (  429): I 06/10/2012 23:34:54:221 000001b9           HttpServer| Process URI: '/public/js/jqmobile-patch.js'
I/APP     (  429): I 06/10/2012 23:34:54:327 000001b9           HttpServer| Process URI: '/public/css/android.css'
I/APP     (  429): I 06/10/2012 23:34:54:416 000001b9           HttpServer| Process URI: '/public/css/layout.css'
D/dalvikvm(  264): GC freed 7395 objects / 183672 bytes in 4720ms
I/APP     (  429): I 06/10/2012 23:35:01:360 000001b9           HttpServer| Process URI: '/public/jqmobile/images/icons-18-white.png'
I/APP     (  429): I 06/10/2012 23:35:01:438 000001b9           HttpServer| Process URI: '/public/jqmobile/images/icons-36-white.png'
D/dalvikvm(  210): GC freed 43 objects / 2112 bytes in 149ms
D/dalvikvm(  429): GC freed 12036 objects / 1230024 bytes in 79ms
D/dalvikvm(  264): GC freed 29373 objects / 706448 bytes in 191ms
D/dalvikvm(  429): GC freed 29280 objects / 707536 bytes in 87ms
D/dalvikvm(   53): threadid=15: bogus mon 1+0>0; adjusting
D/AndroidRuntime(  452): 
D/AndroidRuntime(  452): >>>>>>>>>>>>>> AndroidRuntime START <<<<<<<<<<<<<<
D/AndroidRuntime(  452): CheckJNI is ON
D/AndroidRuntime(  452): --- registering native functions ---
D/PackageParser(   53): Scanning package: /data/app/vmdl32287.tmp
D/dalvikvm(   53): GC freed 21025 objects / 1220384 bytes in 149ms
I/PackageManager(   53): Removing non-system package:com.rhomobile.placardejiujitsu
D/PackageManager(   53): Removing package com.rhomobile.placardejiujitsu
D/PackageManager(   53): Unregistered content provider: com.rhomobile.placardejiujitsu, className = com.rhomobile.rhodes.LocalFileProvider, isSyncable = false
D/PackageManager(   53):   Providers: com.rhomobile.rhodes.LocalFileProvider
D/PackageManager(   53):   Services: com.rhomobile.rhodes.RhodesService
D/PackageManager(   53):   Activities: com.rhomobile.rhodes.RhodesActivity com.rhomobile.rhodes.alert.PopupActivity com.rhomobile.rhodes.camera.FileList com.rhomobile.rhodes.camera.ImageCapture com.rhomobile.rhodes.signature.ImageCapture com.rhomobile.rhodes.datetime.DateTimePickerScreen com.rhomobile.rhodes.mapview.MapView com.rhomobile.rhodes.mapview.GoogleMapView com.rhomobile.rhodes.bluetooth.RhoBluetoothDeviceListActivity
D/PackageManager(   53): Scanning package com.rhomobile.placardejiujitsu
I/PackageManager(   53): /data/app/vmdl32287.tmp changed; unpacking
D/PackageManager(   53): Caching shared lib lib/armeabi/librhodes.so
D/installd(   32): DexInv: --- BEGIN '/data/app/vmdl32287.tmp' ---
D/dalvikvm(  458): DexOpt: load 121ms, verify 789ms, opt 22ms
D/installd(   32): DexInv: --- END '/data/app/vmdl32287.tmp' (success) ---
D/ActivityManager(   53): Uninstalling process com.rhomobile.placardejiujitsu
D/ActivityManager(   53): Force removing process ProcessRecord{44d99aa8 429:com.rhomobile.placardejiujitsu/10029} (com.rhomobile.placardejiujitsu/10029)
W/ActivityManager(   53): Scheduling restart of crashed service com.rhomobile.placardejiujitsu/com.rhomobile.rhodes.RhodesService in 5000ms
I/Process (   53): Sending signal. PID: 429 SIG: 9
I/APP     (  264): I 06/10/2012 23:53:30:428 00000108            RhodesApp| callAppActiveCallback
I/APP     (  264): I 06/10/2012 23:53:30:431 00000108         AppCallbacks| addCommand: APP-ACTIVATED
I/APP     (  264): I 06/10/2012 23:53:30:433 00000108         AppActivated| Handlers have completed.
I/APP     (  264): I 06/10/2012 23:53:30:436 00000108    RhodesApplication| New AppState: AppActivated
I/APP     (  264): I 06/10/2012 23:53:30:436 00000108       RhodesActivity| onStart
I/APP     (  264): I 06/10/2012 23:53:30:440 00000108         AppActivated| Handlers have completed.
I/APP     (  264): I 06/10/2012 23:53:30:441 00000108    RhodesApplication| New UiState: MainActivityStarted
I/APP     (  264): I 06/10/2012 23:53:30:442 00000108       RhodesActivity| onResume
I/UsageStats(   53): Unexpected resume of com.rhomobile.xdojoplacardejiujitsu while already resumed in com.rhomobile.placardejiujitsu
I/APP     (  264): I 06/10/2012 23:53:30:468 00000113            RhodesApp| restart local server.
I/APP     (  264): I 06/10/2012 23:53:30:470 00000113           HttpServer| Stopping server...
I/APP     (  264): I 06/10/2012 23:53:30:481 00000114           HttpServer| Start HTTP server
I/APP     (  264): I 06/10/2012 23:53:30:484 00000114           HttpServer| Listen for connections on port 49631
I/APP     (  264): I 06/10/2012 23:53:30:487 00000114         AppCallbacks| addCommand: LOCAL-SERVER-STARTED
I/APP     (  264): I 06/10/2012 23:53:30:490 00000113         AppCallbacks| Received command APP-ACTIVATED which is greater than expected (LOCAL-SERVER-STARTED) - postpone it
I/APP     (  264): I 06/10/2012 23:53:30:494 00000113         AppCallbacks| process command: LOCAL-SERVER-STARTED
I/APP     (  264): I 06/10/2012 23:53:30:497 00000113           AppStarted| Handlers have completed.
I/APP     (  264): I 06/10/2012 23:53:30:499 00000113         AppActivated| Handlers have completed.
I/APP     (  264): I 06/10/2012 23:53:30:500 00000113    RhodesApplication| New AppState: AppActivated
I/APP     (  264): I 06/10/2012 23:53:30:501 00000113         AppCallbacks| process command: APP-ACTIVATED
I/APP     (  264): I 06/10/2012 23:53:30:538 00000114           HttpServer| Process URI: '/system/activateapp'
I/APP     (  264): I 06/10/2012 23:53:30:590 00000113         AppCallbacks| ThreadQueue blocked for 4294967295 seconds...
I/APP     (  264): I 06/10/2012 23:53:30:609 00000113         AppCallbacks| ThreadQueue blocked for 4294967295 seconds...
D/PackageManager(   53): Registered content provider: com.rhomobile.placardejiujitsu, className = com.rhomobile.rhodes.LocalFileProvider, isSyncable = false
D/PackageManager(   53):   Providers: com.rhomobile.rhodes.LocalFileProvider
D/PackageManager(   53):   Services: com.rhomobile.rhodes.RhodesService
D/PackageManager(   53):   Activities: com.rhomobile.rhodes.RhodesActivity com.rhomobile.rhodes.alert.PopupActivity com.rhomobile.rhodes.camera.FileList com.rhomobile.rhodes.camera.ImageCapture com.rhomobile.rhodes.signature.ImageCapture com.rhomobile.rhodes.datetime.DateTimePickerScreen com.rhomobile.rhodes.mapview.MapView com.rhomobile.rhodes.mapview.GoogleMapView com.rhomobile.rhodes.bluetooth.RhoBluetoothDeviceListActivity
E/ActivityThread(   53): Failed to find provider info for android.server.checkin
W/Checkin (   53): Can't log event SYSTEM_SERVICE_LOOPING: java.lang.IllegalArgumentException: Unknown URL content://android.server.checkin/events
W/WindowManager(   53): Rebuild removed 3 windows but added 2
D/ActivityManager(   53): Received spurious death notification for thread android.os.BinderProxy@44d74710
I/WindowManager(   53): WIN DEATH: Window{44df4220 com.rhomobile.placardejiujitsu/com.rhomobile.rhodes.RhodesActivity paused=false}
I/installd(   32): move /data/dalvik-cache/data@app@vmdl32287.tmp@classes.dex -> /data/dalvik-cache/data@app@com.rhomobile.placardejiujitsu.apk@classes.dex
D/PackageManager(   53): New package installed in /data/app/com.rhomobile.placardejiujitsu.apk
D/AndroidRuntime(  452): Shutting down VM
D/dalvikvm(  452): DestroyJavaVM waiting for non-daemon threads to exit
D/dalvikvm(  452): DestroyJavaVM shutting VM down
D/dalvikvm(  452): HeapWorker thread shutting down
D/dalvikvm(  452): HeapWorker thread has shut down
D/jdwp    (  452): JDWP shutting down net...
I/jdwp    (  452): adbd disconnected
D/dalvikvm(  452): VM cleaning up
D/ActivityManager(   53): Uninstalling process com.rhomobile.placardejiujitsu
D/dalvikvm(  452): LinearAlloc 0x0 used 621708 of 5242880 (11%)
I/dalvikvm(  452): JNI: AttachCurrentThread (from ???.???)
E/AndroidRuntime(  452): ERROR: thread attach failed
W/ResourceType(   53): Resources don't contain package for resource number 0x7f0700e5
W/ResourceType(   53): Resources don't contain package for resource number 0x7f020031
W/ResourceType(   53): Resources don't contain package for resource number 0x7f020030
W/ResourceType(   53): Resources don't contain package for resource number 0x7f050000
W/ResourceType(   53): Resources don't contain package for resource number 0x7f060000
W/ResourceType(   53): Resources don't contain package for resource number 0x7f060001
W/ResourceType(   53): Resources don't contain package for resource number 0x7f0700e5
W/ResourceType(   53): Resources don't contain package for resource number 0x7f020031
W/ResourceType(   53): Resources don't contain package for resource number 0x7f020030
W/ResourceType(   53): Resources don't contain package for resource number 0x7f050000
W/ResourceType(   53): Resources don't contain package for resource number 0x7f060000
W/ResourceType(   53): Resources don't contain package for resource number 0x7f060001
D/dalvikvm(   53): GC freed 5551 objects / 370896 bytes in 432ms
D/AndroidRuntime(  463): 
D/AndroidRuntime(  463): >>>>>>>>>>>>>> AndroidRuntime START <<<<<<<<<<<<<<
D/AndroidRuntime(  463): CheckJNI is ON
D/dalvikvm(   97): GC freed 2404 objects / 139712 bytes in 1348ms
D/AndroidRuntime(  463): --- registering native functions ---
I/ActivityManager(   53): Starting activity: Intent { act=android.intent.action.MAIN flg=0x10000000 cmp=com.rhomobile.placardejiujitsu/com.rhomobile.rhodes.RhodesActivity }
D/PhoneWindow(  264): couldn't save which view has focus because the focused view android.webkit.WebView@44eedb78 has no id.
I/APP     (  264): I 06/10/2012 23:53:33:915 00000108       RhodesActivity| onPause
I/APP     (  264): I 06/10/2012 23:53:33:928 00000114           HttpServer| Process URI: '/system/uidestroyed'
I/APP     (  264): I 06/10/2012 23:53:33:954 00000108         AppActivated| Handlers have complet