I/APP     (  305): I 06/10/2012 22:50:12:411 0000013e              RhoRuby| require_compiled: rho/rhoerror
I/APP     (  305): I 06/10/2012 22:50:12:426 0000013e              RhoRuby| require_compiled: rhom/rhom_source
I/APP     (  305): I 06/10/2012 22:50:12:458 0000013e              RhoRuby| require_compiled: rho/rhoviewhelpers
I/APP     (  305): I 06/10/2012 22:50:12:489 0000013e              RhoRuby| require_compiled: rho
I/APP     (  305): I 06/10/2012 22:50:12:495 0000013e                  APP| RHO loaded
I/APP     (  305): I 06/10/2012 22:50:12:498 0000013e                  APP| Calling RHO.initialize
I/APP     (  305): I 06/10/2012 22:50:12:503 0000013e                   DB| Open DB: /data/data/com.rhomobile.placardejiujitsu/rhodata/db/syncdbuser.sqlite
I/APP     (  305): I 06/10/2012 22:50:12:641 0000013e          GeoLocation| Creating singleton instance.
I/APP     (  305): I 06/10/2012 22:50:12:644 0000013e            RhodesApp| Starting sync engine...
I/APP     (  305): I 06/10/2012 22:50:12:647 0000013e                 Sync| sync_poll_interval: 0
I/APP     (  305): I 06/10/2012 22:50:12:648 0000013e                 Sync| syncserver: 
I/APP     (  305): I 06/10/2012 22:50:12:649 0000013e                 Sync| bulksync_state: 0
I/APP     (  305): I 06/10/2012 22:50:12:649 0000013e            RhodesApp| RhoRubyInitApp...
I/APP     (  305): I 06/10/2012 22:50:12:651 0000013e                  APP| init_app
I/APP     (  305): I 06/10/2012 22:50:12:653 0000013e              RhoRuby| require_compiled: application
I/APP     (  305): I 06/10/2012 22:50:12:706 0000013e           HttpServer| Start HTTP server
I/APP     (  305): I 06/10/2012 22:50:12:709 0000013e           HttpServer| Listen for connections on port 41570
I/APP     (  305): I 06/10/2012 22:50:12:712 0000013e         AppCallbacks| addCommand: LOCAL-SERVER-STARTED
I/APP     (  305): I 06/10/2012 22:50:12:714 0000013c         AppCallbacks| process command: LOCAL-SERVER-STARTED
I/APP     (  305): I 06/10/2012 22:50:12:726 0000013c           AppStarted| Handlers have completed.
I/APP     (  305): I 06/10/2012 22:50:12:729 0000013c         AppActivated| Handlers have completed.
I/APP     (  305): I 06/10/2012 22:50:12:730 0000013c    RhodesApplication| New AppState: AppActivated
I/APP     (  305): I 06/10/2012 22:50:12:731 0000013c         AppCallbacks| process command: UI-CREATED
I/APP     (  305): I 06/10/2012 22:50:12:750 0000013e           HttpServer| Process URI: '/system/uicreated'
I/APP     (  305): I 06/10/2012 22:50:12:754 0000013e                  APP| on_ui_created.navigate to start url: '/app'
I/APP     (  305): I 06/10/2012 22:50:12:759 00000131         SplashScreen| navigate: url=http://localhost:41570/app
D/dalvikvm(  305): +++ not scanning '/system/lib/libwebcore.so' for 'howLongWaitMs' (wrong CL)
D/dalvikvm(  305): +++ not scanning '/system/lib/libmedia_jni.so' for 'howLongWaitMs' (wrong CL)
D/dalvikvm(  305): +++ not scanning '/system/lib/libexif.so' for 'howLongWaitMs' (wrong CL)
D/dalvikvm(  305): +++ not scanning '/system/lib/libsrec_jni.so' for 'howLongWaitMs' (wrong CL)
I/APP     (  305): I 06/10/2012 22:50:12:760 00000131         SplashScreen| DELAY for SplashScreen = 0
V/SimpleMainView(  305): ms[1339368612773] processForNativeView : [http://localhost:41570/app]
D/dalvikvm(  305): +++ not scanning '/system/lib/libwebcore.so' for 'getFactoryHandleByViewType' (wrong CL)
D/dalvikvm(  305): +++ not scanning '/system/lib/libmedia_jni.so' for 'getFactoryHandleByViewType' (wrong CL)
D/dalvikvm(  305): +++ not scanning '/system/lib/libexif.so' for 'getFactoryHandleByViewType' (wrong CL)
D/dalvikvm(  305): +++ not scanning '/system/lib/libsrec_jni.so' for 'getFactoryHandleByViewType' (wrong CL)
I/APP     (  305): I 06/10/2012 22:50:12:800 00000131       SimpleMainView| Cleared URL: http://localhost:41570/app
V/SimpleMainView.View(  305): ms[1339368612817]  Main Window :: onSizeChanged() old [ 480 x 762 ]  new [ 0 x 0 ]
I/APP     (  305): I 06/10/2012 22:50:12:821 0000013c         AppCallbacks| process command: APP-ACTIVATED
I/APP     (  305): I 06/10/2012 22:50:12:840 0000013e           HttpServer| Process URI: '/system/activateapp'
I/APP     (  305): I 06/10/2012 22:50:12:850 0000013c         AppCallbacks| ThreadQueue blocked for 4294967295 seconds...
I/APP     (  305): I 06/10/2012 22:50:12:943 0000013e           HttpServer| Process URI: '/app'
I/APP     (  305): I 06/10/2012 22:50:13:004 00000131     RhoWebViewClient| Loading URL: http://localhost:41570/app/index_erb.iseq
I/APP     (  305): I 06/10/2012 22:50:13:021 0000013e           HttpServer| Process URI: '/app/index_erb.iseq'
I/APP     (  305): I 06/10/2012 22:50:13:029 0000013e                  APP| RHO serve_index: /app/index_erb.iseq
I/APP     (  305): I 06/10/2012 22:50:13:038 0000013e RHO Rho::RhoController| inst_render_index
I/APP     (  305): I 06/10/2012 22:50:13:095 0000013e RHO Rho::RhoController| index layout
I/APP     (  305): I 06/10/2012 22:50:13:248 0000013e           HttpServer| Process URI: '/public/jquery/jquery-1.6.4.min.js'
I/APP     (  305): I 06/10/2012 22:50:13:380 0000013e           HttpServer| Process URI: '/public/jquery/jquery.json-2.3.min.js'
I/APP     (  305): I 06/10/2012 22:50:13:441 0000013e           HttpServer| Process URI: '/public/jqmobile/jquery.mobile-1.0.1.min.css'
D/dalvikvm(  305): GC freed 1957 objects / 410576 bytes in 78ms
I/APP     (  305): I 06/10/2012 22:50:13:644 0000013e           HttpServer| Process URI: '/public/css/jqmobile-patch.css'
I/APP     (  305): I 06/10/2012 22:50:13:702 0000013e           HttpServer| Process URI: '/public/js/scoreboard.js'
I/APP     (  305): I 06/10/2012 22:50:13:749 0000013e           HttpServer| Process URI: '/public/jqmobile/jquery.mobile-1.0.1.min.js'
I/APP     (  305): I 06/10/2012 22:50:13:837 0000013e           HttpServer| Process URI: '/public/js/jqmobile-patch.js'
I/APP     (  305): I 06/10/2012 22:50:13:903 0000013e           HttpServer| Process URI: '/public/css/android.css'
I/APP     (  305): I 06/10/2012 22:50:13:964 0000013e           HttpServer| Process URI: '/public/css/layout.css'
D/dalvikvm(  264): GC freed 17355 objects / 420576 bytes in 2286ms
I/APP     (  305): I 06/10/2012 22:50:20:401 0000013e           HttpServer| Process URI: '/public/jqmobile/images/icons-18-white.png'
I/APP     (  305): I 06/10/2012 22:50:20:476 0000013e           HttpServer| Process URI: '/public/jqmobile/images/icons-36-white.png'
D/dalvikvm(  210): GC freed 123 objects / 5424 bytes in 2087ms
D/dalvikvm(  305): GC freed 11839 objects / 1229216 bytes in 172ms
D/dalvikvm(  264): GC freed 29360 objects / 706184 bytes in 160ms
D/dalvikvm(  305): GC freed 29296 objects / 707880 bytes in 168ms
D/dalvikvm(  264): GC freed 29361 objects / 706184 bytes in 91ms
D/AndroidRuntime(  329): 
D/AndroidRuntime(  329): >>>>>>>>>>>>>> AndroidRuntime START <<<<<<<<<<<<<<
D/AndroidRuntime(  329): CheckJNI is ON
D/AndroidRuntime(  329): --- registering native functions ---
D/PackageParser(   53): Scanning package: /data/app/vmdl32281.tmp
I/PackageManager(   53): Removing non-system package:com.rhomobile.placardejiujitsu
D/PackageManager(   53): Removing package com.rhomobile.placardejiujitsu
D/PackageManager(   53): Unregistered content provider: com.rhomobile.placardejiujitsu, className = com.rhomobile.rhodes.LocalFileProvider, isSyncable = false
D/PackageManager(   53):   Providers: com.rhomobile.rhodes.LocalFileProvider
D/PackageManager(   53):   Services: com.rhomobile.rhodes.RhodesService
D/PackageManager(   53):   Activities: com.rhomobile.rhodes.RhodesActivity com.rhomobile.rhodes.alert.PopupActivity com.rhomobile.rhodes.camera.FileList com.rhomobile.rhodes.camera.ImageCapture com.rhomobile.rhodes.signature.ImageCapture com.rhomobile.rhodes.datetime.DateTimePickerScreen com.rhomobile.rhodes.mapview.MapView com.rhomobile.rhodes.mapview.GoogleMapView com.rhomobile.rhodes.bluetooth.RhoBluetoothDeviceListActivity
D/dalvikvm(   53): GC freed 31183 objects / 1762376 bytes in 175ms
D/PackageManager(   53): Scanning package com.rhomobile.placardejiujitsu
I/PackageManager(   53): /data/app/vmdl32281.tmp changed; unpacking
D/PackageManager(   53): Caching shared lib lib/armeabi/librhodes.so
D/installd(   32): DexInv: --- BEGIN '/data/app/vmdl32281.tmp' ---
D/dalvikvm(  335): DexOpt: load 125ms, verify 1107ms, opt 25ms
D/installd(   32): DexInv: --- END '/data/app/vmdl32281.tmp' (success) ---
D/ActivityManager(   53): Uninstalling process com.rhomobile.placardejiujitsu
D/ActivityManager(   53): Force removing process ProcessRecord{44f90ec0 305:com.rhomobile.placardejiujitsu/10029} (com.rhomobile.placardejiujitsu/10029)
W/ActivityManager(   53): Scheduling restart of crashed service com.rhomobile.placardejiujitsu/com.rhomobile.rhodes.RhodesService in 5000ms
I/Process (   53): Sending signal. PID: 305 SIG: 9
I/UsageStats(   53): Unexpected resume of com.rhomobile.xdojoplacardejiujitsu while already resumed in com.rhomobile.placardejiujitsu
E/ActivityThread(   53): Failed to find provider info for android.server.checkin
W/Checkin (   53): Can't log event SYSTEM_SERVICE_LOOPING: java.lang.IllegalArgumentException: Unknown URL content://android.server.checkin/events
I/APP     (  264): I 06/10/2012 23:13:21:210 00000108            RhodesApp| callAppActiveCallback
I/APP     (  264): I 06/10/2012 23:13:21:254 00000108         AppCallbacks| addCommand: APP-ACTIVATED
I/APP     (  264): I 06/10/2012 23:13:21:261 00000113            RhodesApp| restart local server.
I/APP     (  264): I 06/10/2012 23:13:21:262 00000113           HttpServer| Stopping server...
I/APP     (  264): I 06/10/2012 23:13:21:266 00000114           HttpServer| Start HTTP server
I/APP     (  264): I 06/10/2012 23:13:21:267 00000114           HttpServer| Listen for connections on port 49631
I/APP     (  264): I 06/10/2012 23:13:21:268 00000114         AppCallbacks| addCommand: LOCAL-SERVER-STARTED
I/APP     (  264): I 06/10/2012 23:13:21:272 00000113         AppCallbacks| Received command APP-ACTIVATED which is greater than expected (LOCAL-SERVER-STARTED) - postpone it
I/APP     (  264): I 06/10/2012 23:13:21:275 00000113         AppCallbacks| process command: LOCAL-SERVER-STARTED
I/APP     (  264): I 06/10/2012 23:13:21:284 00000108         AppActivated| Handlers have completed.
I/APP     (  264): I 06/10/2012 23:13:21:287 00000108    RhodesApplication| New AppState: AppStarted
I/APP     (  264): I 06/10/2012 23:13:21:288 00000108       RhodesActivity| onStart
I/APP     (  264): I 06/10/2012 23:13:21:286 00000113           AppStarted| Handlers have completed.
I/APP     (  264): I 06/10/2012 23:13:21:300 00000113         AppActivated| Handlers have completed.
I/APP     (  264): I 06/10/2012 23:13:21:301 00000113    RhodesApplication| New AppState: AppActivated
I/APP     (  264): I 06/10/2012 23:13:21:302 00000113         AppCallbacks| process command: APP-ACTIVATED
I/APP     (  264): I 06/10/2012 23:13:21:306 00000108         AppActivated| Handlers have completed.
I/APP     (  264): I 06/10/2012 23:13:21:315 00000108    RhodesApplication| New UiState: MainActivityStarted
I/APP     (  264): I 06/10/2012 23:13:21:318 00000108       RhodesActivity| onResume
I/APP     (  264): I 06/10/2012 23:13:21:407 00000114           HttpServer| Process URI: '/system/activateapp'
I/APP     (  264): I 06/10/2012 23:13:21:443 00000113         AppCallbacks| ThreadQueue blocked for 4294967295 seconds...
I/APP     (  264): I 06/10/2012 23:13:21:465 00000113         AppCallbacks| ThreadQueue blocked for 4294967295 seconds...
D/PackageManager(   53): Registered content provider: com.rhomobile.placardejiujitsu, className = com.rhomobile.rhodes.LocalFileProvider, isSyncable = false
D/PackageManager(   53):   Providers: com.rhomobile.rhodes.LocalFileProvider
D/PackageManager(   53):   Services: com.rhomobile.rhodes.RhodesService
D/PackageManager(   53):   Activities: com.rhomobile.rhodes.RhodesActivity com.rhomobile.rhodes.alert.PopupActivity com.rhomobile.rhodes.camera.FileList com.rhomobile.rhodes.camera.ImageCapture com.rhomobile.rhodes.signature.ImageCapture com.rhomobile.rhodes.datetime.DateTimePickerScreen com.rhomobile.rhodes.mapview.MapView com.rhomobile.rhodes.mapview.GoogleMapView com.rhomobile.rhodes.bluetooth.RhoBluetoothDeviceListActivity
W/WindowManager(   53): Rebuild removed 3 windows but added 2
D/ActivityManager(   53): Received spurious death notification for thread android.os.BinderProxy@44d42678
I/WindowManager(   53): WIN DEATH: Window{44e40688 com.rhomobile.placardejiujitsu/com.rhomobile.rhodes.RhodesActivity paused=false}
I/installd(   32): move /data/dalvik-cache/data@app@vmdl32281.tmp@classes.dex -> /data/dalvik-cache/data@app@com.rhomobile.placardejiujitsu.apk@classes.dex
D/PackageManager(   53): New package installed in /data/app/com.rhomobile.placardejiujitsu.apk
D/AndroidRuntime(  329): Shutting down VM
D/dalvikvm(  329): DestroyJavaVM waiting for non-daemon threads to exit
D/dalvikvm(  329): DestroyJavaVM shutting VM down
D/dalvikvm(  329): HeapWorker thread shutting down
D/dalvikvm(  329): HeapWorker thread has shut down
D/jdwp    (  329): JDWP shutting down net...
I/jdwp    (  329): adbd disconnected
D/dalvikvm(  329): VM cleaning up
E/AndroidRuntime(  329): ERROR: thread attach failed
D/dalvikvm(  329): LinearAlloc 0x0 used 621708 of 5242880 (11%)
D/ActivityManager(   53): Uninstalling process com.rhomobile.placardejiujitsu
W/ResourceType(   53): Resources don't contain package for resource number 0x7f0700e5
W/ResourceType(   53): Resources don't contain package for resource number 0x7f020031
W/ResourceType(   53): Resources don't contain package for resource number 0x7f020030
W/ResourceType(   53): Resources don't contain package for resource number 0x7f050000
W/ResourceType(   53): Resources don't contain package for resource number 0x7f060000
W/ResourceType(   53): Resources don't contain package for resource number 0x7f060001
D/dalvikvm(   53): GC freed 11981 objects / 680320 bytes in 245ms
W/ResourceType(   53): Resources don't contain package for resource number 0x7f0700e5
W/ResourceType(   53): Resources don't contain package for resource number 0x7f020031
W/ResourceType(   53): Resources don't contain package for resource number 0x7f020030
W/ResourceType(   53): Resources don't contain package for resource number 0x7f050000
W/ResourceType(   53): Resources don't contain package for resource number 0x7f060000
W/ResourceType(   53): Resources don't contain package for resource number 0x7f060001
D/AndroidRuntime(  340): 
D/AndroidRuntime(  340): >>>>>>>>>>>>>> AndroidRuntime START <<<<<<<<<<<<<<
D/AndroidRuntime(  340): CheckJNI is ON
D/dalvikvm(   53): GC freed 2042 objects / 126952 bytes in 239ms
D/AndroidRuntime(  340): --- registering native functions ---
I/ActivityManager(   53): Starting activity: Intent { act=android.intent.action.MAIN flg=0x10000000 cmp=com.rhomobile.placardejiujitsu/com.rhomobile.rhodes.RhodesActivity }
D/PhoneWindow(  264): couldn't save which view has focus because the focused view android.webkit.WebView@44eedb78 has no id.
I/APP     (  264): I 06/10/2012 23:13:25:295 00000108       RhodesActivity| onPause
I/APP     (  264): I 06/10/2012 23:13:25:308 00000114           HttpServer| Process URI: '/system/uidestroyed'
I/APP     (  264): I 06/10/2012 23:13:25:345 00000108         AppActivated| Handlers have completed.
D/AndroidRuntime(  340): Shutting down VM
D/dalvikvm(  340): DestroyJavaVM waiting for non-daemon threads to exit
D/dalvikvm(  340): DestroyJavaVM shutting VM down
D/dalvikvm(  340): HeapWorker thread shutting down
D/dalvikvm(  340): HeapWorker thread has shut down
D/jdwp    (  340): JDWP shutting down net...
I/jdwp    (  340): adbd disconnected
D/dalvikvm(  340): VM cleaning up
D/dalvikvm(  340): LinearAlloc 0x0 used 637292 of 5242880 (12%)
I/APP     (  264): I 06/10/2012 23:13:25:379 00000108    RhodesApplication| New UiState: MainActivityPaused
E/AndroidRuntime(  340): ERROR: thread attach failed
I/ActivityManager(   53): Start proc com.rhomobile.placardejiujitsu for activity com.rhomobile.placardejiujitsu/com.rhomobile.rhodes.RhodesActivity: pid=347 uid=10029 gids={3003}
D/dalvikvm(  347): Trying to load lib /data/data/com.rhomobile.placardejiujitsu/lib/librhodes.so 0x44e8c9e0
D/dalvikvm(  347): Added shared lib /data/data/com.rhomobile.placardejiujitsu/lib/librhodes.so 0x44e8c9e0
I/ActivityThread(  347): Publishing provider com.rhomobile.placardejiujitsu: com.rhomobile.rhodes.LocalFileProvider
I/RhodesApplication(  347): Initializing...
D/dalvikvm(  347): +++ not scanning '/system/lib/libwebcore.so' for 'T' (wrong CL)
D/dalvikvm(  347): +++ not scanning '/system/lib/libmedia_jni.so' for 'T' (wrong CL)
D/dalvikvm(  347): +++ not scanning '/system/lib/libexif.so' for 'T' (wrong CL)
D/dalvikvm(  347): +++ not scanning '/system/lib/libsrec_jni.so' for 'T' (wrong CL)
D/dalvikvm(  347): +++ not scanning '/system/lib/libwebcore.so' for 'initClassLoader' (wrong CL)
D/dalvikvm(  347): +++ not scanning '/system/lib/libmedia_jni.so' for 'initClassLoader' (wrong CL)
D/dalvikvm(  347): +++ not scanning '/system/lib/libexif.so' for 'initClassLoader' (wrong CL)
D/dalvikvm(  347): +++ not scanning '/system/lib/libsrec_jni.so' for 'initClassLoader' (wrong CL)
D/RhoFileApi(  347): App root path: /data/data/com.rhomobile.placardejiujitsu/rhodata/
D/RhoFileApi(  347): Sqlite journals path: /data/data/com.rhomobile.placardejiujitsu/sqlite_stmt_journals/
D/dalvikvm(  347): +++ not scanning '/system/lib/libwebcore.so' for 'nativeInitPath' (wrong CL)
D/dalvikvm(  347): +++ not scanning '/system/lib/libmedia_jni.so' for 'nativeInitPath' (wrong CL)
D/dalvikvm(  347): +++ not scanning '/system/lib/libexif.so' for 'nativeInitPath' (wrong CL)
D/dalvikvm(  347): +++ not scanning '/system/lib/libsrec_jni.so' for 'nativeInitPath' (wrong CL)
D/RhodesApplication(  347): Root path: /data/data/com.rhomobile.placardejiujitsu/rhodata/
D/dalvikvm(  347): +++ not scanning '/system/lib/libwebcore.so' for 'nativeInit' (wrong CL)
D/dalvikvm(  347): +++ not scanning '/system/lib/libmedia_jni.so' for 'nativeInit' (wrong CL)
D/dalvikvm(  347): +++ not scanning '/system/lib/libexif.so' for 'nativeInit' (wrong CL)
D/dalvikvm(  347): +++ not scanning '/system/lib/libsrec_jni.so' for 'nativeInit' (wrong CL)
I/global  (  347): Default buffer size used in BufferedReader constructor. It would be better to be explicit if an 8k-char buffer is required.
D/dalvikvm(  347): +++ not scanning '/system/lib/libwebcore.so' for 'updateStatTable' (wrong CL)
D/dalvikvm(  347): +++ not scanning '/system/lib/libmedia_jni.so' for 'updateStatTable' (wrong CL)
D/dalvikvm(  347): +++ not scanning '/system/lib/libexif.so' for 'updateStatTable' (wrong CL)
D/dalvikvm(  347): +++ not scanning '/system/lib/libsrec_jni.so' for 'updateStatTable' (wrong CL)
I/RhodesApplication(  347): Application hash was changed
D/RhoFileApi(  347): App root path: /data/data/com.rhomobile.placardejiujitsu/rhodata/
D/RhoFileApi(  347): Sqlite journals path: /data/data/com.rhomobile.placardejiujitsu/sqlite_stmt_journals/
D/RhodesApplication(  347): Root path: /data/data/com.rhomobile.placardejiujitsu/rhodata/
I/global  (  347): Default buffer size used in BufferedReader constructor. It would be better to be explicit if an 8k-char buffer is required.
D/RhoFileApi(  347): Copy hash to FS
D/RhoFileApi(  347): File hash copied
D/dalvikvm(  347): +++ not scanning '/system/lib/libwebcore.so' for 'setupRhodesApp' (wrong CL)
D/dalvikvm(  347): +++ not scanning '/system/lib/libmedia_jni.so' for 'setupRhodesApp' (wrong CL)
D/dalvikvm(  347): +++ not scanning '/system/lib/libexif.so' for 'setupRhodesApp' (wrong CL)
D/dalvikvm(  347): +++ not scanning '/system/lib/libsrec_jni.so' for 'setupRhodesApp' (wrong CL)
I/RhodesApplication(  347): Initialized
D/dalvikvm(  347): +++ not scanning '/system/lib/libwebcore.so' for 'D' (wrong CL)
D/dalvikvm(  347): +++ not scanning '/system/lib/libmedia_jni.so' for 'D' (wrong CL)
D/dalvikvm(  347): +++ not scanning '/system/lib/libexif.so' for 'D' (wrong CL)
D/dalvikvm(  347): +++ not scanning '/system/lib/libsrec_jni.so' for 'D' (wrong CL)
I/APP     (  347): I 06/10/2012 23:13:26:341 0000015b         BaseActivity| Resources orientation: 1
I/APP     (  347): I 06/10/2012 23:13:26:348 0000015b         BaseActivity| New screen properties - width: 480, height: 800, orientation: 1
D/dalvikvm(  347): +++ not scanning '/system/lib/libwebcore.so' for 'I' (wrong CL)
D/dalvikvm(  347): +++ not scanning '/system/lib/libmedia_jni.so' for 'I' (wrong CL)
D/dalvikvm(  347): +++ not scanning '/system/lib/libexif.so' for 'I' (wrong CL)
D/dalvikvm(  347): +++ not scanning '/system/lib/libsrec_jni.so' for 'I' (wrong CL)
I/APP     (  347): I 06/10/2012 23:13:26:352 0000015b               Camera| Camera capability is not enabled !
I/APP     (  347): I 06/10/2012 23:13:26:356 0000015b               Camera| Camera capability is not enabled !
D/dalvikvm(  347): +++ not scanning '/system/lib/libwebcore.so' for 'isTitleEnabled' (wrong CL)
D/dalvikvm(  347): +++ not scanning '/system/lib/libmedia_jni.so' for 'isTitleEnabled' (wrong CL)
D/dalvikvm(  347): +++ not scanning '/system/lib/libexif.so' for 'isTitleEnabled' (wrong CL)
D/dalvikvm(  347): +++ not scanning '/system/lib/libsrec_jni.so' for 'isTitleEnabled' (wrong CL)
D/dalvikvm(  347): GC freed 5040 objects / 339768 bytes in 113ms
I/APP     (  264): I 06/10/2012 23:13:27:001 00000108       AppDeactivated| Handlers have completed.
D/dalvikvm(  347): +++ not scanning '/system/lib/libwebcore.so' for 'getBool' (wrong CL)
D/dalvikvm(  347): +++ not scanning '/system/lib/libmedia_jni.so' for 'getBool' (wrong CL)
D/dalvikvm(  347): +++ not scanning '/system/lib/libexif.so' for 'getBool' (wrong CL)
D/dalvikvm(  347): +++ not scanning '/system/lib/libsrec_jni.so' for 'getBool' (wrong CL)
I/APP     (  347): I 06/10/2012 23:13:27:067 0000015b            Undefined| Handlers have completed.
I/APP     (  347): I 06/10/2012 23:13:27:069 0000015b    RhodesApplication| New UiState: MainActivityCreated
I/APP     (  347): I 06/10/2012 23:13:27:070 0000015b       RhodesActivity| onStart
I/APP     (  347): I 06/10/2012 23:13:27:074 0000015b            Undefined| Handlers have completed.
I/APP     (  347): I 06/10/2012 23:13:27:075 0000015b    RhodesApplication| New UiState: MainActivityStarted
I/APP     (  347): I 06/10/2012 23:13:27:078 0000015b       RhodesActivity| onResume
I/APP     (  347): I 06/10/2012 23:13:27:103 0000015b        RhodesService| onCreate
I/APP     (  347): I 06/10/2012 23:13:27:108 0000015b    LocalFileProvider| Revoke URI permissions: content:///com.rhomobile.placardejiujitsu
W/ActivityManager(   53): No content provider found for: 
I/APP     (  347): I 06/10/2012 23:13:27:113 0000015b               Rhodes| Loading...
D/dalvikvm(  347): +++ not scanning '/system/lib/libwebcore.so' for 'createRhodesApp' (wrong CL)
D/dalvikvm(  347): +++ not scanning '/system/lib/libmedia_jni.so' for 'createRhodesApp' (wrong CL)
D/dalvikvm(  347): +++ not scanning '/system/lib/libexif.so' for 'createRhodesApp' (wrong CL)
D/dalvikvm(  347): +++ not scanning '/system/lib/libsrec_jni.so' for 'createRhodesApp' (wrong CL)
I/APP     (  347): I 06/10/2012 23:13:27:118 0000015b            RhodesApp| Trying to get free listening port.
I/APP     (  347): I 06/10/2012 23:13:27:121 0000015b            RhodesApp| Trying to bind of 0 port...
I/APP     (  347): I 06/10/2012 23:13:27:125 0000015b            RhodesApp| Got port to bind on: 58114
I/APP     (  347): I 06/10/2012 23:13:27:130 0000015b            RhodesApp| Free listening port: 58114
I/APP     (  347): I 06/10/2012 23:13:27:128 00000165         AppCallbacks| Starting main routine...
I/APP     (  347): I 06/10/2012 23:13:27:137 00000165         AppCallbacks| ThreadQueue blocked for 4294967295 seconds...
D/dalvikvm(  347): +++ not scanning '/system/lib/libwebcore.so' for 'nativeStart' (wrong CL)
D/dalvikvm(  347): +++ not scanning '/system/lib/libmedia_jni.so' for 'nativeStart' (wrong CL)
D/dalvikvm(  347): +++ not scanning '/system/lib/libexif.so' for 'nativeStart' (wrong CL)
D/dalvikvm(  347): +++ not scanning '/system/lib/libsrec_jni.so' for 'nativeStart' (wrong CL)
I/APP     (  264): I 06/10/2012 23:13:27:208 00000108    RhodesApplication| New AppState: AppDeactivated
D/dalvikvm(  347): +++ not scanning '/system/lib/libwebcore.so' for 'isExist' (wrong CL)
D/dalvikvm(  347): +++ not scanning '/system/lib/libmedia_jni.so' for 'isExist' (wrong CL)
D/dalvikvm(  347): +++ not scanning '/system/lib/libexif.so' for 'isExist' (wrong CL)
D/dalvikvm(  347): +++ not scanning '/system/lib/libsrec_jni.so' for 'isExist' (wrong CL)
I/APP     (  347): I 06/10/2012 23:13:27:317 0000015b        RhodesService| Push is disabled
D/dalvikvm(  347): +++ not scanning '/system/lib/libwebcore.so' for 'startRhodesApp' (wrong CL)
D/dalvikvm(  347): +++ not scanning '/system/lib/libmedia_jni.so' for 'startRhodesApp' (wrong CL)
D/dalvikvm(  347): +++ not scanning '/system/lib/libexif.so' for 'startRhodesApp' (wrong CL)
D/dalvikvm(  347): +++ not scanning '/system/lib/libsrec_jni.so' for 'startRhodesApp' (wrong CL)
D/dalvikvm(  347): +++ not scanning '/system/lib/libwebcore.so' for 'callActivationCallback' (wrong CL)
D/dalvikvm(  347): +++ not scanning '/system/lib/libmedia_jni.so' for 'callActivationCallback' (wrong CL)
D/dalvikvm(  347): +++ not scanning '/system/lib/libexif.so' for 'callActivationCallback' (wrong CL)
D/dalvikvm(  347): +++ not scanning '/system/lib/libsrec_jni.so' for 'callActivationCallback' (wrong CL)
I/APP     (  347): I 06/10/2012 23:13:27:332 0000015b            RhodesApp| callAppActiveCallback
I/APP     (  347): I 06/10/2012 23:13:27:344 0000015b         AppCallbacks| addCommand: APP-ACTIVATED
I/APP     (  347): I 06/10/2012 23:13:27:348 00000165         AppCallbacks| Received command APP-ACTIVATED which is greater than expected (LOCAL-SERVER-STARTED) - postpone it
I/APP     (  347): I 06/10/2012 23:13:27:349 00000165         AppCallbacks| ThreadQueue blocked for 4294967295 seconds...
I/APP     (  347): I 06/10/2012 23:13:27:352 0000015b         AppActivated| Cannot commit now, application will be activated when started.
I/APP     (  347): I 06/10/2012 23:13:27:353 0000015b            Undefined| Handlers have completed.
I/APP     (  347): I 06/10/2012 23:13:27:360 00000167            RhodesApp| Starting RhodesApp main routine...
I/APP     (  347): I 06/10/2012 23:13:27:354 0000015b    RhodesApplication| New AppState: Undefined
D/RhodesService(  347): +++ onStartCommand
I/RhodesService(  347): handleCommand: startId=1, source=com.rhomobile.rhodes.BaseActivity
D/RhodesService(  347): New activity was created
I/APP     (  347): I 06/10/2012 23:13:27:402 0000015b        RhodesService| onBind
I/APP     (  264): I 06/10/2012 23:13:27:282 00000108        RhodesService| activityStopped() temporary release wakeLock object
I/APP     (  264): I 06/10/2012 23:13:27:441 00000108            RhodesApp| callAppActiveCallback
D/dalvikvm(  347): +++ not scanning '/system/lib/libwebcore.so' for 'callUiCreatedCallback' (wrong CL)
D/dalvikvm(  347): +++ not scanning '/system/lib/libmedia_jni.so' for 'callUiCreatedCallback' (wrong CL)
D/dalvikvm(  347): +++ not scanning '/system/lib/libexif.so' for 'callUiCreatedCallback' (wrong CL)
D/dalvikvm(  347): +++ not scanning '/system/lib/libsrec_jni.so' for 'callUiCreatedCallback' (wrong CL)
I/APP     (  347): I 06/10/2012 23:13:27:466 0000015b         AppCallbacks| addCommand: UI-CREATED
I/APP     (  347): I 06/10/2012 23:13:27:468 00000165         AppCallbacks| Received command UI-CREATED which is greater than expected (LOCAL-SERVER-STARTED) - postpone it
I/APP     (  347): I 06/10/2012 23:13:27:469 00000165         AppCallbacks| ThreadQueue blocked for 4294967295 seconds...
I/APP     (  264): I 06/10/2012 23:13:27:573 00000108         AppCallbacks| addCommand: APP-DEACTIVATED
I/APP     (  347): I 06/10/2012 23:13:27:696 0000015b       RhodesActivity| onServiceConnected: {com.rhomobile.placardejiujitsu/com.rhomobile.rhodes.RhodesService}
I/APP     (  347): I 06/10/2012 23:13:27:698 0000015b       RhodesActivity| New start parameters: 
D/dalvikvm(  347): +++ not scanning '/system/lib/libwebcore.so' for 'canStartApp' (wrong CL)
D/dalvikvm(  347): +++ not scanning '/system/lib/libmedia_jni.so' for 'canStartApp' (wrong CL)
D/dalvikvm(  347): +++ not scanning '/system/lib/libexif.so' for 'canStartApp' (wrong CL)
D/dalvikvm(  347): +++ not scanning '/system/lib/libsrec_jni.so' for 'canStartApp' (wrong CL)
I/APP     (  347): I 06/10/2012 23:13:27:701 0000015b            RhodesApp| New start params: 
I/ActivityManager(   53): Displayed activity com.rhomobile.placardejiujitsu/com.rhomobile.rhodes.RhodesActivity: 2614 ms (total 2614 ms)
E/gralloc (   53): [unregister] handle 0x4ac630 still locked (state=40000001)
I/APP     (  264): I 06/10/2012 23:13:28:594 00000113         AppCallbacks| process command: APP-DEACTIVATED
I/APP     (  347): I 06/10/2012 23:13:28:746 00000167              RhoRuby| Init_RhoBlobs: /data/data/com.rhomobile.placardejiujitsu/rhodata/db/db-files
I/APP     (  264): I 06/10/2012 23:13:28:705 00000113         AppCallbacks| ThreadQueue blocked for 4294967295 seconds...
I/APP     (  347): I 06/10/2012 23:13:28:830 00000167              RhoRuby| require_compiled: rhoframework
I/APP     (  347): I 06/10/2012 23:13:28:948 00000167              RhoRuby| require_compiled: rational
I/APP     (  347): I 06/10/2012 23:13:28:961 00000167              RhoRuby| require_compiled: rhom/rhom_db_adapter
I/APP     (  347): I 06/10/2012 23:13:29:076 00000167              RhoRuby| require_compiled: rhodes
I/APP     (  347): I 06/10/2012 23:13:29:096 00000167              RhoRuby| require_compiled: rhom/rhom_object
I/APP     (  347): I 06/10/2012 23:13:29:117 00000167              RhoRuby| require_compiled: rhofsconnector
I/APP     (  347): I 06/10/2012 23:13:29:140 00000167              RhoRuby| require_compiled: rho/rhofsconnector
I/APP     (  347): I 06/10/2012 23:13:29:172 00000167              RhoRuby| require_compiled: rhom/rhom_object_factory
I/APP     (  347): I 06/10/2012 23:13:29:892 00000167              RhoRuby| require_compiled: rhom/rhom
I/APP     (  347): I 06/10/2012 23:13:29:961 00000167              RhoRuby| require_compiled: rhom/rhom_model
I/APP     (  347): I 06/10/2012 23:13:29:995 00000167              RhoRuby| require_compiled: rhom
I/APP     (  347): I 06/10/2012 23:13:30:001 00000167              RhoRuby| require_compiled: rho/rhoapplication
I/APP     (  347): I 06/10/2012 23:13:30:045 00000167              RhoRuby| require_compiled: rholang/localization_simplified
I/APP     (  347): I 06/10/2012 23:13:30:104 00000167              RhoRuby| require_compiled: rho/rhomsg
I/APP     (  347): I 06/10/2012 23:13:30:113 00000167              RhoRuby| require_compiled: rho/rhotabbar
I/APP     (  347): I 06/10/2012 23:13:30:129 00000167              RhoRuby| require_compiled: rho/rhotoolbar
I/APP     (  347): I 06/10/2012 23:13:30:140 00000167                  APP| Current locale: ; Country code: 
I/APP     (  347): I 06/10/2012 23:13:30:147 00000167                  APP| Locilized file: /data/data/com.rhomobile.placardejiujitsu/rhodata/lib/rholang/lang_
I/APP     (  347): I 06/10/2012 23:13:30:151 00000167              RhoRuby| require_compiled: /data/data/com.rhomobile.placardejiujitsu/rhodata/lib/rholang/lang_en
I/APP     (  347): I 06/10/2012 23:13:30:168 00000167                  APP| Locilized file: /data/data/com.rhomobile.placardejiujitsu/rhodata/apps/app/lang/lang_
I/APP     (  347): I 06/10/2012 23:13:30:173 00000167                  APP| Locilized file: /data/data/com.rhomobile.placardejiujitsu/rhodata/lib/rholang/rhoerror_
I/APP     (  347): I 06/10/2012 23:13:30:177 00000167              RhoRuby| require_compiled: /data/data/com.rhomobile.placardejiujitsu/rhodata/lib/rholang/rhoerror_en
I/APP     (  347): I 06/10/2012 23:13:30:192 00000167                  APP| Locilized file: /data/data/com.rhomobile.placardejiujitsu/rhodata/lib/rholang/rhomsg_
I/APP     (  347): I 06/10/2012 23:13:30:198 00000167              RhoRuby| require_compiled: /data/data/com.rhomobile.placardejiujitsu/rhodata/lib/rholang/rhomsg_en
I/APP     (  347): I 06/10/2012 23:13:30:210 00000167              RhoRuby| require_compiled: indifferent_access
I/APP     (  347): I 06/10/2012 23:13:30:240 00000167              RhoRuby| require_compiled: rho/rhosupport
I/APP     (  347): I 06/10/2012 23:13:30:292 00000167              RhoRuby| require_compiled: rho/rhocontroller
I/APP     (  347): I 06/10/2012 23:13:30:324 00000167              RhoRuby| require_compiled: rho/render
I/APP     (  347): I 06/10/2012 23:13:30:388 00000167              RhoRuby| require_compiled: rho/rho
E/webcoreglue(  347): The real object has been deleted
D/webviewglue(  347): nativeDestroy view: 0x446ef8
D/dalvikvm(  347): GC freed 2564 objects / 407176 bytes in 90ms
I/APP     (  347): I 06/10/2012 23:13:30:712 00000167              RhoRuby| require_compiled: rho/rhoerror
I/APP     (  347): I 06/10/2012 23:13:30:724 00000167              RhoRuby| require_compiled: rhom/rhom_source
I/APP     (  347): I 06/10/2012 23:13:30:763 00000167              RhoRuby| require_compiled: rho/rhoviewhelpers
I/APP     (  347): I 06/10/2012 23:13:30:800 00000167              RhoRuby| require_compiled: rho
I/APP     (  347): I 06/10/2012 23:13:30:806 00000167                  APP| RHO loaded
I/APP     (  347): I 06/10/2012 23:13:30:809 00000167                  APP| Calling RHO.initialize
I/APP     (  347): I 06/10/2012 23:13:30:820 00000167                   DB| Open DB: /data/data/com.rhomobile.placardejiujitsu/rhodata/db/syncdbuser.sqlite
I/APP     (  347): I 06/10/2012 23:13:30:854 00000167          GeoLocation| Creating singleton instance.
I/APP     (  347): I 06/10/2012 23:13:30:857 00000167            RhodesApp| Starting sync engine...
I/APP     (  347): I 06/10/2012 23:13:30:858 00000167                 Sync| sync_poll_interval: 0
I/APP     (  347): I 06/10/2012 23:13:30:859 00000167                 Sync| syncserver: 
I/APP     (  347): I 06/10/2012 23:13:30:862 00000167                 Sync| bulksync_state: 0
I/APP     (  347): I 06/10/2012 23:13:30:863 00000167            RhodesApp| RhoRubyInitApp...
I/APP     (  347): I 06/10/2012 23:13:30:864 00000167                  APP| init_app
I/APP     (  347): I 06/10/2012 23:13:30:868 00000167              RhoRuby| require_compiled: application
I/APP     (  347): I 06/10/2012 23:13:30:922 00000167                  APP| on_reinstall_config_update: {"LogToOutput"=>["0", "1"]}
I/APP     (  347): I 06/10/2012 23:13:30:933 00000167           HttpServer| Start HTTP server
I/APP     (  347): I 06/10/2012 23:13:30:939 00000167           HttpServer| Listen for connections on port 58114
I/APP     (  347): I 06/10/2012 23:13:30:942 00000167         AppCallbacks| addCommand: LOCAL-SERVER-STARTED
I/APP     (  347): I 06/10/2012 23:13:30:946 00000165         AppCallbacks| process command: LOCAL-SERVER-STARTED
I/APP     (  347): I 06/10/2012 23:13:30:956 00000165           AppStarted| Handlers have completed.
I/APP     (  347): I 06/10/2012 23:13:30:959 00000165         AppActivated| Handlers have completed.
I/APP     (  347): I 06/10/2012 23:13:30:962 00000165    RhodesApplication| New AppState: AppActivated
I/APP     (  347): I 06/10/2012 23:13:30:964 00000165         AppCallbacks| process command: UI-CREATED
I/APP     (  347): I 06/10/2012 23:13:30:989 00000167           HttpServer| Process URI: '/system/uicreated'
I/APP     (  347): I 06/10/2012 23:13:30:994 00000167                  APP| on_ui_created.navigate to start url: '/app'
I/APP     (  347): I 06/10/2012 23:13:30:998 0000015b         SplashScreen| navigate: url=http://localhost:58114/app
D/dalvikvm(  347): +++ not scanning '/system/lib/libwebcore.so' for 'howLongWaitMs' (wrong CL)
D/dalvikvm(  347): +++ not scanning '/system/lib/libmedia_jni.so' for 'howLongWaitMs' (wrong CL)
D/dalvikvm(  347): +++ not scanning '/system/lib/libexif.so' for 'howLongWaitMs' (wrong CL)
D/dalvikvm(  347): +++ not scanning '/system/lib/libsrec_jni.so' for 'howLongWaitMs' (wrong CL)
I/APP     (  347): I 06/10/2012 23:13:30:999 0000015b         SplashScreen| DELAY for SplashScreen = 0
V/SimpleMainView(  347): ms[1339370011012] processForNativeView : [http://localhost:58114/app]
D/dalvikvm(  347): +++ not scanning '/system/lib/libwebcore.so' for 'getFactoryHandleByViewType' (wrong CL)
D/dalvikvm(  347): +++ not scanning '/system/lib/libmedia_jni.so' for 'getFactoryHandleByViewType' (wrong CL)
D/dalvikvm(  347): +++ not scanning '/system/lib/libexif.so' for 'getFactoryHandleByViewType' (wrong CL)
D/dalvikvm(  347): +++ not scanning '/system/lib/libsrec_jni.so' for 'getFactoryHandleByViewType' (wrong CL)
I/APP     (  347): I 06/10/2012 23:13:31:034 0000015b       SimpleMainView| Cleared URL: http://localhost:58114/app
I/APP     (  347): I 06/10/2012 23:13:31:045 00000165         AppCallbacks| process command: APP-ACTIVATED
V/SimpleMainView.View(  347): ms[1339370011061]  Main Window :: onSizeChanged() old [ 480 x 762 ]  new [ 0 x 0 ]
I/APP     (  347): I 06/10/2012 23:13:31:095 00000167           HttpServer| Process URI: '/system/activateapp'
I/APP     (  347): I 06/10/2012 23:13:31:107 00000165         AppCallbacks| ThreadQueue blocked for 4294967295 seconds...
I/APP     (  347): I 06/10/2012 23:13:31:176 00000167           HttpServer| Process URI: '/app'
I/APP     (  347): I 06/10/2012 23:13:31:248 0000015b     RhoWebViewClient| Loading URL: http://localhost:58114/app/index_erb.iseq
I/APP     (  347): I 06/10/2012 23:13:31:266 00000167           HttpServer| Process URI: '/app/index_erb.iseq'
I/APP     (  347): I 06/10/2012 23:13:31:271 00000167                  APP| RHO serve_index: /app/index_erb.iseq
I/APP     (  347): I 06/10/2012 23:13:31:281 00000167 RHO Rho::RhoController| inst_render_index
I/APP     (  264): I 06/10/2012 23:13:31:310 00000114           HttpServer| Process URI: '/system/deactivateapp'
I/APP     (  347): I 06/10/2012 23:13:31:336 00000167 RHO Rho::RhoController| index layout
I/APP     (  347): I 06/10/2012 23:13:31:500 00000167           HttpServer| Process URI: '/public/jquery/jquery-1.6.4.min.js'
I/APP     (  347): I 06/10/2012 23:13:31:721 00000167           HttpServer| Process URI: '/public/jquery/jquery.json-2.3.min.js'
I/APP     (  347): I 06/10/2012 23:13:31:805 00000167           HttpServer| Process URI: '/public/jqmobile/jquery.mobile-1.0.1.min.css'
D/dalvikvm(  347): GC freed 2282 objects / 474112 bytes in 103ms
I/APP     (  347): I 06/10/2012 23:13:32:099 00000167           HttpServer| Process URI: '/public/css/jqmobile-patch.css'
I/APP     (  347): I 06/10/2012 23:13:32:188 00000167           HttpServer| Process URI: '/public/js/scoreboard.js'
I/APP     (  347): I 06/10/2012 23:13:32:266 00000167           HttpServer| Process URI: '/public/jqmobile/jquery.mobile-1.0.1.min.js'
I/APP     (  347): I 06/10/2012 23:13:32:370 00000167           HttpServer| Process URI: '/public/js/jqmobile-patch.js'
I/APP     (  347): I 06/10/2012 23:13:32:440 00000167           HttpServer| Process URI: '/public/css/android.css'
I/APP     (  347): I 06/10/2012 23:13:32:493 00000167           HttpServer| Process URI: '/public/css/layout.css'
I/APP     (  264): I 06/10/2012 23:13:33:381 00000108       RhodesActivity| onStop
W/InputManagerService(   53): Starting input on non-focused client com.android.internal.view.IInputMethodClient$Stub$Proxy@44d4fcf0 (uid=10028 pid=264)
D/dalvikvm(  264): GC freed 1254 objects / 36176 bytes in 3757ms
I/APP     (  347): I 06/10/2012 23:13:38:946 00000167           HttpServer| Process URI: '/public/jqmobile/images/icons-18-white.png'
I/APP     (  347): I 06/10/2012 23:13:38:985 00000167           HttpServer| Process URI: '/public/jqmobile/images/icons-36-white.png'
D/dalvikvm(   97): GC freed 3474 objects / 203736 bytes in 3536ms
D/dalvikvm(  210): GC freed 80 objects / 3920 bytes in 2567ms
D/dalvikvm(  347): GC freed 9118 objects / 1110952 bytes in 153ms
D/AndroidRuntime(  370): 
D/AndroidRuntime(  370): >>>>>>>>>>>>>> AndroidRuntime START <<<<<<<<<<<<<<
D/AndroidRuntime(  370): CheckJNI is ON
D/AndroidRuntime(  370): --- registering native functions ---
D/PackageParser(   53): Scanning package: /data/app/vmdl32283.tmp
I/PackageManager(   53): Removing non-system package:com.rhomobile.placardejiujitsu
D/PackageManager(   53): Removing package com.rhomobile.placardejiujitsu
D/PackageManager(   53): Unregistered content provider: com.rhomobile.placardejiujitsu, className = com.rhomobile.rhodes.LocalFileProvider, isSyncable = false
D/PackageManager(   53):   Providers: com.rhomobile.rhodes.LocalFileProvider
D/PackageManager(   53):   Services: com.rhomobile.rhodes.RhodesService
D/PackageManager(   53):   Activities: com.rhomobile.rhodes.RhodesActivity com.rhomobile.rhodes.alert.PopupActivity com.rhomobile.rhodes.camera.FileList com.rhomobile.rhodes.camera.ImageCapture com.rhomobile.rhodes.signature.ImageCapture com.rhomobile.rhodes.datetime.DateTimePickerScreen com.rhomobile.rhodes.mapview.MapView com.rhomobile.rhodes.mapview.GoogleMapView com.rhomobile.rhodes.bluetooth.RhoBluetoothDeviceListActivity
D/PackageManager(   53): Scanning package com.rhomobile.placardejiujitsu
I/PackageManager(   53): /data/app/vmdl32283.tmp changed; unpacking
D/dalvikvm(   53): GC freed 17936 objects / 1129544 bytes in 146ms
D/PackageManager(   53): Caching shared lib lib/armeabi/librhodes.so
D/installd(   32): DexInv: --- BEGIN '/data/app/vmdl32283.tmp' ---
D/dalvikvm(  376): DexOpt: load 133ms, verify 811ms, opt 23ms
D/installd(   32): DexInv: --- END '/data/app/vmdl32283.tmp' (success) ---
D/ActivityManager(   53): Uninstalling process com.rhomobile.placardejiujitsu
D/ActivityManager(   53): Force removing process ProcessRecord{44decfa8 347:com.rhomobile.placardejiujitsu/10029} (com.rhomobile.placardejiujitsu/10029)
W/ActivityManager(   53): Scheduling restart of crashed service com.rhomobile.placardejiujitsu/com.rhomobile.rhodes.RhodesService in 5000ms
I/Process (   53): Sending signal. PID: 347 SIG: 9
I/UsageStats(   53): Unexpected resume of com.rhomobile.xdojoplacardejiujitsu while already resumed in com.rhomobile.placardejiujitsu
I/APP     (  264): I 06/10/2012 23:20:26:008 00000108            RhodesApp| callAppActiveCallback
I/APP     (  264): I 06/10/2012 23:20:26:013 00000108         AppCallbacks| addCommand: APP-ACTIVATED
I/APP     (  264): I 06/10/2012 23:20:26:016 00000113            RhodesApp| restart local server.
I/APP     (  264): I 06/10/2012 23:20:26:017 00000113           HttpServer| Stopping server...
I/APP     (  264): I 06/10/2012 23:20:26:022 00000114           HttpServer| Start HTTP server
I/APP     (  264): I 06/10/2012 23:20:26:027 00000114           HttpServer| Listen for connections on port 49631
I/APP     (  264): I 06/10/2012 23:20:26:029 00000114         AppCallbacks| addCommand: LOCAL-SERVER-STARTED
I/APP     (  264): I 06/10/2012 23:20:26:030 00000113         AppCallbacks| Received command APP-ACTIVATED which is greater than expected (LOCAL-SERVER-STARTED) - postpone it
I/APP     (  264): I 06/10/2012 23:20:26:038 00000113         AppCallbacks| process command: LOCAL-SERVER-STARTED
I/APP     (  264): I 06/10/2012 23:20:26:049 00000113           AppStarted| Handlers have completed.
I/APP     (  264): I 06/10/2012 23:20:26:052 00000113         AppActivated| Handlers have completed.
I/APP     (  264): I 06/10/2012 23:20:26:036 00000108         AppActivated| Handlers have completed.
I/APP     (  264): I 06/10/2012 23:20:26:054 00000108    RhodesApplication| New AppState: AppActivated
I/APP     (  264): I 06/10/2012 23:20:26:056 00000108       RhodesActivity| onStart
I/APP     (  264): I 06/10/2012 23:20:26:060 00000108         AppActivated| Handlers have completed.
I/APP     (  264): I 06/10/2012 23:20:26:061 00000108    RhodesApplication| New UiState: MainActivityStarted
I/APP     (  264): I 06/10/2012 23:20:26:066 00000113    RhodesApplication| New AppState: AppActivated
I/APP     (  264): I 06/10/2012 23:20:26:068 00000113         AppCallbacks| process command: APP-ACTIVATED
I/APP     (  264): I 06/10/2012 23:20:26:062 00000108       RhodesActivity| onResume
I/APP     (  264): I 06/10/2012 23:20:26:157 00000114           HttpServer| Process URI: '/system/activateapp'
I/APP     (  264): I 06/10/2012 23:20:26:250 00000113         AppCallbacks| ThreadQueue blocked for 4294967295 seconds...
I/APP     (  264): I 06/10/2012 23:20:26:253 00000113         AppCallbacks| ThreadQueue blocked for 4294967295 seconds...
D/PackageManager(   53): Registered content provider: com.rhomobile.placardejiujitsu, className = com.rhomobile.rhodes.LocalFileProvider, isSyncable = false
D/PackageManager(   53):   Providers: com.rhomobile.rhodes.LocalFileProvider
D/PackageManager(   53):   Services: com.rhomobile.rhodes.RhodesService
W/WindowManager(   53): Rebuild removed 3 windows but added 2
D/PackageManager(   53):   Activities: com.rhomobile.rhodes.RhodesActivity com.rhomobile.rhodes.alert.PopupActivity com.rhomobile.rhodes.camera.FileList com.rhomobile.rhodes.camera.ImageCapture com.rhomobile.rhodes.signature.ImageCapture com.rhomobile.rhodes.datetime.DateTimePickerScreen com.rhomobile.rhodes.mapview.MapView com.rhomobile.rhodes.mapview.GoogleMapView com.rhomobile.rhodes.bluetooth.RhoBluetoothDeviceListActivity
E/ActivityThread(   53): Failed to find provider info for android.server.checkin
W/Checkin (   53): Can't log event SYSTEM_SERVICE_LOOPING: java.lang.IllegalArgumentException: Unknown URL content://android.server.checkin/events
D/ActivityManager(   53): Received spurious death notification for thread android.os.BinderProxy@44d1d790
I/WindowManager(   53): WIN DEATH: Window{44e56658 com.rhomobile.placardejiujitsu/com.rhomobile.rhodes.RhodesActivity paused=false}
I/installd(   32): move /data/dalvik-cache/data@app@vmdl32283.tmp@classes.dex -> /data/dalvik-cache/data@app@com.rhomobile.placardejiujitsu.apk@classes.dex
D/PackageManager(   53): New package installed in /data/app/com.rhomobile.placardejiujitsu.apk
D/AndroidRuntime(  370): Shutting down VM
D/dalvikvm(  370): DestroyJavaVM waiting for non-daemon threads to exit
D/dalvikvm(  370): DestroyJavaVM shutting VM down
D/dalvikvm(  370): HeapWorker thread shutting down
D/dalvikvm(  370): HeapWorker thread has shut down
D/jdwp    (  370): JDWP shutting down net...
I/jdwp    (  370): adbd disconnected
D/dalvikvm(  370): VM cleaning up
D/ActivityManager(   53): Uninstalling process com.rhomobile.placardejiujitsu
E/AndroidRuntime(  370): ERROR: thread attach failed
D/dalvikvm(  370): LinearAlloc 0x0 used 621708 of 5242880 (11%)
W/ResourceType(   53): Resources don't contain package for resource number 0x7f0700e5
W/ResourceType(   53): Resources don't contain package for resource number 0x7f020031
W/ResourceType(   53): Resources don't contain package for resource number 0x7f020030
W/ResourceType(   53): Resources don't contain package for resource number 0x7f050000
W/ResourceType(   53): Resources don't contain package for resource number 0x7f060000
W/ResourceType(   53): Resources don't contain package for resource number 0x7f060001
W/ResourceType(   53): Resources don't contain package for resource number 0x7f0700e5
W/ResourceType(   53): Resources don't contain package for resource number 0x7f020031
W/ResourceType(   53): Resources don't contain package for resource number 0x7f020030
W/ResourceType(   53): Resources don't contain package for resource number 0x7f050000
W/ResourceType(   53): Resources don't contain package for resource number 0x7f060000
W/ResourceType(   53): Resources don't contain package for resource number 0x7f060001
D/dalvikvm(   53): GC freed 11499 objects / 663080 bytes in 388ms
D/AndroidRuntime(  381): 
D/AndroidRuntime(  381): >>>>>>>>>>>>>> AndroidRuntime START <<<<<<<<<<<<<<
D/AndroidRuntime(  381): CheckJNI is ON
D/AndroidRuntime(  381): --- registering native functions ---
D/dalvikvm(   97): GC freed 348 objects / 16216 bytes in 1449ms
I/ActivityManager(   53): Starting activity: Intent { act=android.intent.action.MAIN flg=0x10000000 cmp=com.rhomobile.placardejiujitsu/com.rhomobile.rhodes.RhodesActivity }
D/PhoneWindow(  264): couldn't save which view has focus because the focused view android.webkit.WebView@44eedb78 has no id.
I/APP     (  264): I 06/10/2012 23:20:29:286 00000108       RhodesActivity| onPause
I/APP     (  264): I 06/10/2012 23:20:29:297 00000114           HttpServer| Process URI: '/system/uidestroyed'
I/APP     (  264): I 06/10/2012 23:20:29:317 00000108         AppActivated| Handlers have completed.
I/APP     (  264): I 06/10/2012 23:20:29:354 00000108    RhodesApplication| New UiState: MainActivityPaused
I/ActivityManager(   53): Start proc com.rhomobile.placardejiujitsu for activity com.rhomobile.placardejiujitsu/com.rhomobile.rhodes.RhodesActivity: pid=387 uid=10029 gids={3003}
D/AndroidRuntime(  381): Shutting down VM
D/dalvikvm(  381): DestroyJavaVM waiting for non-daemon threads to exit
D/dalvikvm(  381): DestroyJavaVM shutting VM down
D/dalvikvm(  381): HeapWorker thread shutting down
D/dalvikvm(  381): HeapWorker thread has shut down
D/jdwp    (  381): JDWP shutting down net...
I/jdwp    (  381): adbd disconnected
D/dalvikvm(  381): VM cleaning up
D/dalvikvm(  381): LinearAlloc 0x0 used 637292 of 5242880 (12%)
I/dalvikvm(  381): JNI: AttachCurrentThread (from ???.???)
E/AndroidRuntime(  381): ERROR: thread attach failed
I/APP     (  264): I 06/10/2012 23:20:29:878 00000108       AppDeactivated| Handlers have completed.
D/dalvikvm(  387): Trying to load lib /data/data/com.rhomobile.placardejiujitsu/lib/librhodes.so 0x44e8c9e0
D/dalvikvm(  387): Added shared lib /data/data/com.rhomobile.placardejiujitsu/lib/librhodes.so 0x44e8c9e0
I/ActivityThread(  387): Publishing provider com.rhomobile.placardejiujitsu: com.rhomobile.rhodes.LocalFileProvider
