I/RhodesApplication(  387): Initializing...
D/dalvikvm(  387): +++ not scanning '/system/lib/libwebcore.so' for 'T' (wrong CL)
D/dalvikvm(  387): +++ not scanning '/system/lib/libmedia_jni.so' for 'T' (wrong CL)
D/dalvikvm(  387): +++ not scanning '/system/lib/libexif.so' for 'T' (wrong CL)
D/dalvikvm(  387): +++ not scanning '/system/lib/libsrec_jni.so' for 'T' (wrong CL)
D/dalvikvm(  387): +++ not scanning '/system/lib/libwebcore.so' for 'initClassLoader' (wrong CL)
D/dalvikvm(  387): +++ not scanning '/system/lib/libmedia_jni.so' for 'initClassLoader' (wrong CL)
D/dalvikvm(  387): +++ not scanning '/system/lib/libexif.so' for 'initClassLoader' (wrong CL)
D/dalvikvm(  387): +++ not scanning '/system/lib/libsrec_jni.so' for 'initClassLoader' (wrong CL)
D/RhoFileApi(  387): App root path: /data/data/com.rhomobile.placardejiujitsu/rhodata/
D/RhoFileApi(  387): Sqlite journals path: /data/data/com.rhomobile.placardejiujitsu/sqlite_stmt_journals/
D/dalvikvm(  387): +++ not scanning '/system/lib/libwebcore.so' for 'nativeInitPath' (wrong CL)
D/dalvikvm(  387): +++ not scanning '/system/lib/libmedia_jni.so' for 'nativeInitPath' (wrong CL)
D/dalvikvm(  387): +++ not scanning '/system/lib/libexif.so' for 'nativeInitPath' (wrong CL)
D/dalvikvm(  387): +++ not scanning '/system/lib/libsrec_jni.so' for 'nativeInitPath' (wrong CL)
D/RhodesApplication(  387): Root path: /data/data/com.rhomobile.placardejiujitsu/rhodata/
D/dalvikvm(  387): +++ not scanning '/system/lib/libwebcore.so' for 'nativeInit' (wrong CL)
D/dalvikvm(  387): +++ not scanning '/system/lib/libmedia_jni.so' for 'nativeInit' (wrong CL)
D/dalvikvm(  387): +++ not scanning '/system/lib/libexif.so' for 'nativeInit' (wrong CL)
D/dalvikvm(  387): +++ not scanning '/system/lib/libsrec_jni.so' for 'nativeInit' (wrong CL)
I/global  (  387): Default buffer size used in BufferedReader constructor. It would be better to be explicit if an 8k-char buffer is required.
D/dalvikvm(  387): +++ not scanning '/system/lib/libwebcore.so' for 'updateStatTable' (wrong CL)
D/dalvikvm(  387): +++ not scanning '/system/lib/libmedia_jni.so' for 'updateStatTable' (wrong CL)
D/dalvikvm(  387): +++ not scanning '/system/lib/libexif.so' for 'updateStatTable' (wrong CL)
D/dalvikvm(  387): +++ not scanning '/system/lib/libsrec_jni.so' for 'updateStatTable' (wrong CL)
I/RhodesApplication(  387): Application hash was changed
D/RhoFileApi(  387): App root path: /data/data/com.rhomobile.placardejiujitsu/rhodata/
D/RhoFileApi(  387): Sqlite journals path: /data/data/com.rhomobile.placardejiujitsu/sqlite_stmt_journals/
D/RhodesApplication(  387): Root path: /data/data/com.rhomobile.placardejiujitsu/rhodata/
I/global  (  387): Default buffer size used in BufferedReader constructor. It would be better to be explicit if an 8k-char buffer is required.
D/RhoFileApi(  387): Copy hash to FS
D/RhoFileApi(  387): File hash copied
D/dalvikvm(  387): +++ not scanning '/system/lib/libwebcore.so' for 'setupRhodesApp' (wrong CL)
D/dalvikvm(  387): +++ not scanning '/system/lib/libmedia_jni.so' for 'setupRhodesApp' (wrong CL)
D/dalvikvm(  387): +++ not scanning '/system/lib/libexif.so' for 'setupRhodesApp' (wrong CL)
D/dalvikvm(  387): +++ not scanning '/system/lib/libsrec_jni.so' for 'setupRhodesApp' (wrong CL)
I/RhodesApplication(  387): Initialized
D/dalvikvm(  387): +++ not scanning '/system/lib/libwebcore.so' for 'D' (wrong CL)
D/dalvikvm(  387): +++ not scanning '/system/lib/libmedia_jni.so' for 'D' (wrong CL)
D/dalvikvm(  387): +++ not scanning '/system/lib/libexif.so' for 'D' (wrong CL)
D/dalvikvm(  387): +++ not scanning '/system/lib/libsrec_jni.so' for 'D' (wrong CL)
I/APP     (  387): I 06/10/2012 23:20:30:431 00000183         BaseActivity| Resources orientation: 1
I/APP     (  387): I 06/10/2012 23:20:30:444 00000183         BaseActivity| New screen properties - width: 480, height: 800, orientation: 1
D/dalvikvm(  387): +++ not scanning '/system/lib/libwebcore.so' for 'I' (wrong CL)
D/dalvikvm(  387): +++ not scanning '/system/lib/libmedia_jni.so' for 'I' (wrong CL)
D/dalvikvm(  387): +++ not scanning '/system/lib/libexif.so' for 'I' (wrong CL)
D/dalvikvm(  387): +++ not scanning '/system/lib/libsrec_jni.so' for 'I' (wrong CL)
I/APP     (  387): I 06/10/2012 23:20:30:459 00000183               Camera| Camera capability is not enabled !
I/APP     (  387): I 06/10/2012 23:20:30:461 00000183               Camera| Camera capability is not enabled !
D/dalvikvm(  387): +++ not scanning '/system/lib/libwebcore.so' for 'isTitleEnabled' (wrong CL)
D/dalvikvm(  387): +++ not scanning '/system/lib/libmedia_jni.so' for 'isTitleEnabled' (wrong CL)
D/dalvikvm(  387): +++ not scanning '/system/lib/libexif.so' for 'isTitleEnabled' (wrong CL)
D/dalvikvm(  387): +++ not scanning '/system/lib/libsrec_jni.so' for 'isTitleEnabled' (wrong CL)
I/APP     (  264): I 06/10/2012 23:20:30:519 00000108    RhodesApplication| New AppState: AppDeactivated
I/APP     (  264): I 06/10/2012 23:20:30:616 00000108        RhodesService| activityStopped() temporary release wakeLock object
I/APP     (  264): I 06/10/2012 23:20:30:636 00000108            RhodesApp| callAppActiveCallback
D/dalvikvm(  387): GC freed 5066 objects / 340776 bytes in 85ms
I/APP     (  264): I 06/10/2012 23:20:30:896 00000108         AppCallbacks| addCommand: APP-DEACTIVATED
I/APP     (  264): I 06/10/2012 23:20:30:946 00000113         AppCallbacks| process command: APP-DEACTIVATED
I/APP     (  264): I 06/10/2012 23:20:30:967 00000113         AppCallbacks| ThreadQueue blocked for 4294967295 seconds...
D/dalvikvm(  387): +++ not scanning '/system/lib/libwebcore.so' for 'getBool' (wrong CL)
D/dalvikvm(  387): +++ not scanning '/system/lib/libmedia_jni.so' for 'getBool' (wrong CL)
D/dalvikvm(  387): +++ not scanning '/system/lib/libexif.so' for 'getBool' (wrong CL)
D/dalvikvm(  387): +++ not scanning '/system/lib/libsrec_jni.so' for 'getBool' (wrong CL)
I/APP     (  387): I 06/10/2012 23:20:31:046 00000183            Undefined| Handlers have completed.
I/APP     (  387): I 06/10/2012 23:20:31:052 00000183    RhodesApplication| New UiState: MainActivityCreated
I/APP     (  387): I 06/10/2012 23:20:31:056 00000183       RhodesActivity| onStart
I/APP     (  387): I 06/10/2012 23:20:31:058 00000183            Undefined| Handlers have completed.
I/APP     (  387): I 06/10/2012 23:20:31:059 00000183    RhodesApplication| New UiState: MainActivityStarted
I/APP     (  387): I 06/10/2012 23:20:31:076 00000183       RhodesActivity| onResume
I/APP     (  387): I 06/10/2012 23:20:31:108 00000183        RhodesService| onCreate
I/APP     (  387): I 06/10/2012 23:20:31:115 00000183    LocalFileProvider| Revoke URI permissions: content:///com.rhomobile.placardejiujitsu
W/ActivityManager(   53): No content provider found for: 
I/APP     (  387): I 06/10/2012 23:20:31:122 00000183               Rhodes| Loading...
D/dalvikvm(  387): +++ not scanning '/system/lib/libwebcore.so' for 'createRhodesApp' (wrong CL)
D/dalvikvm(  387): +++ not scanning '/system/lib/libmedia_jni.so' for 'createRhodesApp' (wrong CL)
D/dalvikvm(  387): +++ not scanning '/system/lib/libexif.so' for 'createRhodesApp' (wrong CL)
D/dalvikvm(  387): +++ not scanning '/system/lib/libsrec_jni.so' for 'createRhodesApp' (wrong CL)
I/APP     (  387): I 06/10/2012 23:20:31:127 00000183            RhodesApp| Trying to get free listening port.
I/APP     (  387): I 06/10/2012 23:20:31:134 00000183            RhodesApp| Trying to bind of 0 port...
I/APP     (  387): I 06/10/2012 23:20:31:137 00000183            RhodesApp| Got port to bind on: 39754
I/APP     (  387): I 06/10/2012 23:20:31:138 00000183            RhodesApp| Free listening port: 39754
D/dalvikvm(  387): +++ not scanning '/system/lib/libwebcore.so' for 'nativeStart' (wrong CL)
I/APP     (  387): I 06/10/2012 23:20:31:150 0000018f         AppCallbacks| Starting main routine...
D/dalvikvm(  387): +++ not scanning '/system/lib/libmedia_jni.so' for 'nativeStart' (wrong CL)
D/dalvikvm(  387): +++ not scanning '/system/lib/libexif.so' for 'nativeStart' (wrong CL)
D/dalvikvm(  387): +++ not scanning '/system/lib/libsrec_jni.so' for 'nativeStart' (wrong CL)
I/APP     (  387): I 06/10/2012 23:20:31:151 0000018f         AppCallbacks| ThreadQueue blocked for 4294967295 seconds...
D/dalvikvm(  387): +++ not scanning '/system/lib/libwebcore.so' for 'isExist' (wrong CL)
D/dalvikvm(  387): +++ not scanning '/system/lib/libmedia_jni.so' for 'isExist' (wrong CL)
D/dalvikvm(  387): +++ not scanning '/system/lib/libexif.so' for 'isExist' (wrong CL)
D/dalvikvm(  387): +++ not scanning '/system/lib/libsrec_jni.so' for 'isExist' (wrong CL)
I/APP     (  387): I 06/10/2012 23:20:31:297 00000183        RhodesService| Push is disabled
D/dalvikvm(  387): +++ not scanning '/system/lib/libwebcore.so' for 'startRhodesApp' (wrong CL)
D/dalvikvm(  387): +++ not scanning '/system/lib/libmedia_jni.so' for 'startRhodesApp' (wrong CL)
D/dalvikvm(  387): +++ not scanning '/system/lib/libexif.so' for 'startRhodesApp' (wrong CL)
D/dalvikvm(  387): +++ not scanning '/system/lib/libsrec_jni.so' for 'startRhodesApp' (wrong CL)
D/dalvikvm(  387): +++ not scanning '/system/lib/libwebcore.so' for 'callActivationCallback' (wrong CL)
D/dalvikvm(  387): +++ not scanning '/system/lib/libmedia_jni.so' for 'callActivationCallback' (wrong CL)
D/dalvikvm(  387): +++ not scanning '/system/lib/libexif.so' for 'callActivationCallback' (wrong CL)
D/dalvikvm(  387): +++ not scanning '/system/lib/libsrec_jni.so' for 'callActivationCallback' (wrong CL)
I/APP     (  387): I 06/10/2012 23:20:31:312 00000183            RhodesApp| callAppActiveCallback
I/APP     (  387): I 06/10/2012 23:20:31:316 00000183         AppCallbacks| addCommand: APP-ACTIVATED
I/APP     (  387): I 06/10/2012 23:20:31:326 0000018f         AppCallbacks| Received command APP-ACTIVATED which is greater than expected (LOCAL-SERVER-STARTED) - postpone it
I/APP     (  387): I 06/10/2012 23:20:31:327 0000018f         AppCallbacks| ThreadQueue blocked for 4294967295 seconds...
I/APP     (  387): I 06/10/2012 23:20:31:330 00000183         AppActivated| Cannot commit now, application will be activated when started.
I/APP     (  387): I 06/10/2012 23:20:31:331 00000183            Undefined| Handlers have completed.
I/APP     (  387): I 06/10/2012 23:20:31:337 00000190            RhodesApp| Starting RhodesApp main routine...
I/APP     (  387): I 06/10/2012 23:20:31:340 00000183    RhodesApplication| New AppState: Undefined
D/RhodesService(  387): +++ onStartCommand
I/RhodesService(  387): handleCommand: startId=1, source=com.rhomobile.rhodes.BaseActivity
D/RhodesService(  387): New activity was created
I/APP     (  387): I 06/10/2012 23:20:31:379 00000183        RhodesService| onBind
D/dalvikvm(  387): +++ not scanning '/system/lib/libwebcore.so' for 'callUiCreatedCallback' (wrong CL)
W/webcore (  387): Can't get the viewWidth after the first layout
D/dalvikvm(  387): +++ not scanning '/system/lib/libmedia_jni.so' for 'callUiCreatedCallback' (wrong CL)
D/dalvikvm(  387): +++ not scanning '/system/lib/libexif.so' for 'callUiCreatedCallback' (wrong CL)
D/dalvikvm(  387): +++ not scanning '/system/lib/libsrec_jni.so' for 'callUiCreatedCallback' (wrong CL)
I/APP     (  387): I 06/10/2012 23:20:31:397 00000183         AppCallbacks| addCommand: UI-CREATED
I/APP     (  387): I 06/10/2012 23:20:31:398 0000018f         AppCallbacks| Received command UI-CREATED which is greater than expected (LOCAL-SERVER-STARTED) - postpone it
I/APP     (  387): I 06/10/2012 23:20:31:399 0000018f         AppCallbacks| ThreadQueue blocked for 4294967295 seconds...
I/APP     (  387): I 06/10/2012 23:20:31:534 00000183       RhodesActivity| onServiceConnected: {com.rhomobile.placardejiujitsu/com.rhomobile.rhodes.RhodesService}
I/APP     (  387): I 06/10/2012 23:20:31:548 00000183       RhodesActivity| New start parameters: 
D/dalvikvm(  387): +++ not scanning '/system/lib/libwebcore.so' for 'canStartApp' (wrong CL)
D/dalvikvm(  387): +++ not scanning '/system/lib/libmedia_jni.so' for 'canStartApp' (wrong CL)
D/dalvikvm(  387): +++ not scanning '/system/lib/libexif.so' for 'canStartApp' (wrong CL)
D/dalvikvm(  387): +++ not scanning '/system/lib/libsrec_jni.so' for 'canStartApp' (wrong CL)
I/APP     (  387): I 06/10/2012 23:20:31:564 00000183            RhodesApp| New start params: 
I/APP     (  387): I 06/10/2012 23:20:31:970 00000190              RhoRuby| Init_RhoBlobs: /data/data/com.rhomobile.placardejiujitsu/rhodata/db/db-files
I/APP     (  387): I 06/10/2012 23:20:32:027 00000190              RhoRuby| require_compiled: rhoframework
I/APP     (  387): I 06/10/2012 23:20:32:104 00000190              RhoRuby| require_compiled: rational
I/APP     (  387): I 06/10/2012 23:20:32:122 00000190              RhoRuby| require_compiled: rhom/rhom_db_adapter
I/APP     (  264): I 06/10/2012 23:20:32:105 00000114           HttpServer| Process URI: '/system/deactivateapp'
I/APP     (  387): I 06/10/2012 23:20:32:248 00000190              RhoRuby| require_compiled: rhodes
I/APP     (  387): I 06/10/2012 23:20:32:258 00000190              RhoRuby| require_compiled: rhom/rhom_object
I/APP     (  387): I 06/10/2012 23:20:32:286 00000190              RhoRuby| require_compiled: rhofsconnector
I/APP     (  387): I 06/10/2012 23:20:32:294 00000190              RhoRuby| require_compiled: rho/rhofsconnector
I/ActivityManager(   53): Displayed activity com.rhomobile.placardejiujitsu/com.rhomobile.rhodes.RhodesActivity: 2962 ms (total 2962 ms)
I/APP     (  387): I 06/10/2012 23:20:32:408 00000190              RhoRuby| require_compiled: rhom/rhom_object_factory
I/APP     (  387): I 06/10/2012 23:20:33:238 00000190              RhoRuby| require_compiled: rhom/rhom
I/APP     (  387): I 06/10/2012 23:20:33:400 00000190              RhoRuby| require_compiled: rhom/rhom_model
I/APP     (  387): I 06/10/2012 23:20:33:537 00000190              RhoRuby| require_compiled: rhom
I/APP     (  387): I 06/10/2012 23:20:33:547 00000190              RhoRuby| require_compiled: rho/rhoapplication
I/APP     (  387): I 06/10/2012 23:20:33:634 00000190              RhoRuby| require_compiled: rholang/localization_simplified
I/APP     (  387): I 06/10/2012 23:20:33:711 00000190              RhoRuby| require_compiled: rho/rhomsg
I/APP     (  387): I 06/10/2012 23:20:33:726 00000190              RhoRuby| require_compiled: rho/rhotabbar
I/APP     (  387): I 06/10/2012 23:20:33:755 00000190              RhoRuby| require_compiled: rho/rhotoolbar
I/APP     (  387): I 06/10/2012 23:20:33:780 00000190                  APP| Current locale: ; Country code: 
I/APP     (  387): I 06/10/2012 23:20:33:785 00000190                  APP| Locilized file: /data/data/com.rhomobile.placardejiujitsu/rhodata/lib/rholang/lang_
I/APP     (  387): I 06/10/2012 23:20:33:789 00000190              RhoRuby| require_compiled: /data/data/com.rhomobile.placardejiujitsu/rhodata/lib/rholang/lang_en
I/APP     (  387): I 06/10/2012 23:20:33:805 00000190                  APP| Locilized file: /data/data/com.rhomobile.placardejiujitsu/rhodata/apps/app/lang/lang_
I/APP     (  387): I 06/10/2012 23:20:33:809 00000190                  APP| Locilized file: /data/data/com.rhomobile.placardejiujitsu/rhodata/lib/rholang/rhoerror_
I/APP     (  387): I 06/10/2012 23:20:33:812 00000190              RhoRuby| require_compiled: /data/data/com.rhomobile.placardejiujitsu/rhodata/lib/rholang/rhoerror_en
I/APP     (  387): I 06/10/2012 23:20:33:827 00000190                  APP| Locilized file: /data/data/com.rhomobile.placardejiujitsu/rhodata/lib/rholang/rhomsg_
I/APP     (  387): I 06/10/2012 23:20:33:830 00000190              RhoRuby| require_compiled: /data/data/com.rhomobile.placardejiujitsu/rhodata/lib/rholang/rhomsg_en
I/APP     (  387): I 06/10/2012 23:20:33:841 00000190              RhoRuby| require_compiled: indifferent_access
I/APP     (  387): I 06/10/2012 23:20:33:874 00000190              RhoRuby| require_compiled: rho/rhosupport
I/APP     (  387): I 06/10/2012 23:20:33:921 00000190              RhoRuby| require_compiled: rho/rhocontroller
I/APP     (  387): I 06/10/2012 23:20:33:957 00000190              RhoRuby| require_compiled: rho/render
I/APP     (  387): I 06/10/2012 23:20:34:018 00000190              RhoRuby| require_compiled: rho/rho
E/webcoreglue(  387): The real object has been deleted
D/webviewglue(  387): nativeDestroy view: 0x44da28
D/dalvikvm(  387): GC freed 2550 objects / 406768 bytes in 76ms
I/APP     (  264): I 06/10/2012 23:20:33:760 00000108       RhodesActivity| onStop
I/APP     (  387): I 06/10/2012 23:20:34:339 00000190              RhoRuby| require_compiled: rho/rhoerror
I/APP     (  387): I 06/10/2012 23:20:34:350 00000190              RhoRuby| require_compiled: rhom/rhom_source
I/APP     (  387): I 06/10/2012 23:20:34:393 00000190              RhoRuby| require_compiled: rho/rhoviewhelpers
I/APP     (  387): I 06/10/2012 23:20:34:424 00000190              RhoRuby| require_compiled: rho
I/APP     (  387): I 06/10/2012 23:20:34:429 00000190                  APP| RHO loaded
I/APP     (  387): I 06/10/2012 23:20:34:432 00000190                  APP| Calling RHO.initialize
I/APP     (  387): I 06/10/2012 23:20:34:440 00000190                   DB| Open DB: /data/data/com.rhomobile.placardejiujitsu/rhodata/db/syncdbuser.sqlite
I/APP     (  387): I 06/10/2012 23:20:34:457 00000190          GeoLocation| Creating singleton instance.
I/APP     (  387): I 06/10/2012 23:20:34:459 00000190            RhodesApp| Starting sync engine...
I/APP     (  387): I 06/10/2012 23:20:34:460 00000190                 Sync| sync_poll_interval: 0
I/APP     (  387): I 06/10/2012 23:20:34:461 00000190                 Sync| syncserver: 
I/APP     (  387): I 06/10/2012 23:20:34:463 00000190                 Sync| bulksync_state: 0
I/APP     (  387): I 06/10/2012 23:20:34:464 00000190            RhodesApp| RhoRubyInitApp...
I/APP     (  387): I 06/10/2012 23:20:34:468 00000190                  APP| init_app
I/APP     (  387): I 06/10/2012 23:20:34:470 00000190              RhoRuby| require_compiled: application
I/APP     (  387): I 06/10/2012 23:20:34:527 00000190                  APP| on_reinstall_config_update: {"LogToOutput"=>["0", "1"]}
I/APP     (  387): I 06/10/2012 23:20:34:534 00000190           HttpServer| Start HTTP server
I/APP     (  387): I 06/10/2012 23:20:34:537 00000190           HttpServer| Listen for connections on port 39754
I/APP     (  387): I 06/10/2012 23:20:34:538 00000190         AppCallbacks| addCommand: LOCAL-SERVER-STARTED
I/APP     (  387): I 06/10/2012 23:20:34:539 0000018f         AppCallbacks| process command: LOCAL-SERVER-STARTED
I/APP     (  387): I 06/10/2012 23:20:34:548 0000018f           AppStarted| Handlers have completed.
I/APP     (  387): I 06/10/2012 23:20:34:550 0000018f         AppActivated| Handlers have completed.
I/APP     (  387): I 06/10/2012 23:20:34:550 0000018f    RhodesApplication| New AppState: AppActivated
I/APP     (  387): I 06/10/2012 23:20:34:553 0000018f         AppCallbacks| process command: UI-CREATED
I/APP     (  387): I 06/10/2012 23:20:34:576 00000190           HttpServer| Process URI: '/system/uicreated'
I/APP     (  387): I 06/10/2012 23:20:34:582 00000190                  APP| on_ui_created.navigate to start url: '/app'
I/APP     (  387): I 06/10/2012 23:20:34:587 00000183         SplashScreen| navigate: url=http://localhost:39754/app
D/dalvikvm(  387): +++ not scanning '/system/lib/libwebcore.so' for 'howLongWaitMs' (wrong CL)
D/dalvikvm(  387): +++ not scanning '/system/lib/libmedia_jni.so' for 'howLongWaitMs' (wrong CL)
D/dalvikvm(  387): +++ not scanning '/system/lib/libexif.so' for 'howLongWaitMs' (wrong CL)
D/dalvikvm(  387): +++ not scanning '/system/lib/libsrec_jni.so' for 'howLongWaitMs' (wrong CL)
I/APP     (  387): I 06/10/2012 23:20:34:589 00000183         SplashScreen| DELAY for SplashScreen = 0
V/SimpleMainView(  387): ms[1339370434601] processForNativeView : [http://localhost:39754/app]
D/dalvikvm(  387): +++ not scanning '/system/lib/libwebcore.so' for 'getFactoryHandleByViewType' (wrong CL)
D/dalvikvm(  387): +++ not scanning '/system/lib/libmedia_jni.so' for 'getFactoryHandleByViewType' (wrong CL)
D/dalvikvm(  387): +++ not scanning '/system/lib/libexif.so' for 'getFactoryHandleByViewType' (wrong CL)
D/dalvikvm(  387): +++ not scanning '/system/lib/libsrec_jni.so' for 'getFactoryHandleByViewType' (wrong CL)
I/APP     (  387): I 06/10/2012 23:20:34:675 00000183       SimpleMainView| Cleared URL: http://localhost:39754/app
I/APP     (  387): I 06/10/2012 23:20:34:692 0000018f         AppCallbacks| process command: APP-ACTIVATED
V/SimpleMainView.View(  387): ms[1339370434727]  Main Window :: onSizeChanged() old [ 480 x 762 ]  new [ 0 x 0 ]
I/APP     (  387): I 06/10/2012 23:20:34:771 00000190           HttpServer| Process URI: '/system/activateapp'
I/APP     (  387): I 06/10/2012 23:20:34:799 0000018f         AppCallbacks| ThreadQueue blocked for 4294967295 seconds...
I/APP     (  387): I 06/10/2012 23:20:34:930 00000190           HttpServer| Process URI: '/app'
I/APP     (  387): I 06/10/2012 23:20:34:994 00000183     RhoWebViewClient| Loading URL: http://localhost:39754/app/index_erb.iseq
I/APP     (  387): I 06/10/2012 23:20:35:020 00000190           HttpServer| Process URI: '/app/index_erb.iseq'
I/APP     (  387): I 06/10/2012 23:20:35:033 00000190                  APP| RHO serve_index: /app/index_erb.iseq
I/APP     (  387): I 06/10/2012 23:20:35:047 00000190 RHO Rho::RhoController| inst_render_index
I/APP     (  387): I 06/10/2012 23:20:35:110 00000190 RHO Rho::RhoController| index layout
I/APP     (  387): I 06/10/2012 23:20:35:278 00000190           HttpServer| Process URI: '/public/jquery/jquery-1.6.4.min.js'
I/APP     (  387): I 06/10/2012 23:20:35:403 00000190           HttpServer| Process URI: '/public/jquery/jquery.json-2.3.min.js'
W/InputManagerService(   53): Starting input on non-focused client com.android.internal.view.IInputMethodClient$Stub$Proxy@44d4fcf0 (uid=10028 pid=264)
I/APP     (  387): I 06/10/2012 23:20:35:449 00000190           HttpServer| Process URI: '/public/jqmobile/jquery.mobile-1.0.1.min.css'
D/dalvikvm(  387): GC freed 1897 objects / 411272 bytes in 91ms
I/APP     (  387): I 06/10/2012 23:20:35:666 00000190           HttpServer| Process URI: '/public/css/jqmobile-patch.css'
I/APP     (  387): I 06/10/2012 23:20:35:713 00000190           HttpServer| Process URI: '/public/js/scoreboard.js'
I/APP     (  387): I 06/10/2012 23:20:35:775 00000190           HttpServer| Process URI: '/public/jqmobile/jquery.mobile-1.0.1.min.js'
I/APP     (  387): I 06/10/2012 23:20:35:864 00000190           HttpServer| Process URI: '/public/js/jqmobile-patch.js'
I/APP     (  387): I 06/10/2012 23:20:35:926 00000190           HttpServer| Process URI: '/public/css/android.css'
I/APP     (  387): I 06/10/2012 23:20:35:976 00000190           HttpServer| Process URI: '/public/css/layout.css'
I/APP     (  387): I 06/10/2012 23:20:42:328 00000190           HttpServer| Process URI: '/public/jqmobile/images/icons-18-white.png'
I/APP     (  387): I 06/10/2012 23:20:42:366 00000190           HttpServer| Process URI: '/public/jqmobile/images/icons-36-white.png'
D/dalvikvm(  264): GC freed 17895 objects / 436328 bytes in 4306ms
D/dalvikvm(  210): GC freed 44 objects / 2136 bytes in 2274ms
D/dalvikvm(  387): GC freed 12031 objects / 1228336 bytes in 149ms
D/dalvikvm(  264): GC freed 29373 objects / 706432 bytes in 169ms
W/ResourceType(   53): Resources don't contain package for resource number 0x7f020030
W/ResourceType(   53): Resources don't contain package for resource number 0x7f050000
W/ResourceType(   53): Resources don't contain package for resource number 0x7f060000
W/ResourceType(   53): Resources don't contain package for resource number 0x7f060001
D/dalvikvm(   53): GC freed 11981 objects / 680320 bytes in 245ms
W/ResourceType(   53): Resources don't contain package for resource number 0x7f0700e5
W/ResourceType(   53): Resources don't contain package for resource number 0x7f020031
W/ResourceType(   53): Resources don't contain package for resource number 0x7f020030
W/ResourceType(   53): Resources don't contain package for resource number 0x7f050000
W/ResourceType(   53): Resources don't contain package for resource number 0x7f060000
W/ResourceType(   53): Resources don't contain package for resource number 0x7f060001
D/AndroidRuntime(  340): 
D/AndroidRuntime(  340): >>>>>>>>>>>>>> AndroidRuntime START <<<<<<<<<<<<<<
D/AndroidRuntime(  340): CheckJNI is ON
D/dalvikvm(   53): GC freed 2042 objects / 126952 bytes in 239ms
D/AndroidRuntime(  340): --- registering native functions ---
I/ActivityManager(   53): Starting activity: Intent { act=android.intent.action.MAIN flg=0x10000000 cmp=com.rhomobile.placardejiujitsu/com.rhomobile.rhodes.RhodesActivity }
D/PhoneWindow(  264): couldn't save which view has focus because the focused view android.webkit.WebView@44eedb78 has no id.
I/APP     (  264): I 06/10/2012 23:13:25:295 00000108       RhodesActivity| onPause
I/APP     (  264): I 06/10/2012 23:13:25:308 00000114           HttpServer| Process URI: '/system/uidestroyed'
I/APP     (  264): I 06/10/2012 23:13:25:345 00000108         AppActivated| Handlers have completed.
D/AndroidRuntime(  340): Shutting down VM
D/dalvikvm(  340): DestroyJavaVM waiting for non-daemon threads to exit
D/dalvikvm(  340): DestroyJavaVM shutting VM down
D/dalvikvm(  340): HeapWorker thread shutting down
D/dalvikvm(  340): HeapWorker thread has shut down
D/jdwp    (  340): JDWP shutting down net...
I/jdwp    (  340): adbd disconnected
D/dalvikvm(  340): VM cleaning up
D/dalvikvm(  340): LinearAlloc 0x0 used 637292 of 5242880 (12%)
I/APP     (  264): I 06/10/2012 23:13:25:379 00000108    RhodesApplication| New UiState: MainActivityPaused
E/AndroidRuntime(  340): ERROR: thread attach failed
I/ActivityManager(   53): Start proc com.rhomobile.placardejiujitsu for activity com.rhomobile.placardejiujitsu/com.rhomobile.rhodes.RhodesActivity: pid=347 uid=10029 gids={3003}
D/dalvikvm(  347): Trying to load lib /data/data/com.rhomobile.placardejiujitsu/lib/librhodes.so 0x44e8c9e0
D/dalvikvm(  347): Added shared lib /data/data/com.rhomobile.placardejiujitsu/lib/librhodes.so 0x44e8c9e0
I/ActivityThread(  347): Publishing provider com.rhomobile.placardejiujitsu: com.rhomobile.rhodes.LocalFileProvider
I/RhodesApplication(  347): Initializing...
D/dalvikvm(  347): +++ not scanning '/system/lib/libwebcore.so' for 'T' (wrong CL)
D/dalvikvm(  347): +++ not scanning '/system/lib/libmedia_jni.so' for 'T' (wrong CL)
D/dalvikvm(  347): +++ not scanning '/system/lib/libexif.so' for 'T' (wrong CL)
D/dalvikvm(  347): +++ not scanning '/system/lib/libsrec_jni.so' for 'T' (wrong CL)
D/dalvikvm(  347): +++ not scanning '/system/lib/libwebcore.so' for 'initClassLoader' (wrong CL)
D/dalvikvm(  347): +++ not scanning '/system/lib/libmedia_jni.so' for 'initClassLoader' (wrong CL)
D/dalvikvm(  347): +++ not scanning '/system/lib/libexif.so' for 'initClassLoader' (wrong CL)
D/dalvikvm(  347): +++ not scanning '/system/lib/libsrec_jni.so' for 'initClassLoader' (wrong CL)
D/RhoFileApi(  347): App root path: /data/data/com.rhomobile.placardejiujitsu/rhodata/
D/RhoFileApi(  347): Sqlite journals path: /data/data/com.rhomobile.placardejiujitsu/sqlite_stmt_journals/
D/dalvikvm(  347): +++ not scanning '/system/lib/libwebcore.so' for 'nativeInitPath' (wrong CL)
D/dalvikvm(  347): +++ not scanning '/system/lib/libmedia_jni.so' for 'nativeInitPath' (wrong CL)
D/dalvikvm(  347): +++ not scanning '/system/lib/libexif.so' for 'nativeInitPath' (wrong CL)
D/dalvikvm(  347): +++ not scanning '/system/lib/libsrec_jni.so' for 'nativeInitPath' (wrong CL)
D/RhodesApplication(  347): Root path: /data/data/com.rhomobile.placardejiujitsu/rhodata/
D/dalvikvm(  347): +++ not scanning '/system/lib/libwebcore.so' for 'nativeInit' (wrong CL)
D/dalvikvm(  347): +++ not scanning '/system/lib/libmedia_jni.so' for 'nativeInit' (wrong CL)
D/dalvikvm(  347): +++ not scanning '/system/lib/libexif.so' for 'nativeInit' (wrong CL)
D/dalvikvm(  347): +++ not scanning '/system/lib/libsrec_jni.so' for 'nativeInit' (wrong CL)
I/global  (  347): Default buffer size used in BufferedReader constructor. It would be better to be explicit if an 8k-char buffer is required.
D/dalvikvm(  347): +++ not scanning '/system/lib/libwebcore.so' for 'updateStatTable' (wrong CL)
D/dalvikvm(  347): +++ not scanning '/system/lib/libmedia_jni.so' for 'updateStatTable' (wrong CL)
D/dalvikvm(  347): +++ not scanning '/system/lib/libexif.so' for 'updateStatTable' (wrong CL)
D/dalvikvm(  347): +++ not scanning '/system/lib/libsrec_jni.so' for 'updateStatTable' (wrong CL)
I/RhodesApplication(  347): Application hash was changed
D/RhoFileApi(  347): App root path: /data/data/com.rhomobile.placardejiujitsu/rhodata/
D/RhoFileApi(  347): Sqlite journals path: /data/data/com.rhomobile.placardejiujitsu/sqlite_stmt_journals/
D/RhodesApplication(  347): Root path: /data/data/com.rhomobile.placardejiujitsu/rhodata/
I/global  (  347): Default buffer size used in BufferedReader constructor. It would be better to be explicit if an 8k-char buffer is required.
D/RhoFileApi(  347): Copy hash to FS
D/RhoFileApi(  347): File hash copied
D/dalvikvm(  347): +++ not scanning '/system/lib/libwebcore.so' for 'setupRhodesApp' (wrong CL)
D/dalvikvm(  347): +++ not scanning '/system/lib/libmedia_jni.so' for 'setupRhodesApp' (wrong CL)
D/dalvikvm(  347): +++ not scanning '/system/lib/libexif.so' for 'setupRhodesApp' (wrong CL)
D/dalvikvm(  347): +++ not scanning '/system/lib/libsrec_jni.so' for 'setupRhodesApp' (wrong CL)
I/RhodesApplication(  347): Initialized
D/dalvikvm(  347): +++ not scanning '/system/lib/libwebcore.so' for 'D' (wrong CL)
D/dalvikvm(  347): +++ not scanning '/system/lib/libmedia_jni.so' for 'D' (wrong CL)
D/dalvikvm(  347): +++ not scanning '/system/lib/libexif.so' for 'D' (wrong CL)
D/dalvikvm(  347): +++ not scanning '/system/lib/libsrec_jni.so' for 'D' (wrong CL)
I/APP     (  347): I 06/10/2012 23:13:26:341 0000015b         BaseActivity| Resources orientation: 1
I/APP     (  347): I 06/10/2012 23:13:26:348 0000015b         BaseActivity| New screen properties - width: 480, height: 800, orientation: 1
D/dalvikvm(  347): +++ not scanning '/system/lib/libwebcore.so' for 'I' (wrong CL)
D/dalvikvm(  347): +++ not scanning '/system/lib/libmedia_jni.so' for 'I' (wrong CL)
D/dalvikvm(  347): +++ not scanning '/system/lib/libexif.so' for 'I' (wrong CL)
D/dalvikvm(  347): +++ not scanning '/system/lib/libsrec_jni.so' for 'I' (wrong CL)
I/APP     (  347): I 06/10/2012 23:13:26:352 0000015b               Camera| Camera capability is not enabled !
I/APP     (  347): I 06/10/2012 23:13:26:356 0000015b               Camera| Camera capability is not enabled !
D/dalvikvm(  347): +++ not scanning '/system/lib/libwebcore.so' for 'isTitleEnabled' (wrong CL)
D/dalvikvm(  347): +++ not scanning '/system/lib/libmedia_jni.so' for 'isTitleEnabled' (wrong CL)
D/dalvikvm(  347): +++ not scanning '/system/lib/libexif.so' for 'isTitleEnabled' (wrong CL)
D/dalvikvm(  347): +++ not scanning '/system/lib/libsrec_jni.so' for 'isTitleEnabled' (wrong CL)
D/dalvikvm(  347): GC freed 5040 objects / 339768 bytes in 113ms
I/APP     (  264): I 06/10/2012 23:13:27:001 00000108       AppDeactivated| Handlers have completed.
D/dalvikvm(  347): +++ not scanning '/system/lib/libwebcore.so' for 'getBool' (wrong CL)
D/dalvikvm(  347): +++ not scanning '/system/lib/libmedia_jni.so' for 'getBool' (wrong CL)
D/dalvikvm(  347): +++ not scanning '/system/lib/libexif.so' for 'getBool' (wrong CL)
D/dalvikvm(  347): +++ not scanning '/system/lib/libsrec_jni.so' for 'getBool' (wrong CL)
I/APP     (  347): I 06/10/2012 23:13:27:067 0000015b            Undefined| Handlers have completed.
I/APP     (  347): I 06/10/2012 23:13:27:069 0000015b    RhodesApplication| New UiState: MainActivityCreated
I/APP     (  347): I 06/10/2012 23:13:27:070 0000015b       RhodesActivity| onStart
I/APP     (  347): I 06/10/2012 23:13:27:074 0000015b            Undefined| Handlers have completed.
I/APP     (  347): I 06/10/2012 23:13:27:075 0000015b    RhodesApplication| New UiState: MainActivityStarted
I/APP     (  347): I 06/10/2012 23:13:27:078 0000015b       RhodesActivity| onResume
I/APP     (  347): I 06/10/2012 23:13:27:103 0000015b        RhodesService| onCreate
I/APP     (  347): I 06/10/2012 23:13:27:108 0000015b    LocalFileProvider| Revoke URI permissions: content:///com.rhomobile.placardejiujitsu
W/ActivityManager(   53): No content provider found for: 
I/APP     (  347): I 06/10/2012 23:13:27:113 0000015b               Rhodes| Loading...
D/dalvikvm(  347): +++ not scanning '/system/lib/libwebcore.so' for 'createRhodesApp' (wrong CL)
D/dalvikvm(  347): +++ not scanning '/system/lib/libmedia_jni.so' for 'createRhodesApp' (wrong CL)
D/dalvikvm(  347): +++ not scanning '/system/lib/libexif.so' for 'createRhodesApp' (wrong CL)
D/dalvikvm(  347): +++ not scanning '/system/lib/libsrec_jni.so' for 'createRhodesApp' (wrong CL)
I/APP     (  347): I 06/10/2012 23:13:27:118 0000015b            RhodesApp| Trying to get free listening port.
I/APP     (  347): I 06/10/2012 23:13:27:121 0000015b            RhodesApp| Trying to bind of 0 port...
I/APP     (  347): I 06/10/2012 23:13:27:125 0000015b            RhodesApp| Got port to bind on: 58114
I/APP     (  347): I 06/10/2012 23:13:27:130 0000015b            RhodesApp| Free listening port: 58114
I/APP     (  347): I 06/10/2012 23:13:27:128 00000165         AppCallbacks| Starting main routine...
I/APP     (  347): I 06/10/2012 23:13:27:137 00000165         AppCallbacks| ThreadQueue blocked for 4294967295 seconds...
D/dalvikvm(  347): +++ not scanning '/system/lib/libwebcore.so' for 'nativeStart' (wrong CL)
D/dalvikvm(  347): +++ not scanning '/system/lib/libmedia_jni.so' for 'nativeStart' (wrong CL)
D/dalvikvm(  347): +++ not scanning '/system/lib/libexif.so' for 'nativeStart' (wrong CL)
D/dalvikvm(  347): +++ not scanning '/system/lib/libsrec_jni.so' for 'nativeStart' (wrong CL)
I/APP     (  264): I 06/10/2012 23:13:27:208 00000108    RhodesApplication| New AppState: AppDeactivated
D/dalvikvm(  347): +++ not scanning '/system/lib/libwebcore.so' for 'isExist' (wrong CL)
D/dalvikvm(  347): +++ not scanning '/system/lib/libmedia_jni.so' for 'isExist' (wrong CL)
D/dalvikvm(  347): +++ not scanning '/system/lib/libexif.so' for 'isExist' (wrong CL)
D/dalvikvm(  347): +++ not scanning '/system/lib/libsrec_jni.so' for 'isExist' (wrong CL)
I/APP     (  347): I 06/10/2012 23:13:27:317 0000015b        RhodesService| Push is disabled
D/dalvikvm(  347): +++ not scanning '/system/lib/libwebcore.so' for 'startRhodesApp' (wrong CL)
D/dalvikvm(  347): +++ not scanning '/system/lib/libmedia_jni.so' for 'startRhodesApp' (wrong CL)
D/dalvikvm(  347): +++ not scanning '/system/lib/libexif.so' for 'startRhodesApp' (wrong CL)
D/dalvikvm(  347): +++ not scanning '/system/lib/libsrec_jni.so' for 'startRhodesApp' (wrong CL)
D/dalvikvm(  347): +++ not scanning '/system/lib/libwebcore.so' for 'callActivationCallback' (wrong CL)
D/dalvikvm(  347): +++ not scanning '/system/lib/libmedia_jni.so' for 'callActivationCallback' (wrong CL)
D/dalvikvm(  347): +++ not scanning '/system/lib/libexif.so' for 'callActivationCallback' (wrong CL)
D/dalvikvm(  347): +++ not scanning '/system/lib/libsrec_jni.so' for 'callActivationCallback' (wrong CL)
I/APP     (  347): I 06/10/2012 23:13:27:332 0000015b            RhodesApp| callAppActiveCallback
I/APP     (  347): I 06/10/2012 23:13:27:344 0000015b         AppCallbacks| addCommand: APP-ACTIVATED
I/APP     (  347): I 06/10/2012 23:13:27:348 00000165         AppCallbacks| Received command APP-ACTIVATED which is greater than expected (LOCAL-SERVER-STARTED) - postpone it
I/APP     (  347): I 06/10/2012 23:13:27:349 00000165         AppCallbacks| ThreadQueue blocked for 4294967295 seconds...
I/APP     (  347): I 06/10/2012 23:13:27:352 0000015b         AppActivated| Cannot commit now, application will be activated when started.
I/APP     (  347): I 06/10/2012 23:13:27:353 0000015b            Undefined| Handlers have completed.
I/APP     (  347): I 06/10/2012 23:13:27:360 00000167            RhodesApp| Starting RhodesApp main routine...
I/APP     (  347): I 06/10/2012 23:13:27:354 0000015b    RhodesApplication| New AppState: Undefined
D/RhodesService(  347): +++ onStartCommand
I/RhodesService(  347): handleCommand: startId=1, source=com.rhomobile.rhodes.BaseActivity
D/RhodesService(  347): New activity was created
I/APP     (  347): I 06/10/2012 23:13:27:402 0000015b        RhodesService| onBind
I/APP     (  264): I 06/10/2012 23:13:27:282 00000108        RhodesService| activityStopped() temporary release wakeLock object
I/APP     (  264): I 06/10/2012 23:13:27:441 00000108            RhodesApp| callAppActiveCallback
D/dalvikvm(  347): +++ not scanning '/system/lib/libwebcore.so' for 'callUiCreatedCallback' (wrong CL)
D/dalvikvm(  347): +++ not scanning '/system/lib/libmedia_jni.so' for 'callUiCreatedCallback' (wrong CL)
D/dalvikvm(  347): +++ not scanning '/system/lib/libexif.so' for 'callUiCreatedCallback' (wrong CL)
D/dalvikvm(  347): +++ not scanning '/system/lib/libsrec_jni.so' for 'callUiCreatedCallback' (wrong CL)
I/APP     (  347): I 06/10/2012 23:13:27:466 0000015b         AppCallbacks| addCommand: UI-CREATED
I/APP     (  347): I 06/10/2012 23:13:27:468 00000165         AppCallbacks| Received command UI-CREATED which is greater than expected (LOCAL-SERVER-STARTED) - postpone it
I/APP     (  347): I 06/10/2012 23:13:27:469 00000165         AppCallbacks| ThreadQueue blocked for 4294967295 seconds...
I/APP     (  264): I 06/10/2012 23:13:27:573 00000108         AppCallbacks| addCommand: APP-DEACTIVATED
I/APP     (  347): I 06/10/2012 23:13:27:696 0000015b       RhodesActivity| onServiceConnected: {com.rhomobile.placardejiujitsu/com.rhomobile.rhodes.RhodesService}
I/APP     (  347): I 06/10/2012 23:13:27:698 0000015b       RhodesActivity| New start parameters: 
D/dalvikvm(  347): +++ not scanning '/system/lib/libwebcore.so' for 'canStartApp' (wrong CL)
D/dalvikvm(  347): +++ not scanning '/system/lib/libmedia_jni.so' for 'canStartApp' (wrong CL)
D/dalvikvm(  347): +++ not scanning '/system/lib/libexif.so' for 'canStartApp' (wrong CL)
D/dalvikvm(  347): +++ not scanning '/system/lib/libsrec_jni.so' for 'canStartApp' (wrong CL)
I/APP     (  347): I 06/10/2012 23:13:27:701 0000015b            RhodesApp| New start params: 
I/ActivityManager(   53): Displayed activity com.rhomobile.placardejiujitsu/com.rhomobile.rhodes.RhodesActivity: 2614 ms (total 2614 ms)
E/gralloc (   53): [unregister] handle 0x4ac630 still locked (state=40000001)
I/APP     (  264): I 06/10/2012 23:13:28:594 00000113         AppCallbacks| process command: APP-DEACTIVATED
I/APP     (  347): I 06/10/2012 23:13:28:746 00000167              RhoRuby| Init_RhoBlobs: /data/data/com.rhomobile.placardejiujitsu/rhodata/db/db-files
I/APP     (  264): I 06/10/2012 23:13:28:705 00000113         AppCallbacks| ThreadQueue blocked for 4294967295 seconds...
I/APP     (  347): I 06/10/2012 23:13:28:830 00000167              RhoRuby| require_compiled: rhoframework
I/APP     (  347): I 06/10/2012 23:13:28:948 00000167              RhoRuby| require_compiled: rational
I/APP     (  347): I 06/10/2012 23:13:28:961 00000167              RhoRuby| require_compiled: rhom/rhom_db_adapter
I/APP     (  347): I 06/10/2012 23:13:29:076 00000167              RhoRuby| require_compiled: rhodes
I/APP     (  347): I 06/10/2012 23:13:29:096 00000167              RhoRuby| require_compiled: rhom/rhom_object
I/APP     (  347): I 06/10/2012 23:13:29:117 00000167              RhoRuby| require_compiled: rhofsconnector
I/APP     (  347): I 06/10/2012 23:13:29:140 00000167              RhoRuby| require_compiled: rho/rhofsconnector
I/APP     (  347): I 06/10/2012 23:13:29:172 00000167              RhoRuby| require_compiled: rhom/rhom_object_factory
I/APP     (  347): I 06/10/2012 23:13:29:892 00000167              RhoRuby| require_compiled: rhom/rhom
I/APP     (  347): I 06/10/2012 23:13:29:961 00000167              RhoRuby| require_compiled: rhom/rhom_model
I/APP     (  347): I 06/10/2012 23:13:29:995 00000167              RhoRuby| require_compiled: rhom
I/APP     (  347): I 06/10/2012 23:13:30:001 00000167              RhoRuby| require_compiled: rho/rhoapplication
I/APP     (  347): I 06/10/2012 23:13:30:045 00000167              RhoRuby| require_compiled: rholang/localization_simplified
I/APP     (  347): I 06/10/2012 23:13:30:104 00000167              RhoRuby| require_compiled: rho/rhomsg
I/APP     (  347): I 06/10/2012 23:13:30:113 00000167              RhoRuby| require_compiled: rho/rhotabbar
I/APP     (  347): I 06/10/2012 23:13:30:129 00000167              RhoRuby| require_compiled: rho/rhotoolbar
I/APP     (  347): I 06/10/2012 23:13:30:140 00000167                  APP| Current locale: ; Country code: 
I/APP     (  347): I 06/10/2012 23:13:30:147 00000167                  APP| Locilized file: /data/data/com.rhomobile.placardejiujitsu/rhodata/lib/rholang/lang_
I/APP     (  347): I 06/10/2012 23:13:30:151 00000167              RhoRuby| require_compiled: /data/data/com.rhomobile.placardejiujitsu/rhodata/lib/rholang/lang_en
I/APP     (  347): I 06/10/2012 23:13:30:168 00000167                  APP| Locilized file: /data/data/com.rhomobile.placardejiujitsu/rhodata/apps/app/lang/lang_
I/APP     (  347): I 06/10/2012 23:13:30:173 00000167                  APP| Locilized file: /data/data/com.rhomobile.placardejiujitsu/rhodata/lib/rholang/rhoerror_
I/APP     (  347): I 06/10/2012 23:13:30:177 00000167              RhoRuby| require_compiled: /data/data/com.rhomobile.placardejiujitsu/rhodata/lib/rholang/rhoerror_en
I/APP     (  347): I 06/10/2012 23:13:30:192 00000167                  APP| Locilized file: /data/data/com.rhomobile.placardejiujitsu/rhodata/lib/rholang/rhomsg_
I/APP     (  347): I 06/10/2012 23:13:30:198 00000167              RhoRuby| require_compiled: /data/data/com.rhomobile.placardejiujitsu/rhodata/lib/rholang/rhomsg_en
I/APP     (  347): I 06/10/2012 23:13:30:210 00000167              RhoRuby| require_compiled: indifferent_access
I/APP     (  347): I 06/10/2012 23:13:30:240 00000167              RhoRuby| require_compiled: rho/rhosupport
I/APP     (  347): I 06/10/2012 23:13:30:292 00000167              RhoRuby| require_compiled: rho/rhocontroller
I/APP     (  347): I 06/10/2012 23:13:30:324 00000167              RhoRuby| require_compiled: rho/render
I/APP     (  347): I 06/10/2012 23:13:30:388 00000167              RhoRuby| require_compiled: rho/rho
E/webcoreglue(  347): The real object has been deleted
D/webviewglue(  347): nativeDestroy view: 0x446ef8
D/dalvikvm(  347): GC freed 2564 objects / 407176 bytes in 90ms
I/APP     (  347): I 06/10/2012 23:13:30:712 00000167              RhoRuby| require_compiled: rho/rhoerror
I/APP     (  347): I 06/10/2012 23:13:30:724 00000167              RhoRuby| require_compiled: rhom/rhom_source
I/APP     (  347): I 06/10/2012 23:13:30:763 00000167              RhoRuby| require_compiled: rho/rhoviewhelpers
I/APP     (  347): I 06/10/2012 23:13:30:800 00000167              RhoRuby| require_compiled: rho
I/APP     (  347): I 06/10/2012 23:13:30:806 00000167                  APP| RHO loaded
I/APP     (  347): I 06/10/2012 23:13:30:809 00000167                  APP| Calling RHO.initialize
I/APP     (  347): I 06/10/2012 23:13:30:820 00000167                   DB| Open DB: /data/data/com.rhomobile.placardejiujitsu/rhodata/db/syncdbuser.sqlite
I/APP     (  347): I 06/10/2012 23:13:30:854 00000167          GeoLocation| Creating singleton instance.
I/APP     (  347): I 06/10/2012 23:13:30:857 00000167            RhodesApp| Starting sync engine...
I/APP     (  347): I 06/10/2012 23:13:30:858 00000167                 Sync| sync_poll_interval: 0
I/APP     (  347): I 06/10/2012 23:13:30:859 00000167                 Sync| syncserver: 
I/APP     (  347): I 06/10/2012 23:13:30:862 00000167                 Sync| bulksync_state: 0
I/APP     (  347): I 06/10/2012 23:13:30:863 00000167            RhodesApp| RhoRubyInitApp...
I/APP     (  347): I 06/10/2012 23:13:30:864 00000167                  APP| init_app
I/APP     (  347): I 06/10/2012 23:13:30:868 00000167              RhoRuby| require_compiled: application
I/APP     (  347): I 06/10/2012 23:13:30:922 00000167                  APP| on_reinstall_config_update: {"LogToOutput"=>["0", "1"]}
I/APP     (  347): I 06/10/2012 23:13:30:933 00000167           HttpServer| Start HTTP server
I/APP     (  347): I 06/10/2012 23:13:30:939 00000167           HttpServer| Listen for connections on port 58114
I/APP     (  347): I 06/10/2012 23:13:30:942 00000167         AppCallbacks| addCommand: LOCAL-SERVER-STARTED
I/APP     (  347): I 06/10/2012 23:13:30:946 00000165         AppCallbacks| process command: LOCAL-SERVER-STARTED
I/APP     (  347): I 06/10/2012 23:13:30:956 00000165           AppStarted| Handlers have completed.
I/APP     (  347): I 06/10/2012 23:13:30:959 00000165         AppActivated| Handlers have completed.
I/APP     (  347): I 06/10/2012 23:13:30:962 00000165    RhodesApplication| New AppState: AppActivated
I/APP     (  347): I 06/10/2012 23:13:30:964 00000165         AppCallbacks| process command: UI-CREATED
I/APP     (  347): I 06/10/2012 23:13:30:989 00000167           HttpServer| Process URI: '/system/uicreated'
I/APP     (  347): I 06/10/2012 23:13:30:994 00000167                  APP| on_ui_created.navigate to start url: '/app'
I/APP     (  347): I 06/10/2012 23:13:30:998 0000015b         SplashScreen| navigate: url=http://localhost:58114/app
D/dalvikvm(  347): +++ not scanning '/system/lib/libwebcore.so' for 'howLongWaitMs' (wrong CL)
D/dalvikvm(  347): +++ not scanning '/system/lib/libmedia_jni.so' for 'howLongWaitMs' (wrong CL)
D/dalvikvm(  347): +++ not scanning '/system/lib/libexif.so' for 'howLongWaitMs' (wrong CL)
D/dalvikvm(  347): +++ not scanning '/system/lib/libsrec_jni.so' for 'howLongWaitMs' (wrong CL)
I/APP     (  347): I 06/10/2012 23:13:30:999 0000015b         SplashScreen| DELAY for SplashScreen = 0
V/SimpleMainView(  347): ms[1339370011012] processForNativeView : [http://localhost:58114/app]
D/dalvikvm(  347): +++ not scanning '/system/lib/libwebcore.so' for 'getFactoryHandleByViewType' (wrong CL)
D/dalvikvm(  347): +++ not scanning '/system/lib/libmedia_jni.so' for 'getFactoryHandleByViewType' (wrong CL)
D/dalvikvm(  347): +++ not scanning '/system/lib/libexif.so' for 'getFactoryHandleByViewType' (wrong CL)
D/dalvikvm(  347): +++ not scanning '/system/lib/libsrec_jni.so' for 'getFactoryHandleByViewType' (wrong CL)
I/APP     (  347): I 06/10/2012 23:13:31:034 0000015b       SimpleMainView| Cleared URL: http://localhost:58114/app
I/APP     (  347): I 06/10/2012 23:13:31:045 00000165         AppCallbacks| process command: APP-ACTIVATED
V/SimpleMainView.View(  347): ms[1339370011061]  Main Window :: onSizeChanged() old [ 480 x 762 ]  new [ 0 x 0 ]
I/APP     (  347): I 06/10/2012 23:13:31:095 00000167           HttpServer| Process URI: '/system/activateapp'
I/APP     (  347): I 06/10/2012 23:13:31:107 00000165         AppCallbacks| ThreadQueue blocked for 4294967295 seconds...
I/APP     (  347): I 06/10/2012 23:13:31:176 00000167           HttpServer| Process URI: '/app'
I/APP     (  347): I 06/10/2012 23:13:31:248 0000015b     RhoWebViewClient| Loading URL: http://localhost:58114/app/index_erb.iseq
I/APP     (  347): I 06/10/2012 23:13:31:266 00000167           HttpServer| Process URI: '/app/index_erb.iseq'
I/APP     (  347): I 06/10/2012 23:13:31:271 00000167                  APP| RHO serve_index: /app/index_erb.iseq
I/APP     (  347): I 06/10/2012 23:13:31:281 00000167 RHO Rho::RhoController| inst_render_index
I/APP     (  264): I 06/10/2012 23:13:31:310 00000114           HttpServer| Process URI: '/system/deactivateapp'
I/APP     (  347): I 06/10/2012 23:13:31:336 00000167 RHO Rho::RhoController| index layout
I/APP     (  347): I 06/10/2012 23:13:31:500 00000167           HttpServer| Process URI: '/public/jquery/jquery-1.6.4.min.js'
I/APP     (  347): I 06/10/2012 23:13:31:721 00000167           HttpServer| Process URI: '/public/jquery/jquery.json-2.3.min.js'
I/APP     (  347): I 06/10/2012 23:13:31:805 00000167           HttpServer| Process URI: '/public/jqmobile/jquery.mobile-1.0.1.min.css'
D/dalvikvm(  347): GC freed 2282 objects / 474112 bytes in 103ms
I/APP     (  347): I 06/10/2012 23:13:32:099 00000167           HttpServer| Process URI: '/public/css/jqmobile-patch.css'
I/APP     (  347): I 06/10/2012 23:13:32:188 00000167           HttpServer| Process URI: '/public/js/scoreboard.js'
I/APP     (  347): I 06/10/2012 23:13:32:266 00000167           HttpServer| Process URI: '/public/jqmobile/jquery.mobile-1.0.1.min.js'
I/APP     (  347): I 06/10/2012 23:13:32:370 00000167           HttpServer| Process URI: '/public/js/jqmobile-patch.js'
I/APP     (  347): I 06/10/2012 23:13:32:440 00000167           HttpServer| Process URI: '/public/css/android.css'
I/APP     (  347): I 06/10/2012 23:13:32:493 00000167           HttpServer| Process URI: '/public/css/layout.css'
I/APP     (  264): I 06/10/2012 23:13:33:381 00000108       RhodesActivity| onStop
W/InputManagerService(   53): Starting input on non-focused client com.android.internal.view.IInputMethodClient$Stub$Proxy@44d4fcf0 (uid=10028 pid=264)
D/dalvikvm(  264): GC freed 1254 objects / 36176 bytes in 3757ms
I/APP     (  347): I 06/10/2012 23:13:38:946 00000167           HttpServer| Process URI: '/public/jqmobile/images/icons-18-white.png'
I/APP     (  347): I 06/10/2012 23:13:38:985 00000167           HttpServer| Process URI: '/public/jqmobile/images/icons-36-white.png'
D/dalvikvm(   97): GC freed 3474 objects / 203736 bytes in 3536ms
D/dalvikvm(  210): GC freed 80 objects / 3920 bytes in 2567ms
D/dalvikvm(  347): GC freed 9118 objects / 1110952 bytes in 153ms
