D/AndroidRuntime(  370): 
D/AndroidRuntime(  370): >>>>>>>>>>>>>> AndroidRuntime START <<<<<<<<<<<<<<
D/AndroidRuntime(  370): CheckJNI is ON
D/AndroidRuntime(  370): --- registering native functions ---
D/PackageParser(   53): Scanning package: /data/app/vmdl32283.tmp
I/PackageManager(   53): Removing non-system package:com.rhomobile.placardejiujitsu
D/PackageManager(   53): Removing package com.rhomobile.placardejiujitsu
D/PackageManager(   53): Unregistered content provider: com.rhomobile.placardejiujitsu, className = com.rhomobile.rhodes.LocalFileProvider, isSyncable = false
D/PackageManager(   53):   Providers: com.rhomobile.rhodes.LocalFileProvider
D/PackageManager(   53):   Services: com.rhomobile.rhodes.RhodesService
D/PackageManager(   53):   Activities: com.rhomobile.rhodes.RhodesActivity com.rhomobile.rhodes.alert.PopupActivity com.rhomobile.rhodes.camera.FileList com.rhomobile.rhodes.camera.ImageCapture com.rhomobile.rhodes.signature.ImageCapture com.rhomobile.rhodes.datetime.DateTimePickerScreen com.rhomobile.rhodes.mapview.MapView com.rhomobile.rhodes.mapview.GoogleMapView com.rhomobile.rhodes.bluetooth.RhoBluetoothDeviceListActivity
D/PackageManager(   53): Scanning package com.rhomobile.placardejiujitsu
I/PackageManager(   53): /data/app/vmdl32283.tmp changed; unpacking
D/dalvikvm(   53): GC freed 17936 objects / 1129544 bytes in 146ms
D/PackageManager(   53): Caching shared lib lib/armeabi/librhodes.so
D/installd(   32): DexInv: --- BEGIN '/data/app/vmdl32283.tmp' ---
D/dalvikvm(  376): DexOpt: load 133ms, verify 811ms, opt 23ms
D/installd(   32): DexInv: --- END '/data/app/vmdl32283.tmp' (success) ---
D/ActivityManager(   53): Uninstalling process com.rhomobile.placardejiujitsu
D/ActivityManager(   53): Force removing process ProcessRecord{44decfa8 347:com.rhomobile.placardejiujitsu/10029} (com.rhomobile.placardejiujitsu/10029)
W/ActivityManager(   53): Scheduling restart of crashed service com.rhomobile.placardejiujitsu/com.rhomobile.rhodes.RhodesService in 5000ms
I/Process (   53): Sending signal. PID: 347 SIG: 9
I/UsageStats(   53): Unexpected resume of com.rhomobile.xdojoplacardejiujitsu while already resumed in com.rhomobile.placardejiujitsu
I/APP     (  264): I 06/10/2012 23:20:26:008 00000108            RhodesApp| callAppActiveCallback
I/APP     (  264): I 06/10/2012 23:20:26:013 00000108         AppCallbacks| addCommand: APP-ACTIVATED
I/APP     (  264): I 06/10/2012 23:20:26:016 00000113            RhodesApp| restart local server.
I/APP     (  264): I 06/10/2012 23:20:26:017 00000113           HttpServer| Stopping server...
I/APP     (  264): I 06/10/2012 23:20:26:022 00000114           HttpServer| Start HTTP server
I/APP     (  264): I 06/10/2012 23:20:26:027 00000114           HttpServer| Listen for connections on port 49631
I/APP     (  264): I 06/10/2012 23:20:26:029 00000114         AppCallbacks| addCommand: LOCAL-SERVER-STARTED
I/APP     (  264): I 06/10/2012 23:20:26:030 00000113         AppCallbacks| Received command APP-ACTIVATED which is greater than expected (LOCAL-SERVER-STARTED) - postpone it
I/APP     (  264): I 06/10/2012 23:20:26:038 00000113         AppCallbacks| process command: LOCAL-SERVER-STARTED
I/APP     (  264): I 06/10/2012 23:20:26:049 00000113           AppStarted| Handlers have completed.
I/APP     (  264): I 06/10/2012 23:20:26:052 00000113         AppActivated| Handlers have completed.
I/APP     (  264): I 06/10/2012 23:20:26:036 00000108         AppActivated| Handlers have completed.
I/APP     (  264): I 06/10/2012 23:20:26:054 00000108    RhodesApplication| New AppState: AppActivated
I/APP     (  264): I 06/10/2012 23:20:26:056 00000108       RhodesActivity| onStart
I/APP     (  264): I 06/10/2012 23:20:26:060 00000108         AppActivated| Handlers have completed.
I/APP     (  264): I 06/10/2012 23:20:26:061 00000108    RhodesApplication| New UiState: MainActivityStarted
I/APP     (  264): I 06/10/2012 23:20:26:066 00000113    RhodesApplication| New AppState: AppActivated
I/APP     (  264): I 06/10/2012 23:20:26:068 00000113         AppCallbacks| process command: APP-ACTIVATED
I/APP     (  264): I 06/10/2012 23:20:26:062 00000108       RhodesActivity| onResume
I/APP     (  264): I 06/10/2012 23:20:26:157 00000114           HttpServer| Process URI: '/system/activateapp'
I/APP     (  264): I 06/10/2012 23:20:26:250 00000113         AppCallbacks| ThreadQueue blocked for 4294967295 seconds...
I/APP     (  264): I 06/10/2012 23:20:26:253 00000113         AppCallbacks| ThreadQueue blocked for 4294967295 seconds...
D/PackageManager(   53): Registered content provider: com.rhomobile.placardejiujitsu, className = com.rhomobile.rhodes.LocalFileProvider, isSyncable = false
D/PackageManager(   53):   Providers: com.rhomobile.rhodes.LocalFileProvider
D/PackageManager(   53):   Services: com.rhomobile.rhodes.RhodesService
W/WindowManager(   53): Rebuild removed 3 windows but added 2
D/PackageManager(   53):   Activities: com.rhomobile.rhodes.RhodesActivity com.rhomobile.rhodes.alert.PopupActivity com.rhomobile.rhodes.camera.FileList com.rhomobile.rhodes.camera.ImageCapture com.rhomobile.rhodes.signature.ImageCapture com.rhomobile.rhodes.datetime.DateTimePickerScreen com.rhomobile.rhodes.mapview.MapView com.rhomobile.rhodes.mapview.GoogleMapView com.rhomobile.rhodes.bluetooth.RhoBluetoothDeviceListActivity
E/ActivityThread(   53): Failed to find provider info for android.server.checkin
W/Checkin (   53): Can't log event SYSTEM_SERVICE_LOOPING: java.lang.IllegalArgumentException: Unknown URL content://android.server.checkin/events
D/ActivityManager(   53): Received spurious death notification for thread android.os.BinderProxy@44d1d790
I/WindowManager(   53): WIN DEATH: Window{44e56658 com.rhomobile.placardejiujitsu/com.rhomobile.rhodes.RhodesActivity paused=false}
I/installd(   32): move /data/dalvik-cache/data@app@vmdl32283.tmp@classes.dex -> /data/dalvik-cache/data@app@com.rhomobile.placardejiujitsu.apk@classes.dex
D/PackageManager(   53): New package installed in /data/app/com.rhomobile.placardejiujitsu.apk
D/AndroidRuntime(  370): Shutting down VM
D/dalvikvm(  370): DestroyJavaVM waiting for non-daemon threads to exit
D/dalvikvm(  370): DestroyJavaVM shutting VM down
D/dalvikvm(  370): HeapWorker thread shutting down
D/dalvikvm(  370): HeapWorker thread has shut down
D/jdwp    (  370): JDWP shutting down net...
I/jdwp    (  370): adbd disconnected
D/dalvikvm(  370): VM cleaning up
D/ActivityManager(   53): Uninstalling process com.rhomobile.placardejiujitsu
E/AndroidRuntime(  370): ERROR: thread attach failed
D/dalvikvm(  370): LinearAlloc 0x0 used 621708 of 5242880 (11%)
W/ResourceType(   53): Resources don't contain package for resource number 0x7f0700e5
W/ResourceType(   53): Resources don't contain package for resource number 0x7f020031
W/ResourceType(   53): Resources don't contain package for resource number 0x7f020030
W/ResourceType(   53): Resources don't contain package for resource number 0x7f050000
W/ResourceType(   53): Resources don't contain package for resource number 0x7f060000
W/ResourceType(   53): Resources don't contain package for resource number 0x7f060001
W/ResourceType(   53): Resources don't contain package for resource number 0x7f0700e5
W/ResourceType(   53): Resources don't contain package for resource number 0x7f020031
W/ResourceType(   53): Resources don't contain package for resource number 0x7f020030
W/ResourceType(   53): Resources don't contain package for resource number 0x7f050000
W/ResourceType(   53): Resources don't contain package for resource number 0x7f060000
W/ResourceType(   53): Resources don't contain package for resource number 0x7f060001
D/dalvikvm(   53): GC freed 11499 objects / 663080 bytes in 388ms
D/AndroidRuntime(  381): 
D/AndroidRuntime(  381): >>>>>>>>>>>>>> AndroidRuntime START <<<<<<<<<<<<<<
D/AndroidRuntime(  381): CheckJNI is ON
D/AndroidRuntime(  381): --- registering native functions ---
D/dalvikvm(   97): GC freed 348 objects / 16216 bytes in 1449ms
I/ActivityManager(   53): Starting activity: Intent { act=android.intent.action.MAIN flg=0x10000000 cmp=com.rhomobile.placardejiujitsu/com.rhomobile.rhodes.RhodesActivity }
D/PhoneWindow(  264): couldn't save which view has focus because the focused view android.webkit.WebView@44eedb78 has no id.
I/APP     (  264): I 06/10/2012 23:20:29:286 00000108       RhodesActivity| onPause
I/APP     (  264): I 06/10/2012 23:20:29:297 00000114           HttpServer| Process URI: '/system/uidestroyed'
I/APP     (  264): I 06/10/2012 23:20:29:317 00000108         AppActivated| Handlers have completed.
I/APP     (  264): I 06/10/2012 23:20:29:354 00000108    RhodesApplication| New UiState: MainActivityPaused
I/ActivityManager(   53): Start proc com.rhomobile.placardejiujitsu for activity com.rhomobile.placardejiujitsu/com.rhomobile.rhodes.RhodesActivity: pid=387 uid=10029 gids={3003}
D/AndroidRuntime(  381): Shutting down VM
D/dalvikvm(  381): DestroyJavaVM waiting for non-daemon threads to exit
D/dalvikvm(  381): DestroyJavaVM shutting VM down
D/dalvikvm(  381): HeapWorker thread shutting down
D/dalvikvm(  381): HeapWorker thread has shut down
D/jdwp    (  381): JDWP shutting down net...
I/jdwp    (  381): adbd disconnected
D/dalvikvm(  381): VM cleaning up
D/dalvikvm(  381): LinearAlloc 0x0 used 637292 of 5242880 (12%)
I/dalvikvm(  381): JNI: AttachCurrentThread (from ???.???)
E/AndroidRuntime(  381): ERROR: thread attach failed
I/APP     (  264): I 06/10/2012 23:20:29:878 00000108       AppDeactivated| Handlers have completed.
D/dalvikvm(  387): Trying to load lib /data/data/com.rhomobile.placardejiujitsu/lib/librhodes.so 0x44e8c9e0
D/dalvikvm(  387): Added shared lib /data/data/com.rhomobile.placardejiujitsu/lib/librhodes.so 0x44e8c9e0
I/ActivityThread(  387): Publishing provider com.rhomobile.placardejiujitsu: com.rhomobile.rhodes.LocalFileProvider
I/RhodesApplication(  387): Initializing...
D/dalvikvm(  387): +++ not scanning '/system/lib/libwebcore.so' for 'T' (wrong CL)
D/dalvikvm(  387): +++ not scanning '/system/lib/libmedia_jni.so' for 'T' (wrong CL)
D/dalvikvm(  387): +++ not scanning '/system/lib/libexif.so' for 'T' (wrong CL)
D/dalvikvm(  387): +++ not scanning '/system/lib/libsrec_jni.so' for 'T' (wrong CL)
D/dalvikvm(  387): +++ not scanning '/system/lib/libwebcore.so' for 'initClassLoader' (wrong CL)
D/dalvikvm(  387): +++ not scanning '/system/lib/libmedia_jni.so' for 'initClassLoader' (wrong CL)
D/dalvikvm(  387): +++ not scanning '/system/lib/libexif.so' for 'initClassLoader' (wrong CL)
D/dalvikvm(  387): +++ not scanning '/system/lib/libsrec_jni.so' for 'initClassLoader' (wrong CL)
D/RhoFileApi(  387): App root path: /data/data/com.rhomobile.placardejiujitsu/rhodata/
D/RhoFileApi(  387): Sqlite journals path: /data/data/com.rhomobile.placardejiujitsu/sqlite_stmt_journals/
D/dalvikvm(  387): +++ not scanning '/system/lib/libwebcore.so' for 'nativeInitPath' (wrong CL)
D/dalvikvm(  387): +++ not scanning '/system/lib/libmedia_jni.so' for 'nativeInitPath' (wrong CL)
D/dalvikvm(  387): +++ not scanning '/system/lib/libexif.so' for 'nativeInitPath' (wrong CL)
D/dalvikvm(  387): +++ not scanning '/system/lib/libsrec_jni.so' for 'nativeInitPath' (wrong CL)
D/RhodesApplication(  387): Root path: /data/data/com.rhomobile.placardejiujitsu/rhodata/
D/dalvikvm(  387): +++ not scanning '/system/lib/libwebcore.so' for 'nativeInit' (wrong CL)
D/dalvikvm(  387): +++ not scanning '/system/lib/libmedia_jni.so' for 'nativeInit' (wrong CL)
D/dalvikvm(  387): +++ not scanning '/system/lib/libexif.so' for 'nativeInit' (wrong CL)
D/dalvikvm(  387): +++ not scanning '/system/lib/libsrec_jni.so' for 'nativeInit' (wrong CL)
I/global  (  387): Default buffer size used in BufferedReader constructor. It would be better to be explicit if an 8k-char buffer is required.
D/dalvikvm(  387): +++ not scanning '/system/lib/libwebcore.so' for 'updateStatTable' (wrong CL)
D/dalvikvm(  387): +++ not scanning '/system/lib/libmedia_jni.so' for 'updateStatTable' (wrong CL)
D/dalvikvm(  387): +++ not scanning '/system/lib/libexif.so' for 'updateStatTable' (wrong CL)
D/dalvikvm(  387): +++ not scanning '/system/lib/libsrec_jni.so' for 'updateStatTable' (wrong CL)
I/RhodesApplication(  387): Application hash was changed
D/RhoFileApi(  387): App root path: /data/data/com.rhomobile.placardejiujitsu/rhodata/
D/RhoFileApi(  387): Sqlite journals path: /data/data/com.rhomobile.placardejiujitsu/sqlite_stmt_journals/
D/RhodesApplication(  387): Root path: /data/data/com.rhomobile.placardejiujitsu/rhodata/
I/global  (  387): Default buffer size used in BufferedReader constructor. It would be better to be explicit if an 8k-char buffer is required.
D/RhoFileApi(  387): Copy hash to FS
D/RhoFileApi(  387): File hash copied
D/dalvikvm(  387): +++ not scanning '/system/lib/libwebcore.so' for 'setupRhodesApp' (wrong CL)
D/dalvikvm(  387): +++ not scanning '/system/lib/libmedia_jni.so' for 'setupRhodesApp' (wrong CL)
D/dalvikvm(  387): +++ not scanning '/system/lib/libexif.so' for 'setupRhodesApp' (wrong CL)
D/dalvikvm(  387): +++ not scanning '/system/lib/libsrec_jni.so' for 'setupRhodesApp' (wrong CL)
I/RhodesApplication(  387): Initialized
D/dalvikvm(  387): +++ not scanning '/system/lib/libwebcore.so' for 'D' (wrong CL)
D/dalvikvm(  387): +++ not scanning '/system/lib/libmedia_jni.so' for 'D' (wrong CL)
D/dalvikvm(  387): +++ not scanning '/system/lib/libexif.so' for 'D' (wrong CL)
D/dalvikvm(  387): +++ not scanning '/system/lib/libsrec_jni.so' for 'D' (wrong CL)
I/APP     (  387): I 06/10/2012 23:20:30:431 00000183         BaseActivity| Resources orientation: 1
I/APP     (  387): I 06/10/2012 23:20:30:444 00000183         BaseActivity| New screen properties - width: 480, height: 800, orientation: 1
D/dalvikvm(  387): +++ not scanning '/system/lib/libwebcore.so' for 'I' (wrong CL)
D/dalvikvm(  387): +++ not scanning '/system/lib/libmedia_jni.so' for 'I' (wrong CL)
D/dalvikvm(  387): +++ not scanning '/system/lib/libexif.so' for 'I' (wrong CL)
D/dalvikvm(  387): +++ not scanning '/system/lib/libsrec_jni.so' for 'I' (wrong CL)
I/APP     (  387): I 06/10/2012 23:20:30:459 00000183               Camera| Camera capability is not enabled !
I/APP     (  387): I 06/10/2012 23:20:30:461 00000183               Camera| Camera capability is not enabled !
D/dalvikvm(  387): +++ not scanning '/system/lib/libwebcore.so' for 'isTitleEnabled' (wrong CL)
D/dalvikvm(  387): +++ not scanning '/system/lib/libmedia_jni.so' for 'isTitleEnabled' (wrong CL)
D/dalvikvm(  387): +++ not scanning '/system/lib/libexif.so' for 'isTitleEnabled' (wrong CL)
D/dalvikvm(  387): +++ not scanning '/system/lib/libsrec_jni.so' for 'isTitleEnabled' (wrong CL)
I/APP     (  264): I 06/10/2012 23:20:30:519 00000108    RhodesApplication| New AppState: AppDeactivated
I/APP     (  264): I 06/10/2012 23:20:30:616 00000108        RhodesService| activityStopped() temporary release wakeLock object
I/APP     (  264): I 06/10/2012 23:20:30:636 00000108            RhodesApp| callAppActiveCallback
D/dalvikvm(  387): GC freed 5066 objects / 340776 bytes in 85ms
I/APP     (  264): I 06/10/2012 23:20:30:896 00000108         AppCallbacks| addCommand: APP-DEACTIVATED
I/APP     (  264): I 06/10/2012 23:20:30:946 00000113         AppCallbacks| process command: APP-DEACTIVATED
I/APP     (  264): I 06/10/2012 23:20:30:967 00000113         AppCallbacks| ThreadQueue blocked for 4294967295 seconds...
D/dalvikvm(  387): +++ not scanning '/system/lib/libwebcore.so' for 'getBool' (wrong CL)
D/dalvikvm(  387): +++ not scanning '/system/lib/libmedia_jni.so' for 'getBool' (wrong CL)
D/dalvikvm(  387): +++ not scanning '/system/lib/libexif.so' for 'getBool' (wrong CL)
D/dalvikvm(  387): +++ not scanning '/system/lib/libsrec_jni.so' for 'getBool' (wrong CL)
I/APP     (  387): I 06/10/2012 23:20:31:046 00000183            Undefined| Handlers have completed.
I/APP     (  387): I 06/10/2012 23:20:31:052 00000183    RhodesApplication| New UiState: MainActivityCreated
I/APP     (  387): I 06/10/2012 23:20:31:056 00000183       RhodesActivity| onStart
I/APP     (  387): I 06/10/2012 23:20:31:058 00000183            Undefined| Handlers have completed.
I/APP     (  387): I 06/10/2012 23:20:31:059 00000183    RhodesApplication| New UiState: MainActivityStarted
I/APP     (  387): I 06/10/2012 23:20:31:076 00000183       RhodesActivity| onResume
I/APP     (  387): I 06/10/2012 23:20:31:108 00000183        RhodesService| onCreate
I/APP     (  387): I 06/10/2012 23:20:31:115 00000183    LocalFileProvider| Revoke URI permissions: content:///com.rhomobile.placardejiujitsu
W/ActivityManager(   53): No content provider found for: 
I/APP     (  387): I 06/10/2012 23:20:31:122 00000183               Rhodes| Loading...
D/dalvikvm(  387): +++ not scanning '/system/lib/libwebcore.so' for 'createRhodesApp' (wrong CL)
D/dalvikvm(  387): +++ not scanning '/system/lib/libmedia_jni.so' for 'createRhodesApp' (wrong CL)
D/dalvikvm(  387): +++ not scanning '/system/lib/libexif.so' for 'createRhodesApp' (wrong CL)
D/dalvikvm(  387): +++ not scanning '/system/lib/libsrec_jni.so' for 'createRhodesApp' (wrong CL)
I/APP     (  387): I 06/10/2012 23:20:31:127 00000183            RhodesApp| Trying to get free listening port.
I/APP     (  387): I 06/10/2012 23:20:31:134 00000183            RhodesApp| Trying to bind of 0 port...
I/APP     (  387): I 06/10/2012 23:20:31:137 00000183            RhodesApp| Got port to bind on: 39754
I/APP     (  387): I 06/10/2012 23:20:31:138 00000183            RhodesApp| Free listening port: 39754
D/dalvikvm(  387): +++ not scanning '/system/lib/libwebcore.so' for 'nativeStart' (wrong CL)
I/APP     (  387): I 06/10/2012 23:20:31:150 0000018f         AppCallbacks| Starting main routine...
D/dalvikvm(  387): +++ not scanning '/system/lib/libmedia_jni.so' for 'nativeStart' (wrong CL)
D/dalvikvm(  387): +++ not scanning '/system/lib/libexif.so' for 'nativeStart' (wrong CL)
D/dalvikvm(  387): +++ not scanning '/system/lib/libsrec_jni.so' for 'nativeStart' (wrong CL)
I/APP     (  387): I 06/10/2012 23:20:31:151 0000018f         AppCallbacks| ThreadQueue blocked for 4294967295 seconds...
D/dalvikvm(  387): +++ not scanning '/system/lib/libwebcore.so' for 'isExist' (wrong CL)
D/dalvikvm(  387): +++ not scanning '/system/lib/libmedia_jni.so' for 'isExist' (wrong CL)
D/dalvikvm(  387): +++ not scanning '/system/lib/libexif.so' for 'isExist' (wrong CL)
D/dalvikvm(  387): +++ not scanning '/system/lib/libsrec_jni.so' for 'isExist' (wrong CL)
I/APP     (  387): I 06/10/2012 23:20:31:297 00000183        RhodesService| Push is disabled
D/dalvikvm(  387): +++ not scanning '/system/lib/libwebcore.so' for 'startRhodesApp' (wrong CL)
D/dalvikvm(  387): +++ not scanning '/system/lib/libmedia_jni.so' for 'startRhodesApp' (wrong CL)
D/dalvikvm(  387): +++ not scanning '/system/lib/libexif.so' for 'startRhodesApp' (wrong CL)
D/dalvikvm(  387): +++ not scanning '/system/lib/libsrec_jni.so' for 'startRhodesApp' (wrong CL)
D/dalvikvm(  387): +++ not scanning '/system/lib/libwebcore.so' for 'callActivationCallback' (wrong CL)
D/dalvikvm(  387): +++ not scanning '/system/lib/libmedia_jni.so' for 'callActivationCallback' (wrong CL)
D/dalvikvm(  387): +++ not scanning '/system/lib/libexif.so' for 'callActivationCallback' (wrong CL)
D/dalvikvm(  387): +++ not scanning '/system/lib/libsrec_jni.so' for 'callActivationCallback' (wrong CL)
I/APP     (  387): I 06/10/2012 23:20:31:312 00000183            RhodesApp| callAppActiveCallback
I/APP     (  387): I 06/10/2012 23:20:31:316 00000183         AppCallbacks| addCommand: APP-ACTIVATED
I/APP     (  387): I 06/10/2012 23:20:31:326 0000018f         AppCallbacks| Received command APP-ACTIVATED which is greater than expected (LOCAL-SERVER-STARTED) - postpone it
I/APP     (  387): I 06/10/2012 23:20:31:327 0000018f         AppCallbacks| ThreadQueue blocked for 4294967295 seconds...
I/APP     (  387): I 06/10/2012 23:20:31:330 00000183         AppActivated| Cannot commit now, application will be activated when started.
I/APP     (  387): I 06/10/2012 23:20:31:331 00000183            Undefined| Handlers have completed.
I/APP     (  387): I 06/10/2012 23:20:31:337 00000190            RhodesApp| Starting RhodesApp main routine...
I/APP     (  387): I 06/10/2012 23:20:31:340 00000183    RhodesApplication| New AppState: Undefined
D/RhodesService(  387): +++ onStartCommand
I/RhodesService(  387): handleCommand: startId=1, source=com.rhomobile.rhodes.BaseActivity
D/RhodesService(  387): New activity was created
I/APP     (  387): I 06/10/2012 23:20:31:379 00000183        RhodesService| onBind
D/dalvikvm(  387): +++ not scanning '/system/lib/libwebcore.so' for 'callUiCreatedCallback' (wrong CL)
W/webcore (  387): Can't get the viewWidth after the first layout
D/dalvikvm(  387): +++ not scanning '/system/lib/libmedia_jni.so' for 'callUiCreatedCallback' (wrong CL)
D/dalvikvm(  387): +++ not scanning '/system/lib/libexif.so' for 'callUiCreatedCallback' (wrong CL)
D/dalvikvm(  387): +++ not scanning '/system/lib/libsrec_jni.so' for 'callUiCreatedCallback' (wrong CL)
I/APP     (  387): I 06/10/2012 23:20:31:397 00000183         AppCallbacks| addCommand: UI-CREATED
I/APP     (  387): I 06/10/2012 23:20:31:398 0000018f         AppCallbacks| Received command UI-CREATED which is greater than expected (LOCAL-SERVER-STARTED) - postpone it
I/APP     (  387): I 06/10/2012 23:20:31:399 0000018f         AppCallbacks| ThreadQueue blocked for 4294967295 seconds...
I/APP     (  387): I 06/10/2012 23:20:31:534 00000183       RhodesActivity| onServiceConnected: {com.rhomobile.placardejiujitsu/com.rhomobile.rhodes.RhodesService}
I/APP     (  387): I 06/10/2012 23:20:31:548 00000183       RhodesActivity| New start parameters: 
D/dalvikvm(  387): +++ not scanning '/system/lib/libwebcore.so' for 'canStartApp' (wrong CL)
D/dalvikvm(  387): +++ not scanning '/system/lib/libmedia_jni.so' for 'canStartApp' (wrong CL)
D/dalvikvm(  387): +++ not scanning '/system/lib/libexif.so' for 'canStartApp' (wrong CL)
D/dalvikvm(  387): +++ not scanning '/system/lib/libsrec_jni.so' for 'canStartApp' (wrong CL)
I/APP     (  387): I 06/10/2012 23:20:31:564 00000183            RhodesApp| New start params: 
I/APP     (  387): I 06/10/2012 23:20:31:970 00000190              RhoRuby| Init_RhoBlobs: /data/data/com.rhomobile.placardejiujitsu/rhodata/db/db-files
I/APP     (  387): I 06/10/2012 23:20:32:027 00000190              RhoRuby| require_compiled: rhoframework
I/APP     (  387): I 06/10/2012 23:20:32:104 00000190              RhoRuby| require_compiled: rational
I/APP     (  387): I 06/10/2012 23:20:32:122 00000190              RhoRuby| require_compiled: rhom/rhom_db_adapter
I/APP     (  264): I 06/10/2012 23:20:32:105 00000114           HttpServer| Process URI: '/system/deactivateapp'
I/APP     (  387): I 06/10/2012 23:20:32:248 00000190              RhoRuby| require_compiled: rhodes
I/APP     (  387): I 06/10/2012 23:20:32:258 00000190              RhoRuby| require_compiled: rhom/rhom_object
I/APP     (  387): I 06/10/2012 23:20:32:286 00000190              RhoRuby| require_compiled: rhofsconnector
I/APP     (  387): I 06/10/2012 23:20:32:294 00000190              RhoRuby| require_compiled: rho/rhofsconnector
I/ActivityManager(   53): Displayed activity com.rhomobile.placardejiujitsu/com.rhomobile.rhodes.RhodesActivity: 2962 ms (total 2962 ms)
I/APP     (  387): I 06/10/2012 23:20:32:408 00000190              RhoRuby| require_compiled: rhom/rhom_object_factory
I/APP     (  387): I 06/10/2012 23:20:33:238 00000190              RhoRuby| require_compiled: rhom/rhom
I/APP     (  387): I 06/10/2012 23:20:33:400 00000190              RhoRuby| require_compiled: rhom/rhom_model
I/APP     (  387): I 06/10/2012 23:20:33:537 00000190              RhoRuby| require_compiled: rhom
I/APP     (  387): I 06/10/2012 23:20:33:547 00000190              RhoRuby| require_compiled: rho/rhoapplication
I/APP     (  387): I 06/10/2012 23:20:33:634 00000190              RhoRuby| require_compiled: rholang/localization_simplified
I/APP     (  387): I 06/10/2012 23:20:33:711 00000190              RhoRuby| require_compiled: rho/rhomsg
I/APP     (  387): I 06/10/2012 23:20:33:726 00000190              RhoRuby| require_compiled: rho/rhotabbar
I/APP     (  387): I 06/10/2012 23:20:33:755 00000190              RhoRuby| require_compiled: rho/rhotoolbar
I/APP     (  387): I 06/10/2012 23:20:33:780 00000190                  APP| Current locale: ; Country code: 
I/APP     (  387): I 06/10/2012 23:20:33:785 00000190                  APP| Locilized file: /data/data/com.rhomobile.placardejiujitsu/rhodata/lib/rholang/lang_
I/APP     (  387): I 06/10/2012 23:20:33:789 00000190              RhoRuby| require_compiled: /data/data/com.rhomobile.placardejiujitsu/rhodata/lib/rholang/lang_en
I/APP     (  387): I 06/10/2012 23:20:33:805 00000190                  APP| Locilized file: /data/data/com.rhomobile.placardejiujitsu/rhodata/apps/app/lang/lang_
I/APP     (  387): I 06/10/2012 23:20:33:809 00000190                  APP| Locilized file: /data/data/com.rhomobile.placardejiujitsu/rhodata/lib/rholang/rhoerror_
I/APP     (  387): I 06/10/2012 23:20:33:812 00000190              RhoRuby| require_compiled: /data/data/com.rhomobile.placardejiujitsu/rhodata/lib/rholang/rhoerror_en
I/APP     (  387): I 06/10/2012 23:20:33:827 00000190                  APP| Locilized file: /data/data/com.rhomobile.placardejiujitsu/rhodata/lib/rholang/rhomsg_
I/APP     (  387): I 06/10/2012 23:20:33:830 00000190              RhoRuby| require_compiled: /data/data/com.rhomobile.placardejiujitsu/rhodata/lib/rholang/rhomsg_en
I/APP     (  387): I 06/10/2012 23:20:33:841 00000190              RhoRuby| require_compiled: indifferent_access
I/APP     (  387): I 06/10/2012 23:20:33:874 00000190              RhoRuby| require_compiled: rho/rhosupport
I/APP     (  387): I 06/10/2012 23:20:33:921 00000190              RhoRuby| require_compiled: rho/rhocontroller
I/APP     (  387): I 06/10/2012 23:20:33:957 00000190              RhoRuby| require_compiled: rho/render
I/APP     (  387): I 06/10/2012 23:20:34:018 00000190              RhoRuby| require_compiled: rho/rho
E/webcoreglue(  387): The real object has been deleted
D/webviewglue(  387): nativeDestroy view: 0x44da28
D/dalvikvm(  387): GC freed 2550 objects / 406768 bytes in 76ms
I/APP     (  264): I 06/10/2012 23:20:33:760 00000108       RhodesActivity| onStop
I/APP     (  387): I 06/10/2012 23:20:34:339 00000190              RhoRuby| require_compiled: rho/rhoerror
I/APP     (  387): I 06/10/2012 23:20:34:350 00000190              RhoRuby| require_compiled: rhom/rhom_source
I/APP     (  387): I 06/10/2012 23:20:34:393 00000190              RhoRuby| require_compiled: rho/rhoviewhelpers
I/APP     (  387): I 06/10/2012 23:20:34:424 00000190              RhoRuby| require_compiled: rho
I/APP     (  387): I 06/10/2012 23:20:34:429 00000190                  APP| RHO loaded
I/APP     (  387): I 06/10/2012 23:20:34:432 00000190                  APP| Calling RHO.initialize
I/APP     (  387): I 06/10/2012 23:20:34:440 00000190                   DB| Open DB: /data/data/com.rhomobile.placardejiujitsu/rhodata/db/syncdbuser.sqlite
I/APP     (  387): I 06/10/2012 23:20:34:457 00000190          GeoLocation| Creating singleton instance.
I/APP     (  387): I 06/10/2012 23:20:34:459 00000190            RhodesApp| Starting sync engine...
I/APP     (  387): I 06/10/2012 23:20:34:460 00000190                 Sync| sync_poll_interval: 0
I/APP     (  387): I 06/10/2012 23:20:34:461 00000190                 Sync| syncserver: 
I/APP     (  387): I 06/10/2012 23:20:34:463 00000190                 Sync| bulksync_state: 0
I/APP     (  387): I 06/10/2012 23:20:34:464 00000190            RhodesApp| RhoRubyInitApp...
I/APP     (  387): I 06/10/2012 23:20:34:468 00000190                  APP| init_app
I/APP     (  387): I 06/10/2012 23:20:34:470 00000190              RhoRuby| require_compiled: application
I/APP     (  387): I 06/10/2012 23:20:34:527 00000190                  APP| on_reinstall_config_update: {"LogToOutput"=>["0", "1"]}
I/APP     (  387): I 06/10/2012 23:20:34:534 00000190           HttpServer| Start HTTP server
I/APP     (  387): I 06/10/2012 23:20:34:537 00000190           HttpServer| Listen for connections on port 39754
I/APP     (  387): I 06/10/2012 23:20:34:538 00000190         AppCallbacks| addCommand: LOCAL-SERVER-STARTED
I/APP     (  387): I 06/10/2012 23:20:34:539 0000018f         AppCallbacks| process command: LOCAL-SERVER-STARTED
I/APP     (  387): I 06/10/2012 23:20:34:548 0000018f           AppStarted| Handlers have completed.
I/APP     (  387): I 06/10/2012 23:20:34:550 0000018f         AppActivated| Handlers have completed.
I/APP     (  387): I 06/10/2012 23:20:34:550 0000018f    RhodesApplication| New AppState: AppActivated
I/APP     (  387): I 06/10/2012 23:20:34:553 0000018f         AppCallbacks| process command: UI-CREATED
I/APP     (  387): I 06/10/2012 23:20:34:576 00000190           HttpServer| Process URI: '/system/uicreated'
I/APP     (  387): I 06/10/2012 23:20:34:582 00000190                  APP| on_ui_created.navigate to start url: '/app'
I/APP     (  387): I 06/10/2012 23:20:34:587 00000183         SplashScreen| navigate: url=http://localhost:39754/app
D/dalvikvm(  387): +++ not scanning '/system/lib/libwebcore.so' for 'howLongWaitMs' (wrong CL)
D/dalvikvm(  387): +++ not scanning '/system/lib/libmedia_jni.so' for 'howLongWaitMs' (wrong CL)
D/dalvikvm(  387): +++ not scanning '/system/lib/libexif.so' for 'howLongWaitMs' (wrong CL)
D/dalvikvm(  387): +++ not scanning '/system/lib/libsrec_jni.so' for 'howLongWaitMs' (wrong CL)
I/APP     (  387): I 06/10/2012 23:20:34:589 00000183         SplashScreen| DELAY for SplashScreen = 0
V/SimpleMainView(  387): ms[1339370434601] processForNativeView : [http://localhost:39754/app]
D/dalvikvm(  387): +++ not scanning '/system/lib/libwebcore.so' for 'getFactoryHandleByViewType' (wrong CL)
D/dalvikvm(  387): +++ not scanning '/system/lib/libmedia_jni.so' for 'getFactoryHandleByViewType' (wrong CL)
D/dalvikvm(  387): +++ not scanning '/system/lib/libexif.so' for 'getFactoryHandleByViewType' (wrong CL)
D/dalvikvm(  387): +++ not scanning '/system/lib/libsrec_jni.so' for 'getFactoryHandleByViewType' (wrong CL)
I/APP     (  387): I 06/10/2012 23:20:34:675 00000183       SimpleMainView| Cleared URL: http://localhost:39754/app
I/APP     (  387): I 06/10/2012 23:20:34:692 0000018f         AppCallbacks| process command: APP-ACTIVATED
V/SimpleMainView.View(  387): ms[1339370434727]  Main Window :: onSizeChanged() old [ 480 x 762 ]  new [ 0 x 0 ]
I/APP     (  387): I 06/10/2012 23:20:34:771 00000190           HttpServer| Process URI: '/system/activateapp'
I/APP     (  387): I 06/10/2012 23:20:34:799 0000018f         AppCallbacks| ThreadQueue blocked for 4294967295 seconds...
I/APP     (  387): I 06/10/2012 23:20:34:930 00000190           HttpServer| Process URI: '/app'
I/APP     (  387): I 06/10/2012 23:20:34:994 00000183     RhoWebViewClient| Loading URL: http://localhost:39754/app/index_erb.iseq
I/APP     (  387): I 06/10/2012 23:20:35:020 00000190           HttpServer| Process URI: '/app/index_erb.iseq'
I/APP     (  387): I 06/10/2012 23:20:35:033 00000190                  APP| RHO serve_index: /app/index_erb.iseq
I/APP     (  387): I 06/10/2012 23:20:35:047 00000190 RHO Rho::RhoController| inst_render_index
I/APP     (  387): I 06/10/2012 23:20:35:110 00000190 RHO Rho::RhoController| index layout
I/APP     (  387): I 06/10/2012 23:20:35:278 00000190           HttpServer| Process URI: '/public/jquery/jquery-1.6.4.min.js'
I/APP     (  387): I 06/10/2012 23:20:35:403 00000190           HttpServer| Process URI: '/public/jquery/jquery.json-2.3.min.js'
W/InputManagerService(   53): Starting input on non-focused client com.android.internal.view.IInputMethodClient$Stub$Proxy@44d4fcf0 (uid=10028 pid=264)
I/APP     (  387): I 06/10/2012 23:20:35:449 00000190           HttpServer| Process URI: '/public/jqmobile/jquery.mobile-1.0.1.min.css'
D/dalvikvm(  387): GC freed 1897 objects / 411272 bytes in 91ms
I/APP     (  387): I 06/10/2012 23:20:35:666 00000190           HttpServer| Process URI: '/public/css/jqmobile-patch.css'
I/APP     (  387): I 06/10/2012 23:20:35:713 00000190           HttpServer| Process URI: '/public/js/scoreboard.js'
I/APP     (  387): I 06/10/2012 23:20:35:775 00000190           HttpServer| Process URI: '/public/jqmobile/jquery.mobile-1.0.1.min.js'
I/APP     (  387): I 06/10/2012 23:20:35:864 00000190           HttpServer| Process URI: '/public/js/jqmobile-patch.js'
I/APP     (  387): I 06/10/2012 23:20:35:926 00000190           HttpServer| Process URI: '/public/css/android.css'
I/APP     (  387): I 06/10/2012 23:20:35:976 00000190           HttpServer| Process URI: '/public/css/layout.css'
I/APP     (  387): I 06/10/2012 23:20:42:328 00000190           HttpServer| Process URI: '/public/jqmobile/images/icons-18-white.png'
I/APP     (  387): I 06/10/2012 23:20:42:366 00000190           HttpServer| Process URI: '/public/jqmobile/images/icons-36-white.png'
D/dalvikvm(  264): GC freed 17895 objects / 436328 bytes in 4306ms
D/dalvikvm(  210): GC freed 44 objects / 2136 bytes in 2274ms
D/dalvikvm(  387): GC freed 12031 objects / 1228336 bytes in 149ms
D/dalvikvm(  264): GC freed 29373 objects / 706432 bytes in 169ms
D/AndroidRuntime(  411): 
D/AndroidRuntime(  411): >>>>>>>>>>>>>> AndroidRuntime START <<<<<<<<<<<<<<
D/AndroidRuntime(  411): CheckJNI is ON
D/AndroidRuntime(  411): --- registering native functions ---
D/PackageParser(   53): Scanning package: /data/app/vmdl32285.tmp
I/PackageManager(   53): Removing non-system package:com.rhomobile.placardejiujitsu
D/PackageManager(   53): Removing package com.rhomobile.placardejiujitsu
D/PackageManager(   53): Unregistered content provider: com.rhomobile.placardejiujitsu, className = com.rhomobile.rhodes.LocalFileProvider, isSyncable = false
D/PackageManager(   53):   Providers: com.rhomobile.rhodes.LocalFileProvider
D/PackageManager(   53):   Services: com.rhomobile.rhodes.RhodesService
D/PackageManager(   53):   Activities: com.rhomobile.rhodes.RhodesActivity com.rhomobile.rhodes.alert.PopupActivity com.rhomobile.rhodes.camera.FileList com.rhomobile.rhodes.camera.ImageCapture com.rhomobile.rhodes.signature.ImageCapture com.rhomobile.rhodes.datetime.DateTimePickerScreen com.rhomobile.rhodes.mapview.MapView com.rhomobile.rhodes.mapview.GoogleMapView com.rhomobile.rhodes.bluetooth.RhoBluetoothDeviceListActivity
D/dalvikvm(   53): GC freed 21781 objects / 1281664 bytes in 156ms
D/PackageManager(   53): Scanning package com.rhomobile.placardejiujitsu
I/PackageManager(   53): /data/app/vmdl32285.tmp changed; unpacking
D/PackageManager(   53): Caching shared lib lib/armeabi/librhodes.so
D/installd(   32): DexInv: --- BEGIN '/data/app/vmdl32285.tmp' ---
D/dalvikvm(  417): DexOpt: load 430ms, verify 763ms, opt 29ms
D/installd(   32): DexInv: --- END '/data/app/vmdl32285.tmp' (success) ---
D/ActivityManager(   53): Uninstalling process com.rhomobile.placardejiujitsu
D/ActivityManager(   53): Force removing process ProcessRecord{44f2ade8 387:com.rhomobile.placardejiujitsu/10029} (com.rhomobile.placardejiujitsu/10029)
W/ActivityManager(   53): Scheduling restart of crashed service com.rhomobile.placardejiujitsu/com.rhomobile.rhodes.RhodesService in 5000ms
D/PackageManager(   53): Registered content provider: com.rhomobile.placardejiujitsu, className = com.rhomobile.rhodes.LocalFileProvider, isSyncable = false
I/Process (   53): Sending signal. PID: 387 SIG: 9
I/UsageStats(   53): Unexpected resume of com.rhomobile.xdojoplacardejiujitsu while already resumed in com.rhomobile.placardejiujitsu
I/APP     (  264): I 06/10/2012 23:34:42:662 00000108            RhodesApp| callAppActiveCallback
I/APP     (  264): I 06/10/2012 23:34:42:758 00000108         AppCallbacks| addCommand: APP-ACTIVATED
I/APP     (  264): I 06/10/2012 23:34:42:761 00000113            RhodesApp| restart local server.
I/APP     (  264): I 06/10/2012 23:34:42:761 00000113           HttpServer| Stopping server...
I/APP     (  264): I 06/10/2012 23:34:42:773 00000114           HttpServer| Start HTTP server
I/APP     (  264): I 06/10/2012 23:34:42:777 00000114           HttpServer| Listen for connections on port 49631
I/APP     (  264): I 06/10/2012 23:34:42:777 00000114         AppCallbacks| addCommand: LOCAL-SERVER-STARTED
I/APP     (  264): I 06/10/2012 23:34:42:783 00000108         AppActivated| Handlers have completed.
I/APP     (  264): I 06/10/2012 23:34:42:788 00000108    RhodesApplication| New AppState: AppActivated
I/APP     (  264): I 06/10/2012 23:34:42:785 00000113         AppCallbacks| Received command APP-ACTIVATED which is greater than expected (LOCAL-SERVER-STARTED) - postpone it
I/APP     (  264): I 06/10/2012 23:34:42:793 00000113         AppCallbacks| process command: LOCAL-SERVER-STARTED
I/APP     (  264): I 06/10/2012 23:34:42:797 00000113           AppStarted| Handlers have completed.
I/APP     (  264): I 06/10/2012 23:34:42:789 00000108       RhodesActivity| onStart
I/APP     (  264): I 06/10/2012 23:34:42:808 00000108         AppActivated| Handlers have completed.
I/APP     (  264): I 06/10/2012 23:34:42:811 00000108    RhodesApplication| New UiState: MainActivityStarted
I/APP     (  264): I 06/10/2012 23:34:42:813 00000108       RhodesActivity| onResume
I/APP     (  264): I 06/10/2012 23:34:42:799 00000113         AppActivated| Handlers have completed.
I/APP     (  264): I 06/10/2012 23:34:42:818 00000113    RhodesApplication| New AppState: AppActivated
I/APP     (  264): I 06/10/2012 23:34:42:822 00000113         AppCallbacks| process command: APP-ACTIVATED
I/APP     (  264): I 06/10/2012 23:34:42:908 00000114           HttpServer| Process URI: '/system/activateapp'
I/APP     (  264): I 06/10/2012 23:34:42:934 00000113         AppCallbacks| ThreadQueue blocked for 4294967295 seconds...
I/APP     (  264): I 06/10/2012 23:34:42:956 00000113         AppCallbacks| ThreadQueue blocked for 4294967295 seconds...
D/PackageManager(   53):   Providers: com.rhomobile.rhodes.LocalFileProvider
D/PackageManager(   53):   Services: com.rhomobile.rhodes.RhodesService
D/PackageManager(   53):   Activities: com.rhomobile.rhodes.RhodesActivity com.rhomobile.rhodes.alert.PopupActivity com.rhomobile.rhodes.camera.FileList com.rhomobile.rhodes.camera.ImageCapture com.rhomobile.rhodes.signature.ImageCapture com.rhomobile.rhodes.datetime.DateTimePickerScreen com.rhomobile.rhodes.mapview.MapView com.rhomobile.rhodes.mapview.GoogleMapView com.rhomobile.rhodes.bluetooth.RhoBluetoothDeviceListActivity
E/ActivityThread(   53): Failed to find provider info for android.server.checkin
W/Checkin (   53): Can't log event SYSTEM_SERVICE_LOOPING: java.lang.IllegalArgumentException: Unknown URL content://android.server.checkin/events
W/WindowManager(   53): Rebuild removed 3 windows but added 2
D/ActivityManager(   53): Received spurious death notification for thread android.os.BinderProxy@44c5b888
I/WindowManager(   53): WIN DEATH: Window{44d79dd0 com.rhomobile.placardejiujitsu/com.rhomobile.rhodes.RhodesActivity paused=false}
I/installd(   32): move /data/dalvik-cache/data@app@vmdl32285.tmp@classes.dex -> /data/dalvik-cache/data@app@com.rhomobile.placardejiujitsu.apk@classes.dex
D/PackageManager(   53): New package installed in /data/app/com.rhomobile.placardejiujitsu.apk
D/AndroidRuntime(  411): Shutting down VM
D/dalvikvm(  411): DestroyJavaVM waiting for non-daemon threads to exit
D/dalvikvm(  411): DestroyJavaVM shutting VM down
D/dalvikvm(  411): HeapWorker thread shutting down
D/dalvikvm(  411): HeapWorker thread has shut down
D/jdwp    (  411): JDWP shutting down net...
I/jdwp    (  411): adbd disconnected
D/dalvikvm(  411): VM cleaning up
D/ActivityManager(   53): Uninstalling process com.rhomobile.placardejiujitsu
E/AndroidRuntime(  411): ERROR: thread attach failed
D/dalvikvm(  411): LinearAlloc 0x0 used 621708 of 5242880 (11%)
W/ResourceType(   53): Resources don't contain package for resource number 0x7f0700e5
W/ResourceType(   53): Resources don't contain package for resource number 0x7f020031
W/ResourceType(   53): Resources don't contain package for resource number 0x7f020030
W/ResourceType(   53): Resources don't contain package for resource number 0x7f050000
W/ResourceType(   53): Resources don't contain package for resource number 0x7f060000
W/ResourceType(   53): Resources don't contain package for resource number 0x7f060001
D/dalvikvm(   53): GC freed 11569 objects / 667064 bytes in 831ms
W/ResourceType(   53): Resources don't contain package for resource number 0x7f0700e5
W/ResourceType(   53): Resources don't contain package for resource number 0x7f020031
W/ResourceType(   53): Resources don't contain package for resource number 0x7f020030
W/ResourceType(   53): Resources don't contain package for resource number 0x7f050000
W/ResourceType(   53): Resources don't contain package for resource number 0x7f060000
W/ResourceType(   53): Resources don't contain package for resource number 0x7f060001
D/dalvikvm(   53): GC freed 2532 objects / 174552 bytes in 204ms
D/AndroidRuntime(  422): 
D/AndroidRuntime(  422): >>>>>>>>>>>>>> AndroidRuntime START <<<<<<<<<<<<<<
D/AndroidRuntime(  422): CheckJNI is ON
D/AndroidRuntime(  422): --- registering native functions ---
D/dalvikvm(   97): GC freed 2294 objects / 134552 bytes in 2243ms
I/ActivityManager(   53): Starting activity: Intent { act=android.intent.action.MAIN flg=0x10000000 cmp=com.rhomobile.placardejiujitsu/com.rhomobile.rhodes.RhodesActivity }
D/PhoneWindow(  264): couldn't save which view has focus because the focused view android.webkit.WebView@44eedb78 has no id.
I/APP     (  264): I 06/10/2012 23:34:47:612 00000108       RhodesActivity| onPause
D/AndroidRuntime(  422): Shutting down VM
D/dalvikvm(  422): DestroyJavaVM waiting for non-daemon threads to exit
D/dalvikvm(  422): DestroyJavaVM shutting VM down
D/dalvikvm(  422): HeapWorker thread shutting down
D/dalvikvm(  422): HeapWorker thread has shut down
D/jdwp    (  422): JDWP shutting down net...
I/jdwp    (  422): adbd disconnected
D/dalvikvm(  422): VM cleaning up
D/dalvikvm(  422): LinearAlloc 0x0 used 637292 of 5242880 (12%)
E/AndroidRuntime(  422): ERROR: thread attach failed
I/APP     (  264): I 06/10/2012 23:34:47:726 00000114           HttpServer| Process URI: '/system/uidestroyed'
I/APP     (  264): I 06/10/2012 23:34:47:805 00000108         AppActivated| Handlers have completed.
I/APP     (  264): I 06/10/2012 23:34:47:853 00000108    RhodesApplication| New UiState: MainActivityPaused
I/ActivityManager(   53): Start proc com.rhomobile.placardejiujitsu for activity com.rhomobile.placardejiujitsu/com.rhomobile.rhodes.RhodesActivity: pid=429 uid=10029 gids={3003}
I/APP     (  264): I 06/10/2012 23:34:48:334 00000108       AppDeactivated| Handlers have completed.
D/dalvikvm(  429): Trying to load lib /data/data/com.rhomobile.placardejiujitsu/lib/librhodes.so 0x44e8c9e0
D/dalvikvm(  429): Added shared lib /data/data/com.rhomobile.placardejiujitsu/lib/librhodes.so 0x44e8c9e0
I/ActivityThread(  429): Publishing provider com.rhomobile.placardejiujitsu: com.rhomobile.rhodes.LocalFileProvider
I/RhodesApplication(  429): Initializing...
D/dalvikvm(  429): +++ not scanning '/system/lib/libwebcore.so' for 'T' (wrong CL)
D/dalvikvm(  429): +++ not scanning '/system/lib/libmedia_jni.so' for 'T' (wrong CL)
D/dalvikvm(  429): +++ not scanning '/system/lib/libexif.so' for 'T' (wrong CL)
D/dalvikvm(  429): +++ not scanning '/system/lib/libsrec_jni.so' for 'T' (wrong CL)
D/dalvikvm(  429): +++ not scanning '/system/lib/libwebcore.so' for 'initClassLoader' (wrong CL)
D/dalvikvm(  429): +++ not scanning '/system/lib/libmedia_jni.so' for 'initClassLoader' (wrong CL)
D/dalvikvm(  429): +++ not scanning '/system/lib/libexif.so' for 'initClassLoader' (wrong CL)
D/dalvikvm(  429): +++ not scanning '/system/lib/libsrec_jni.so' for 'initClassLoader' (wrong CL)
D/RhoFileApi(  429): App root path: /data/data/com.rhomobile.placardejiujitsu/rhodata/
D/RhoFileApi(  429): Sqlite journals path: /data/data/com.rhomobile.placardejiujitsu/sqlite_stmt_journals/
D/dalvikvm(  429): +++ not scanning '/system/lib/libwebcore.so' for 'nativeInitPath' (wrong CL)
D/dalvikvm(  429): +++ not scanning '/system/lib/libmedia_jni.so' for 'nativeInitPath' (wrong CL)
D/dalvikvm(  429): +++ not scanning '/system/lib/libexif.so' for 'nativeInitPath' (wrong CL)
D/dalvikvm(  429): +++ not scanning '/system/lib/libsrec_jni.so' for 'nativeInitPath' (wrong CL)
D/RhodesApplication(  429): Root path: /data/data/com.rhomobile.placardejiujitsu/rhodata/
D/dalvikvm(  429): +++ not scanning '/system/lib/libwebcore.so' for 'nativeInit' (wrong CL)
D/dalvikvm(  429): +++ not scanning '/system/lib/libmedia_jni.so' for 'nativeInit' (wrong CL)
D/dalvikvm(  429): +++ not scanning '/system/lib/libexif.so' for 'nativeInit' (wrong CL)
D/dalvikvm(  429): +++ not scanning '/system/lib/libsrec_jni.so' for 'nativeInit' (wrong CL)
I/global  (  429): Default buffer size used in BufferedReader constructor. It would be better to be explicit if an 8k-char buffer is required.
D/dalvikvm(  429): +++ not scanning '/system/lib/libwebcore.so' for 'updateStatTable' (wrong CL)
D/dalvikvm(  429): +++ not scanning '/system/lib/libmedia_jni.so' for 'updateStatTable' (wrong CL)
D/dalvikvm(  429): +++ not scanning '/system/lib/libexif.so' for 'updateStatTable' (wrong CL)
D/dalvikvm(  429): +++ not scanning '/system/lib/libsrec_jni.so' for 'updateStatTable' (wrong CL)
I/RhodesApplication(  429): Application hash was changed
D/RhoFileApi(  429): App root path: /data/data/com.rhomobile.placardejiujitsu/rhodata/
D/RhoFileApi(  429): Sqlite journals path: /data/data/com.rhomobile.placardejiujitsu/sqlite_stmt_journals/
D/RhodesApplication(  429): Root path: /data/data/com.rhomobile.placardejiujitsu/rhodata/
I/global  (  429): Default buffer size used in BufferedReader constructor. It would be better to be explicit if an 8k-char buffer is required.
I/APP     (  264): I 06/10/2012 23:34:48:738 00000108    RhodesApplication| New AppState: AppDeactivated
D/RhoFileApi(  429): Copy hash to FS
D/RhoFileApi(  429): File hash copied
I/APP     (  264): I 06/10/2012 23:34:48:772 00000108        RhodesService| activityStopped() temporary release wakeLock object
D/dalvikvm(  429): +++ not scanning '/system/lib/libwebcore.so' for 'setupRhodesApp' (wrong CL)
D/dalvikvm(  429): +++ not scanning '/system/lib/libmedia_jni.so' for 'setupRhodesApp' (wrong CL)
D/dalvikvm(  429): +++ not scanning '/system/lib/libexif.so' for 'setupRhodesApp' (wrong CL)
D/dalvikvm(  429): +++ not scanning '/system/lib/libsrec_jni.so' for 'setupRhodesApp' (wrong CL)
I/APP     (  264): I 06/10/2012 23:34:48:834 00000108            RhodesApp| callAppActiveCallback
I/APP     (  264): I 06/10/2012 23:34:48:836 00000108         AppCallbacks| addCommand: APP-DEACTIVATED
I/RhodesApplication(  429): Initialized
D/dalvikvm(  429): +++ not scanning '/system/lib/libwebcore.so' for 'D' (wrong CL)
D/dalvikvm(  429): +++ not scanning '/system/lib/libmedia_jni.so' for 'D' (wrong CL)
D/dalvikvm(  429): +++ not scanning '/system/lib/libexif.so' for 'D' (wrong CL)
D/dalvikvm(  429): +++ not scanning '/system/lib/libsrec_jni.so' for 'D' (wrong CL)
I/APP     (  429): I 06/10/2012 23:34:48:901 000001ad         BaseActivity| Resources orientation: 1
I/APP     (  429): I 06/10/2012 23:34:48:909 000001ad         BaseActivity| New screen properties - width: 480, height: 800, orientation: 1
D/dalvikvm(  429): +++ not scanning '/system/lib/libwebcore.so' for 'I' (wrong CL)
D/dalvikvm(  429): +++ not scanning '/system/lib/libmedia_jni.so' for 'I' (wrong CL)
D/dalvikvm(  429): +++ not scanning '/system/lib/libexif.so' for 'I' (wrong CL)
D/dalvikvm(  429): +++ not scanning '/system/lib/libsrec_jni.so' for 'I' (wrong CL)
I/APP     (  429): I 06/10/2012 23:34:48:913 000001ad               Camera| Camera capability is not enabled !
I/APP     (  429): I 06/10/2012 23:34:48:914 000001ad               Camera| Camera capability is not enabled !
D/dalvikvm(  429): +++ not scanning '/system/lib/libwebcore.so' for 'isTitleEnabled' (wrong CL)
D/dalvikvm(  429): +++ not scanning '/system/lib/libmedia_jni.so' for 'isTitleEnabled' (wrong CL)
D/dalvikvm(  429): +++ not scanning '/system/lib/libexif.so' for 'isTitleEnabled' (wrong CL)
D/dalvikvm(  429): +++ not scanning '/system/lib/libsrec_jni.so' for 'isTitleEnabled' (wrong CL)
I/APP     (  264): I 06/10/2012 23:34:48:943 00000113         AppCallbacks| process command: APP-DEACTIVATED
I/APP     (  264): I 06/10/2012 23:34:48:963 00000113         AppCallbacks| ThreadQueue blocked for 4294967295 seconds...
D/dalvikvm(  429): GC freed 5094 objects / 341864 bytes in 132ms
D/dalvikvm(  429): +++ not scanning '/system/lib/libwebcore.so' for 'getBool' (wrong CL)
D/dalvikvm(  429): +++ not scanning '/system/lib/libmedia_jni.so' for 'getBool' (wrong CL)
D/dalvikvm(  429): +++ not scanning '/system/lib/libexif.so' for 'getBool' (wrong CL)
D/dalvikvm(  429): +++ not scanning '/system/lib/libsrec_jni.so' for 'getBool' (wrong CL)
I/APP     (  429): I 06/10/2012 23:34:49:533 000001ad            Undefined| Handlers have completed.
I/APP     (  429): I 06/10/2012 23:34:49:555 000001ad    RhodesApplication| New UiState: MainActivityCreated
I/APP     (  429): I 06/10/2012 23:34:49:557 000001ad       RhodesActivity| onStart
I/APP     (  429): I 06/10/2012 23:34:49:560 000001ad            Undefined| Handlers have completed.
I/APP     (  429): I 06/10/2012 23:34:49:561 000001ad    RhodesApplication| New UiState: MainActivityStarted
I/APP     (  429): I 06/10/2012 23:34:49:565 000001ad       RhodesActivity| onResume
I/APP     (  429): I 06/10/2012 23:34:49:606 000001ad        RhodesService| onCreate
I/APP     (  429): I 06/10/2012 23:34:49:637 000001ad    LocalFileProvider| Revoke URI permissions: content:///com.rhomobile.placardejiujitsu
